Archive member included to satisfy reference by file (symbol)

d:/hummingbird/hbird-eclipse_2018_09/gnu mcu eclipse/risc-v embedded gcc/7.2.0-4-20180606-1631/bin/../lib/gcc/riscv-none-embed/7.2.0/rv32im/ilp32\libgcc.a(muldf3.o)
                              ./src/uart.o (__muldf3)
d:/hummingbird/hbird-eclipse_2018_09/gnu mcu eclipse/risc-v embedded gcc/7.2.0-4-20180606-1631/bin/../lib/gcc/riscv-none-embed/7.2.0/rv32im/ilp32\libgcc.a(subdf3.o)
                              ./src/uart.o (__subdf3)
d:/hummingbird/hbird-eclipse_2018_09/gnu mcu eclipse/risc-v embedded gcc/7.2.0-4-20180606-1631/bin/../lib/gcc/riscv-none-embed/7.2.0/rv32im/ilp32\libgcc.a(fixdfsi.o)
                              ./src/uart.o (__fixdfsi)
d:/hummingbird/hbird-eclipse_2018_09/gnu mcu eclipse/risc-v embedded gcc/7.2.0-4-20180606-1631/bin/../lib/gcc/riscv-none-embed/7.2.0/rv32im/ilp32\libgcc.a(floatunsidf.o)
                              ./src/uart.o (__floatunsidf)
d:/hummingbird/hbird-eclipse_2018_09/gnu mcu eclipse/risc-v embedded gcc/7.2.0-4-20180606-1631/bin/../lib/gcc/riscv-none-embed/7.2.0/rv32im/ilp32\libgcc.a(_clzsi2.o)
                              d:/hummingbird/hbird-eclipse_2018_09/gnu mcu eclipse/risc-v embedded gcc/7.2.0-4-20180606-1631/bin/../lib/gcc/riscv-none-embed/7.2.0/rv32im/ilp32\libgcc.a(muldf3.o) (__clzsi2)
d:/hummingbird/hbird-eclipse_2018_09/gnu mcu eclipse/risc-v embedded gcc/7.2.0-4-20180606-1631/bin/../lib/gcc/riscv-none-embed/7.2.0/rv32im/ilp32\libgcc.a(_clz.o)
                              d:/hummingbird/hbird-eclipse_2018_09/gnu mcu eclipse/risc-v embedded gcc/7.2.0-4-20180606-1631/bin/../lib/gcc/riscv-none-embed/7.2.0/rv32im/ilp32\libgcc.a(_clzsi2.o) (__clz_tab)
d:/hummingbird/hbird-eclipse_2018_09/gnu mcu eclipse/risc-v embedded gcc/7.2.0-4-20180606-1631/bin/../lib/gcc/riscv-none-embed/7.2.0/../../../../riscv-none-embed/lib/rv32im/ilp32\libg.a(lib_a-memcpy.o)
                              ./src/nes/InfoNES_system.o (memcpy)
d:/hummingbird/hbird-eclipse_2018_09/gnu mcu eclipse/risc-v embedded gcc/7.2.0-4-20180606-1631/bin/../lib/gcc/riscv-none-embed/7.2.0/../../../../riscv-none-embed/lib/rv32im/ilp32\libg.a(lib_a-memset.o)
                              ./src/nes/InfoNES_system.o (memset)
d:/hummingbird/hbird-eclipse_2018_09/gnu mcu eclipse/risc-v embedded gcc/7.2.0-4-20180606-1631/bin/../lib/gcc/riscv-none-embed/7.2.0/../../../../riscv-none-embed/lib/rv32im/ilp32\libg.a(lib_a-rand.o)
                              ./src/snake.o (rand)
d:/hummingbird/hbird-eclipse_2018_09/gnu mcu eclipse/risc-v embedded gcc/7.2.0-4-20180606-1631/bin/../lib/gcc/riscv-none-embed/7.2.0/../../../../riscv-none-embed/lib/rv32im/ilp32\libg.a(lib_a-impure.o)
                              d:/hummingbird/hbird-eclipse_2018_09/gnu mcu eclipse/risc-v embedded gcc/7.2.0-4-20180606-1631/bin/../lib/gcc/riscv-none-embed/7.2.0/../../../../riscv-none-embed/lib/rv32im/ilp32\libg.a(lib_a-rand.o) (_impure_ptr)

Memory Configuration

Name             Origin             Length             Attributes
SMEM             0x0000000000010000 0x0000000000030000 xr
RAM              0x0000000000000000 0x0000000000010000 xrw
//FLASH          0x0000000000100000 0x0000000000400000 xr
//RAM            0x0000000000000000 0x0000000000000400 xrw
*default*        0x0000000000000000 0xffffffffffffffff

Linker script and memory map

LOAD ./src/nes/InfoNES.o
LOAD ./src/nes/InfoNES_Mapper.o
LOAD ./src/nes/InfoNES_pAPU.o
LOAD ./src/nes/InfoNES_system.o
LOAD ./src/nes/K6502.o
LOAD ./src/nes/rom.o
LOAD ./src/main.o
LOAD ./src/snake.o
LOAD ./src/start.o
LOAD ./src/uart.o
LOAD d:/hummingbird/hbird-eclipse_2018_09/gnu mcu eclipse/risc-v embedded gcc/7.2.0-4-20180606-1631/bin/../lib/gcc/riscv-none-embed/7.2.0/rv32im/ilp32\libgcc.a
START GROUP
LOAD d:/hummingbird/hbird-eclipse_2018_09/gnu mcu eclipse/risc-v embedded gcc/7.2.0-4-20180606-1631/bin/../lib/gcc/riscv-none-embed/7.2.0/rv32im/ilp32\libgcc.a
LOAD d:/hummingbird/hbird-eclipse_2018_09/gnu mcu eclipse/risc-v embedded gcc/7.2.0-4-20180606-1631/bin/../lib/gcc/riscv-none-embed/7.2.0/../../../../riscv-none-embed/lib/rv32im/ilp32\libg.a
LOAD d:/hummingbird/hbird-eclipse_2018_09/gnu mcu eclipse/risc-v embedded gcc/7.2.0-4-20180606-1631/bin/../lib/gcc/riscv-none-embed/7.2.0/../../../../riscv-none-embed/lib/rv32im/ilp32\libc.a
END GROUP
LOAD d:/hummingbird/hbird-eclipse_2018_09/gnu mcu eclipse/risc-v embedded gcc/7.2.0-4-20180606-1631/bin/../lib/gcc/riscv-none-embed/7.2.0/rv32im/ilp32\libgcc.a

.text           0x0000000000010000    0x2c3a4
                0x0000000000010000                . = ALIGN (0x4)
 *(.text)
 .text          0x0000000000010000        0x0 ./src/nes/InfoNES.o
 .text          0x0000000000010000        0x0 ./src/nes/InfoNES_Mapper.o
 .text          0x0000000000010000        0x0 ./src/nes/InfoNES_pAPU.o
 .text          0x0000000000010000        0x0 ./src/nes/InfoNES_system.o
 .text          0x0000000000010000        0x0 ./src/nes/K6502.o
 .text          0x0000000000010000        0x0 ./src/nes/rom.o
 .text          0x0000000000010000        0x0 ./src/main.o
 .text          0x0000000000010000        0x0 ./src/snake.o
 .text          0x0000000000010000       0xcc ./src/start.o
 .text          0x00000000000100cc        0x0 ./src/uart.o
 .text          0x00000000000100cc        0x0 d:/hummingbird/hbird-eclipse_2018_09/gnu mcu eclipse/risc-v embedded gcc/7.2.0-4-20180606-1631/bin/../lib/gcc/riscv-none-embed/7.2.0/rv32im/ilp32\libgcc.a(muldf3.o)
 .text          0x00000000000100cc        0x0 d:/hummingbird/hbird-eclipse_2018_09/gnu mcu eclipse/risc-v embedded gcc/7.2.0-4-20180606-1631/bin/../lib/gcc/riscv-none-embed/7.2.0/rv32im/ilp32\libgcc.a(subdf3.o)
 .text          0x00000000000100cc        0x0 d:/hummingbird/hbird-eclipse_2018_09/gnu mcu eclipse/risc-v embedded gcc/7.2.0-4-20180606-1631/bin/../lib/gcc/riscv-none-embed/7.2.0/rv32im/ilp32\libgcc.a(fixdfsi.o)
 .text          0x00000000000100cc        0x0 d:/hummingbird/hbird-eclipse_2018_09/gnu mcu eclipse/risc-v embedded gcc/7.2.0-4-20180606-1631/bin/../lib/gcc/riscv-none-embed/7.2.0/rv32im/ilp32\libgcc.a(floatunsidf.o)
 .text          0x00000000000100cc        0x0 d:/hummingbird/hbird-eclipse_2018_09/gnu mcu eclipse/risc-v embedded gcc/7.2.0-4-20180606-1631/bin/../lib/gcc/riscv-none-embed/7.2.0/rv32im/ilp32\libgcc.a(_clzsi2.o)
 .text          0x00000000000100cc        0x0 d:/hummingbird/hbird-eclipse_2018_09/gnu mcu eclipse/risc-v embedded gcc/7.2.0-4-20180606-1631/bin/../lib/gcc/riscv-none-embed/7.2.0/rv32im/ilp32\libgcc.a(_clz.o)
 .text          0x00000000000100cc        0x0 d:/hummingbird/hbird-eclipse_2018_09/gnu mcu eclipse/risc-v embedded gcc/7.2.0-4-20180606-1631/bin/../lib/gcc/riscv-none-embed/7.2.0/../../../../riscv-none-embed/lib/rv32im/ilp32\libg.a(lib_a-memcpy.o)
 .text          0x00000000000100cc       0xdc d:/hummingbird/hbird-eclipse_2018_09/gnu mcu eclipse/risc-v embedded gcc/7.2.0-4-20180606-1631/bin/../lib/gcc/riscv-none-embed/7.2.0/../../../../riscv-none-embed/lib/rv32im/ilp32\libg.a(lib_a-memset.o)
                0x00000000000100cc                memset
 .text          0x00000000000101a8        0x0 d:/hummingbird/hbird-eclipse_2018_09/gnu mcu eclipse/risc-v embedded gcc/7.2.0-4-20180606-1631/bin/../lib/gcc/riscv-none-embed/7.2.0/../../../../riscv-none-embed/lib/rv32im/ilp32\libg.a(lib_a-rand.o)
 .text          0x00000000000101a8        0x0 d:/hummingbird/hbird-eclipse_2018_09/gnu mcu eclipse/risc-v embedded gcc/7.2.0-4-20180606-1631/bin/../lib/gcc/riscv-none-embed/7.2.0/../../../../riscv-none-embed/lib/rv32im/ilp32\libg.a(lib_a-impure.o)
 *(.text*)
 .text.InfoNES_Init
                0x00000000000101a8       0x56 ./src/nes/InfoNES.o
                0x00000000000101a8                InfoNES_Init
 .text.InfoNES_Fin
                0x00000000000101fe        0x4 ./src/nes/InfoNES.o
                0x00000000000101fe                InfoNES_Fin
 .text.InfoNES_SetupPPU
                0x0000000000010202      0x164 ./src/nes/InfoNES.o
                0x0000000000010202                InfoNES_SetupPPU
 .text.InfoNES_Reset
                0x0000000000010366      0x112 ./src/nes/InfoNES.o
                0x0000000000010366                InfoNES_Reset
 .text.InfoNES_Load
                0x0000000000010478       0x26 ./src/nes/InfoNES.o
                0x0000000000010478                InfoNES_Load
 .text.InfoNES_Mirroring
                0x000000000001049e       0x46 ./src/nes/InfoNES.o
                0x000000000001049e                InfoNES_Mirroring
 .text.InfoNES_DrawLine
                0x00000000000104e4      0x5ec ./src/nes/InfoNES.o
                0x00000000000104e4                InfoNES_DrawLine
 .text.InfoNES_GetSprHitY
                0x0000000000010ad0       0xec ./src/nes/InfoNES.o
                0x0000000000010ad0                InfoNES_GetSprHitY
 .text.InfoNES_HSync
                0x0000000000010bbc      0x1b6 ./src/nes/InfoNES.o
                0x0000000000010bbc                InfoNES_HSync
 .text.InfoNES_Cycle
                0x0000000000010d72      0x11e ./src/nes/InfoNES.o
                0x0000000000010d72                InfoNES_Cycle
 .text.InfoNES_Main
                0x0000000000010e90       0x22 ./src/nes/InfoNES.o
                0x0000000000010e90                InfoNES_Main
 .text.Map0_Write
                0x0000000000010eb2        0x2 ./src/nes/InfoNES_Mapper.o
                0x0000000000010eb2                Map0_Write
 .text.Map0_ReadApu
                0x0000000000010eb4        0x4 ./src/nes/InfoNES_Mapper.o
                0x0000000000010eb4                Map0_ReadApu
 .text.Map0_VSync
                0x0000000000010eb8        0x2 ./src/nes/InfoNES_Mapper.o
                0x0000000000010eb8                Map0_VSync
 .text.Map0_PPU
                0x0000000000010eba        0x2 ./src/nes/InfoNES_Mapper.o
                0x0000000000010eba                Map0_PPU
 .text.Map0_RenderScreen
                0x0000000000010ebc        0x2 ./src/nes/InfoNES_Mapper.o
                0x0000000000010ebc                Map0_RenderScreen
 .text.Map2_Write
                0x0000000000010ebe       0x2e ./src/nes/InfoNES_Mapper.o
                0x0000000000010ebe                Map2_Write
 .text.Map3_Write
                0x0000000000010eec       0x6c ./src/nes/InfoNES_Mapper.o
                0x0000000000010eec                Map3_Write
 .text.Map4_HSync
                0x0000000000010f58       0xb4 ./src/nes/InfoNES_Mapper.o
                0x0000000000010f58                Map4_HSync
 .text.Map8_Write
                0x000000000001100c       0xaa ./src/nes/InfoNES_Mapper.o
                0x000000000001100c                Map8_Write
 .text.Map9_PPU
                0x00000000000110b6      0x13c ./src/nes/InfoNES_Mapper.o
                0x00000000000110b6                Map9_PPU
 .text.Map10_PPU
                0x00000000000111f2      0x13c ./src/nes/InfoNES_Mapper.o
                0x00000000000111f2                Map10_PPU
 .text.Map11_Write
                0x000000000001132e       0xfc ./src/nes/InfoNES_Mapper.o
                0x000000000001132e                Map11_Write
 .text.Map13_Write
                0x000000000001142a       0x96 ./src/nes/InfoNES_Mapper.o
                0x000000000001142a                Map13_Write
 .text.Map21_HSync
                0x00000000000114c0       0x50 ./src/nes/InfoNES_Mapper.o
                0x00000000000114c0                Map21_HSync
 .text.Map34_Write
                0x0000000000011510       0x48 ./src/nes/InfoNES_Mapper.o
                0x0000000000011510                Map34_Write
 .text.Map34_Sram
                0x0000000000011558       0xf8 ./src/nes/InfoNES_Mapper.o
                0x0000000000011558                Map34_Sram
 .text.Map66_Write
                0x0000000000011650       0xc2 ./src/nes/InfoNES_Mapper.o
                0x0000000000011650                Map66_Write
 .text.Map72_Write
                0x0000000000011712       0xb0 ./src/nes/InfoNES_Mapper.o
                0x0000000000011712                Map72_Write
 .text.Map73_Write
                0x00000000000117c2       0xd4 ./src/nes/InfoNES_Mapper.o
                0x00000000000117c2                Map73_Write
 .text.Map74_HSync
                0x0000000000011896       0xb4 ./src/nes/InfoNES_Mapper.o
                0x0000000000011896                Map74_HSync
 .text.Map77_Write
                0x000000000001194a       0x80 ./src/nes/InfoNES_Mapper.o
                0x000000000001194a                Map77_Write
 .text.Map79_Apu
                0x00000000000119ca       0xc4 ./src/nes/InfoNES_Mapper.o
                0x00000000000119ca                Map79_Apu
 .text.Map83_ReadApu
                0x0000000000011a8e       0x1a ./src/nes/InfoNES_Mapper.o
                0x0000000000011a8e                Map83_ReadApu
 .text.Map83_Apu
                0x0000000000011aa8       0x1c ./src/nes/InfoNES_Mapper.o
                0x0000000000011aa8                Map83_Apu
 .text.Map90_Apu
                0x0000000000011ac4       0x1e ./src/nes/InfoNES_Mapper.o
                0x0000000000011ac4                Map90_Apu
 .text.Map91_Sram
                0x0000000000011ae2      0x132 ./src/nes/InfoNES_Mapper.o
                0x0000000000011ae2                Map91_Sram
 .text.Map92_Write
                0x0000000000011c14       0xda ./src/nes/InfoNES_Mapper.o
                0x0000000000011c14                Map92_Write
 .text.Map99_Apu
                0x0000000000011cee      0x104 ./src/nes/InfoNES_Mapper.o
                0x0000000000011cee                Map99_Apu
 .text.Map99_ReadApu
                0x0000000000011df2       0x16 ./src/nes/InfoNES_Mapper.o
                0x0000000000011df2                Map99_ReadApu
 .text.Map101_Write
                0x0000000000011e08       0x72 ./src/nes/InfoNES_Mapper.o
                0x0000000000011e08                Map101_Write
 .text.Map107_Write
                0x0000000000011e7a       0xf4 ./src/nes/InfoNES_Mapper.o
                0x0000000000011e7a                Map107_Write
 .text.Map108_Write
                0x0000000000011f6e       0x1e ./src/nes/InfoNES_Mapper.o
                0x0000000000011f6e                Map108_Write
 .text.Map117_Write
                0x0000000000011f8c      0x1c6 ./src/nes/InfoNES_Mapper.o
                0x0000000000011f8c                Map117_Write
 .text.Map140_Apu
                0x0000000000012152      0x114 ./src/nes/InfoNES_Mapper.o
                0x0000000000012152                Map140_Apu
 .text.Map140_Sram
                0x0000000000012266        0x2 ./src/nes/InfoNES_Mapper.o
                0x0000000000012266                Map140_Sram
 .text.Map151_Write
                0x0000000000012268      0x124 ./src/nes/InfoNES_Mapper.o
                0x0000000000012268                Map151_Write
 .text.Map160_Write
                0x000000000001238c      0x26c ./src/nes/InfoNES_Mapper.o
                0x000000000001238c                Map160_Write
 .text.Map160_HSync
                0x00000000000125f8      0x41a ./src/nes/InfoNES_Mapper.o
                0x00000000000125f8                Map160_HSync
 .text.Map180_Write
                0x0000000000012a12       0x2e ./src/nes/InfoNES_Mapper.o
                0x0000000000012a12                Map180_Write
 .text.Map187_ReadApu
                0x0000000000012a40       0x18 ./src/nes/InfoNES_Mapper.o
                0x0000000000012a40                Map187_ReadApu
 .text.Map187_HSync
                0x0000000000012a58       0x5e ./src/nes/InfoNES_Mapper.o
                0x0000000000012a58                Map187_HSync
 .text.Map193_Sram
                0x0000000000012ab6      0x12c ./src/nes/InfoNES_Mapper.o
                0x0000000000012ab6                Map193_Sram
 .text.Map194_Write
                0x0000000000012be2        0x4 ./src/nes/InfoNES_Mapper.o
                0x0000000000012be2                Map194_Write
 .text.Map201_Write
                0x0000000000012be6      0x118 ./src/nes/InfoNES_Mapper.o
                0x0000000000012be6                Map201_Write
 .text.Map222_Write
                0x0000000000012cfe      0x184 ./src/nes/InfoNES_Mapper.o
                0x0000000000012cfe                Map222_Write
 .text.Map232_Write
                0x0000000000012e82       0x96 ./src/nes/InfoNES_Mapper.o
                0x0000000000012e82                Map232_Write
 .text.Map242_Write
                0x0000000000012f18       0x60 ./src/nes/InfoNES_Mapper.o
                0x0000000000012f18                Map242_Write
 .text.Map245_HSync
                0x0000000000012f78       0x6c ./src/nes/InfoNES_Mapper.o
                0x0000000000012f78                Map245_HSync
 .text.Map248_Sram
                0x0000000000012fe4       0x4e ./src/nes/InfoNES_Mapper.o
                0x0000000000012fe4                Map248_Sram
 .text.Map248_Apu
                0x0000000000013032        0x2 ./src/nes/InfoNES_Mapper.o
                0x0000000000013032                Map248_Apu
 .text.Map249_HSync
                0x0000000000013034       0x6c ./src/nes/InfoNES_Mapper.o
                0x0000000000013034                Map249_HSync
 .text.Map252_HSync
                0x00000000000130a0       0x58 ./src/nes/InfoNES_Mapper.o
                0x00000000000130a0                Map252_HSync
 .text.Map255_Apu
                0x00000000000130f8       0x1c ./src/nes/InfoNES_Mapper.o
                0x00000000000130f8                Map255_Apu
 .text.Map255_ReadApu
                0x0000000000013114       0x20 ./src/nes/InfoNES_Mapper.o
                0x0000000000013114                Map255_ReadApu
 .text.Map0_Init
                0x0000000000013134      0x128 ./src/nes/InfoNES_Mapper.o
                0x0000000000013134                Map0_Init
 .text.Map2_Init
                0x000000000001325c       0xc6 ./src/nes/InfoNES_Mapper.o
                0x000000000001325c                Map2_Init
 .text.Map3_Init
                0x0000000000013322      0x10a ./src/nes/InfoNES_Mapper.o
                0x0000000000013322                Map3_Init
 .text.Map7_Init
                0x000000000001342c       0xbc ./src/nes/InfoNES_Mapper.o
                0x000000000001342c                Map7_Init
 .text.Map8_Init
                0x00000000000134e8       0xe0 ./src/nes/InfoNES_Mapper.o
                0x00000000000134e8                Map8_Init
 .text.Map9_Init
                0x00000000000135c8      0x10e ./src/nes/InfoNES_Mapper.o
                0x00000000000135c8                Map9_Init
 .text.Map10_Init
                0x00000000000136d6      0x10a ./src/nes/InfoNES_Mapper.o
                0x00000000000136d6                Map10_Init
 .text.Map13_Init
                0x00000000000137e0       0xee ./src/nes/InfoNES_Mapper.o
                0x00000000000137e0                Map13_Init
 .text.Map15_Init
                0x00000000000138ce       0xbc ./src/nes/InfoNES_Mapper.o
                0x00000000000138ce                Map15_Init
 .text.Map16_Init
                0x000000000001398a       0xe0 ./src/nes/InfoNES_Mapper.o
                0x000000000001398a                Map16_Init
 .text.Map17_Init
                0x0000000000013a6a       0xfe ./src/nes/InfoNES_Mapper.o
                0x0000000000013a6a                Map17_Init
 .text.Map18_Init
                0x0000000000013b68       0xf0 ./src/nes/InfoNES_Mapper.o
                0x0000000000013b68                Map18_Init
 .text.Map21_Init
                0x0000000000013c58       0xf6 ./src/nes/InfoNES_Mapper.o
                0x0000000000013c58                Map21_Init
 .text.Map22_Init
                0x0000000000013d4e       0xec ./src/nes/InfoNES_Mapper.o
                0x0000000000013d4e                Map22_Init
 .text.Map23_Init
                0x0000000000013e3a      0x11c ./src/nes/InfoNES_Mapper.o
                0x0000000000013e3a                Map23_Init
 .text.Map24_Init
                0x0000000000013f56       0xc6 ./src/nes/InfoNES_Mapper.o
                0x0000000000013f56                Map24_Init
 .text.Map25_Init
                0x000000000001401c       0xde ./src/nes/InfoNES_Mapper.o
                0x000000000001401c                Map25_Init
 .text.Map26_Init
                0x00000000000140fa       0xf8 ./src/nes/InfoNES_Mapper.o
                0x00000000000140fa                Map26_Init
 .text.Map32_Init
                0x00000000000141f2       0xf2 ./src/nes/InfoNES_Mapper.o
                0x00000000000141f2                Map32_Init
 .text.Map33_Init
                0x00000000000142e4      0x11c ./src/nes/InfoNES_Mapper.o
                0x00000000000142e4                Map33_Init
 .text.Map34_Init
                0x0000000000014400       0xec ./src/nes/InfoNES_Mapper.o
                0x0000000000014400                Map34_Init
 .text.Map40_Init
                0x00000000000144ec       0xec ./src/nes/InfoNES_Mapper.o
                0x00000000000144ec                Map40_Init
 .text.Map41_Init
                0x00000000000145d8       0xe0 ./src/nes/InfoNES_Mapper.o
                0x00000000000145d8                Map41_Init
 .text.Map42_Init
                0x00000000000146b8       0xf2 ./src/nes/InfoNES_Mapper.o
                0x00000000000146b8                Map42_Init
 .text.Map43_Init
                0x00000000000147aa       0xee ./src/nes/InfoNES_Mapper.o
                0x00000000000147aa                Map43_Init
 .text.Map45_Init
                0x0000000000014898      0x194 ./src/nes/InfoNES_Mapper.o
                0x0000000000014898                Map45_Init
 .text.Map48_Init
                0x0000000000014a2c       0xfe ./src/nes/InfoNES_Mapper.o
                0x0000000000014a2c                Map48_Init
 .text.Map49_Init
                0x0000000000014b2a      0x134 ./src/nes/InfoNES_Mapper.o
                0x0000000000014b2a                Map49_Init
 .text.Map50_Init
                0x0000000000014c5e      0x10a ./src/nes/InfoNES_Mapper.o
                0x0000000000014c5e                Map50_Init
 .text.Map57_Init
                0x0000000000014d68       0xde ./src/nes/InfoNES_Mapper.o
                0x0000000000014d68                Map57_Init
 .text.Map58_Init
                0x0000000000014e46       0xd8 ./src/nes/InfoNES_Mapper.o
                0x0000000000014e46                Map58_Init
 .text.Map60_Init
                0x0000000000014f1e       0xe0 ./src/nes/InfoNES_Mapper.o
                0x0000000000014f1e                Map60_Init
 .text.Map61_Init
                0x0000000000014ffe       0xc6 ./src/nes/InfoNES_Mapper.o
                0x0000000000014ffe                Map61_Init
 .text.Map62_Init
                0x00000000000150c4       0xe0 ./src/nes/InfoNES_Mapper.o
                0x00000000000150c4                Map62_Init
 .text.Map64_Init
                0x00000000000151a4       0xf6 ./src/nes/InfoNES_Mapper.o
                0x00000000000151a4                Map64_Init
 .text.Map65_Init
                0x000000000001529a       0xec ./src/nes/InfoNES_Mapper.o
                0x000000000001529a                Map65_Init
 .text.Map66_Init
                0x0000000000015386       0xda ./src/nes/InfoNES_Mapper.o
                0x0000000000015386                Map66_Init
 .text.Map67_Init
                0x0000000000015460      0x148 ./src/nes/InfoNES_Mapper.o
                0x0000000000015460                Map67_Init
 .text.Map68_Init
                0x00000000000155a8       0xcc ./src/nes/InfoNES_Mapper.o
                0x00000000000155a8                Map68_Init
 .text.Map69_Init
                0x0000000000015674       0xf8 ./src/nes/InfoNES_Mapper.o
                0x0000000000015674                Map69_Init
 .text.Map70_Init
                0x000000000001576c       0xc6 ./src/nes/InfoNES_Mapper.o
                0x000000000001576c                Map70_Init
 .text.Map71_Init
                0x0000000000015832       0xc6 ./src/nes/InfoNES_Mapper.o
                0x0000000000015832                Map71_Init
 .text.Map72_Init
                0x00000000000158f8       0xec ./src/nes/InfoNES_Mapper.o
                0x00000000000158f8                Map72_Init
 .text.Map73_Init
                0x00000000000159e4       0xd2 ./src/nes/InfoNES_Mapper.o
                0x00000000000159e4                Map73_Init
 .text.Map75_Init
                0x0000000000015ab6       0xf6 ./src/nes/InfoNES_Mapper.o
                0x0000000000015ab6                Map75_Init
 .text.Map76_Init
                0x0000000000015bac       0xec ./src/nes/InfoNES_Mapper.o
                0x0000000000015bac                Map76_Init
 .text.Map77_Init
                0x0000000000015c98       0xc4 ./src/nes/InfoNES_Mapper.o
                0x0000000000015c98                Map77_Init
 .text.Map78_Init
                0x0000000000015d5c       0xec ./src/nes/InfoNES_Mapper.o
                0x0000000000015d5c                Map78_Init
 .text.Map79_Init
                0x0000000000015e48       0xe0 ./src/nes/InfoNES_Mapper.o
                0x0000000000015e48                Map79_Init
 .text.Map80_Init
                0x0000000000015f28       0xec ./src/nes/InfoNES_Mapper.o
                0x0000000000015f28                Map80_Init
 .text.Map83_Init
                0x0000000000016014      0x146 ./src/nes/InfoNES_Mapper.o
                0x0000000000016014                Map83_Init
 .text.Map86_Init
                0x000000000001615a       0xe0 ./src/nes/InfoNES_Mapper.o
                0x000000000001615a                Map86_Init
 .text.Map87_Init
                0x000000000001623a       0xe0 ./src/nes/InfoNES_Mapper.o
                0x000000000001623a                Map87_Init
 .text.Map88_Init
                0x000000000001631a       0xec ./src/nes/InfoNES_Mapper.o
                0x000000000001631a                Map88_Init
 .text.Map89_Init
                0x0000000000016406       0xec ./src/nes/InfoNES_Mapper.o
                0x0000000000016406                Map89_Init
 .text.Map90_Init
                0x00000000000164f2      0x16e ./src/nes/InfoNES_Mapper.o
                0x00000000000164f2                Map90_Init
 .text.Map92_Init
                0x0000000000016660       0xec ./src/nes/InfoNES_Mapper.o
                0x0000000000016660                Map92_Init
 .text.Map93_Init
                0x000000000001674c       0xec ./src/nes/InfoNES_Mapper.o
                0x000000000001674c                Map93_Init
 .text.Map94_Init
                0x0000000000016838       0xc6 ./src/nes/InfoNES_Mapper.o
                0x0000000000016838                Map94_Init
 .text.Map97_Init
                0x00000000000168fe       0xee ./src/nes/InfoNES_Mapper.o
                0x00000000000168fe                Map97_Init
 .text.Map99_Init
                0x00000000000169ec      0x12e ./src/nes/InfoNES_Mapper.o
                0x00000000000169ec                Map99_Init
 .text.Map101_Init
                0x0000000000016b1a       0xda ./src/nes/InfoNES_Mapper.o
                0x0000000000016b1a                Map101_Init
 .text.Map105_Init
                0x0000000000016bf4       0xe6 ./src/nes/InfoNES_Mapper.o
                0x0000000000016bf4                Map105_Init
 .text.Map107_Init
                0x0000000000016cda       0xec ./src/nes/InfoNES_Mapper.o
                0x0000000000016cda                Map107_Init
 .text.Map108_Init
                0x0000000000016dc6       0xde ./src/nes/InfoNES_Mapper.o
                0x0000000000016dc6                Map108_Init
 .text.Map110_Init
                0x0000000000016ea4       0xec ./src/nes/InfoNES_Mapper.o
                0x0000000000016ea4                Map110_Init
 .text.Map113_Init
                0x0000000000016f90       0xe0 ./src/nes/InfoNES_Mapper.o
                0x0000000000016f90                Map113_Init
 .text.Map117_Init
                0x0000000000017070      0x100 ./src/nes/InfoNES_Mapper.o
                0x0000000000017070                Map117_Init
 .text.Map122_Init
                0x0000000000017170       0xbc ./src/nes/InfoNES_Mapper.o
                0x0000000000017170                Map122_Init
 .text.Map133_Init
                0x000000000001722c       0xe0 ./src/nes/InfoNES_Mapper.o
                0x000000000001722c                Map133_Init
 .text.Map134_Init
                0x000000000001730c       0xe0 ./src/nes/InfoNES_Mapper.o
                0x000000000001730c                Map134_Init
 .text.Map140_Init
                0x00000000000173ec       0xe0 ./src/nes/InfoNES_Mapper.o
                0x00000000000173ec                Map140_Init
 .text.Map151_Init
                0x00000000000174cc       0xec ./src/nes/InfoNES_Mapper.o
                0x00000000000174cc                Map151_Init
 .text.Map160_Init
                0x00000000000175b8       0xde ./src/nes/InfoNES_Mapper.o
                0x00000000000175b8                Map160_Init
 .text.Map180_Init
                0x0000000000017696       0xe0 ./src/nes/InfoNES_Mapper.o
                0x0000000000017696                Map180_Init
 .text.Map181_Init
                0x0000000000017776       0xe0 ./src/nes/InfoNES_Mapper.o
                0x0000000000017776                Map181_Init
 .text.Map182_Init
                0x0000000000017856       0xfe ./src/nes/InfoNES_Mapper.o
                0x0000000000017856                Map182_Init
 .text.Map183_Init
                0x0000000000017954      0x112 ./src/nes/InfoNES_Mapper.o
                0x0000000000017954                Map183_Init
 .text.Map185_Init
                0x0000000000017a66       0xd2 ./src/nes/InfoNES_Mapper.o
                0x0000000000017a66                Map185_Init
 .text.Map189_Init
                0x0000000000017b38       0xfe ./src/nes/InfoNES_Mapper.o
                0x0000000000017b38                Map189_Init
 .text.Map193_Init
                0x0000000000017c36       0xf6 ./src/nes/InfoNES_Mapper.o
                0x0000000000017c36                Map193_Init
 .text.Map194_Init
                0x0000000000017d2c       0xd0 ./src/nes/InfoNES_Mapper.o
                0x0000000000017d2c                Map194_Init
 .text.Map200_Init
                0x0000000000017dfc       0xd8 ./src/nes/InfoNES_Mapper.o
                0x0000000000017dfc                Map200_Init
 .text.Map201_Init
                0x0000000000017ed4       0xd8 ./src/nes/InfoNES_Mapper.o
                0x0000000000017ed4                Map201_Init
 .text.Map202_Init
                0x0000000000017fac       0xe4 ./src/nes/InfoNES_Mapper.o
                0x0000000000017fac                Map202_Init
 .text.Map225_Init
                0x0000000000018090       0xe0 ./src/nes/InfoNES_Mapper.o
                0x0000000000018090                Map225_Init
 .text.Map226_Init
                0x0000000000018170       0xc2 ./src/nes/InfoNES_Mapper.o
                0x0000000000018170                Map226_Init
 .text.Map227_Init
                0x0000000000018232       0xb4 ./src/nes/InfoNES_Mapper.o
                0x0000000000018232                Map227_Init
 .text.Map228_Init
                0x00000000000182e6       0xe0 ./src/nes/InfoNES_Mapper.o
                0x00000000000182e6                Map228_Init
 .text.Map229_Init
                0x00000000000183c6       0xe0 ./src/nes/InfoNES_Mapper.o
                0x00000000000183c6                Map229_Init
 .text.Map230_Init
                0x00000000000184a6      0x112 ./src/nes/InfoNES_Mapper.o
                0x00000000000184a6                Map230_Init
 .text.Map231_Init
                0x00000000000185b8       0xe0 ./src/nes/InfoNES_Mapper.o
                0x00000000000185b8                Map231_Init
 .text.Map232_Init
                0x0000000000018698       0xce ./src/nes/InfoNES_Mapper.o
                0x0000000000018698                Map232_Init
 .text.Map233_Init
                0x0000000000018766       0xbc ./src/nes/InfoNES_Mapper.o
                0x0000000000018766                Map233_Init
 .text.Map234_Init
                0x0000000000018822       0xc2 ./src/nes/InfoNES_Mapper.o
                0x0000000000018822                Map234_Init
 .text.Map236_Init
                0x00000000000188e4       0xd2 ./src/nes/InfoNES_Mapper.o
                0x00000000000188e4                Map236_Init
 .text.Map240_Init
                0x00000000000189b6       0xec ./src/nes/InfoNES_Mapper.o
                0x00000000000189b6                Map240_Init
 .text.Map241_Init
                0x0000000000018aa2       0xe0 ./src/nes/InfoNES_Mapper.o
                0x0000000000018aa2                Map241_Init
 .text.Map242_Init
                0x0000000000018b82       0xbc ./src/nes/InfoNES_Mapper.o
                0x0000000000018b82                Map242_Init
 .text.Map243_Init
                0x0000000000018c3e       0xe6 ./src/nes/InfoNES_Mapper.o
                0x0000000000018c3e                Map243_Init
 .text.Map244_Init
                0x0000000000018d24       0xbc ./src/nes/InfoNES_Mapper.o
                0x0000000000018d24                Map244_Init
 .text.Map245_Init
                0x0000000000018de0      0x128 ./src/nes/InfoNES_Mapper.o
                0x0000000000018de0                Map245_Init
 .text.Map246_Init
                0x0000000000018f08       0xc6 ./src/nes/InfoNES_Mapper.o
                0x0000000000018f08                Map246_Init
 .text.Map249_Init
                0x0000000000018fce      0x11a ./src/nes/InfoNES_Mapper.o
                0x0000000000018fce                Map249_Init
 .text.Map252_Init
                0x00000000000190e8      0x120 ./src/nes/InfoNES_Mapper.o
                0x00000000000190e8                Map252_Init
 .text.Map7_Write
                0x0000000000019208       0x52 ./src/nes/InfoNES_Mapper.o
                0x0000000000019208                Map7_Write
 .text.Map9_Write
                0x000000000001925a      0x166 ./src/nes/InfoNES_Mapper.o
                0x000000000001925a                Map9_Write
 .text.Map10_Write
                0x00000000000193c0      0x176 ./src/nes/InfoNES_Mapper.o
                0x00000000000193c0                Map10_Write
 .text.Map11_Init
                0x0000000000019536       0xee ./src/nes/InfoNES_Mapper.o
                0x0000000000019536                Map11_Init
 .text.Map15_Write
                0x0000000000019624      0x136 ./src/nes/InfoNES_Mapper.o
                0x0000000000019624                Map15_Write
 .text.Map16_Write
                0x000000000001975a      0x1a6 ./src/nes/InfoNES_Mapper.o
                0x000000000001975a                Map16_Write
 .text.Map17_Apu
                0x0000000000019900      0x258 ./src/nes/InfoNES_Mapper.o
                0x0000000000019900                Map17_Apu
 .text.Map18_Write
                0x0000000000019b58      0x630 ./src/nes/InfoNES_Mapper.o
                0x0000000000019b58                Map18_Write
 .text.Map21_Write
                0x000000000001a188      0x544 ./src/nes/InfoNES_Mapper.o
                0x000000000001a188                Map21_Write
 .text.Map22_Write
                0x000000000001a6cc      0x1c0 ./src/nes/InfoNES_Mapper.o
                0x000000000001a6cc                Map22_Write
 .text.Map23_Write
                0x000000000001a88c      0x5b8 ./src/nes/InfoNES_Mapper.o
                0x000000000001a88c                Map23_Write
 .text.Map24_Write
                0x000000000001ae44      0x22a ./src/nes/InfoNES_Mapper.o
                0x000000000001ae44                Map24_Write
 .text.Map26_Write
                0x000000000001b06e      0x21e ./src/nes/InfoNES_Mapper.o
                0x000000000001b06e                Map26_Write
 .text.Map33_Write
                0x000000000001b28c      0x1f8 ./src/nes/InfoNES_Mapper.o
                0x000000000001b28c                Map33_Write
 .text.Map48_Write
                0x000000000001b484      0x1d0 ./src/nes/InfoNES_Mapper.o
                0x000000000001b484                Map48_Write
 .text.Map57_Write
                0x000000000001b654      0x212 ./src/nes/InfoNES_Mapper.o
                0x000000000001b654                Map57_Write
 .text.Map58_Write
                0x000000000001b866      0x136 ./src/nes/InfoNES_Mapper.o
                0x000000000001b866                Map58_Write
 .text.Map60_Write
                0x000000000001b99c      0x11e ./src/nes/InfoNES_Mapper.o
                0x000000000001b99c                Map60_Write
 .text.Map61_Write
                0x000000000001baba       0xe4 ./src/nes/InfoNES_Mapper.o
                0x000000000001baba                Map61_Write
 .text.Map65_Write
                0x000000000001bb9e      0x208 ./src/nes/InfoNES_Mapper.o
                0x000000000001bb9e                Map65_Write
 .text.Map67_Write
                0x000000000001bda6      0x1ae ./src/nes/InfoNES_Mapper.o
                0x000000000001bda6                Map67_Write
 .text.Map70_Write
                0x000000000001bf54       0xbe ./src/nes/InfoNES_Mapper.o
                0x000000000001bf54                Map70_Write
 .text.Map75_Write
                0x000000000001c012      0x1dc ./src/nes/InfoNES_Mapper.o
                0x000000000001c012                Map75_Write
 .text.Map78_Write
                0x000000000001c1ee       0xd6 ./src/nes/InfoNES_Mapper.o
                0x000000000001c1ee                Map78_Write
 .text.Map80_Sram
                0x000000000001c2c4      0x178 ./src/nes/InfoNES_Mapper.o
                0x000000000001c2c4                Map80_Sram
 .text.Map82_Init
                0x000000000001c43c       0xfa ./src/nes/InfoNES_Mapper.o
                0x000000000001c43c                Map82_Init
 .text.Map82_Sram
                0x000000000001c536      0x1f4 ./src/nes/InfoNES_Mapper.o
                0x000000000001c536                Map82_Sram
 .text.Map83_Write
                0x000000000001c72a      0x510 ./src/nes/InfoNES_Mapper.o
                0x000000000001c72a                Map83_Write
 .text.Map91_Init
                0x000000000001cc3a       0xf8 ./src/nes/InfoNES_Mapper.o
                0x000000000001cc3a                Map91_Init
 .text.Map105_Write
                0x000000000001cd32      0x232 ./src/nes/InfoNES_Mapper.o
                0x000000000001cd32                Map105_Write
 .text.Map134_Apu
                0x000000000001cf64      0x1e8 ./src/nes/InfoNES_Mapper.o
                0x000000000001cf64                Map134_Apu
 .text.Map183_Write
                0x000000000001d14c      0x58c ./src/nes/InfoNES_Mapper.o
                0x000000000001d14c                Map183_Write
 .text.Map200_Write
                0x000000000001d6d8       0xf2 ./src/nes/InfoNES_Mapper.o
                0x000000000001d6d8                Map200_Write
 .text.Map222_Init
                0x000000000001d7ca       0xfa ./src/nes/InfoNES_Mapper.o
                0x000000000001d7ca                Map222_Init
 .text.Map225_Write
                0x000000000001d8c4      0x1a0 ./src/nes/InfoNES_Mapper.o
                0x000000000001d8c4                Map225_Write
 .text.Map226_Write
                0x000000000001da64      0x114 ./src/nes/InfoNES_Mapper.o
                0x000000000001da64                Map226_Write
 .text.Map227_Write
                0x000000000001db78      0x11c ./src/nes/InfoNES_Mapper.o
                0x000000000001db78                Map227_Write
 .text.Map228_Write
                0x000000000001dc94      0x178 ./src/nes/InfoNES_Mapper.o
                0x000000000001dc94                Map228_Write
 .text.Map229_Write
                0x000000000001de0c      0x178 ./src/nes/InfoNES_Mapper.o
                0x000000000001de0c                Map229_Write
 .text.Map231_Write
                0x000000000001df84       0x90 ./src/nes/InfoNES_Mapper.o
                0x000000000001df84                Map231_Write
 .text.Map233_Write
                0x000000000001e014       0xc6 ./src/nes/InfoNES_Mapper.o
                0x000000000001e014                Map233_Write
 .text.Map236_Write
                0x000000000001e0da      0x1ae ./src/nes/InfoNES_Mapper.o
                0x000000000001e0da                Map236_Write
 .text.Map245_Write
                0x000000000001e288      0x174 ./src/nes/InfoNES_Mapper.o
                0x000000000001e288                Map245_Write
 .text.Map249_Write
                0x000000000001e3fc      0x516 ./src/nes/InfoNES_Mapper.o
                0x000000000001e3fc                Map249_Write
 .text.Map251_Init
                0x000000000001e912       0xf0 ./src/nes/InfoNES_Mapper.o
                0x000000000001e912                Map251_Init
 .text.Map255_Init
                0x000000000001ea02       0xf4 ./src/nes/InfoNES_Mapper.o
                0x000000000001ea02                Map255_Init
 .text.Map255_Write
                0x000000000001eaf6      0x196 ./src/nes/InfoNES_Mapper.o
                0x000000000001eaf6                Map255_Write
 .text.Map25_Write
                0x000000000001ec8c      0x210 ./src/nes/InfoNES_Mapper.o
                0x000000000001ec8c                Map25_Write
 .text.Map16_HSync
                0x000000000001ee9c       0x34 ./src/nes/InfoNES_Mapper.o
                0x000000000001ee9c                Map16_HSync
 .text.Map17_HSync
                0x000000000001eed0       0x36 ./src/nes/InfoNES_Mapper.o
                0x000000000001eed0                Map17_HSync
 .text.Map18_HSync
                0x000000000001ef06       0x38 ./src/nes/InfoNES_Mapper.o
                0x000000000001ef06                Map18_HSync
 .text.Map24_HSync
                0x000000000001ef3e       0x36 ./src/nes/InfoNES_Mapper.o
                0x000000000001ef3e                Map24_HSync
 .text.Map25_HSync
                0x000000000001ef74       0x32 ./src/nes/InfoNES_Mapper.o
                0x000000000001ef74                Map25_HSync
 .text.Map26_HSync
                0x000000000001efa6       0x3e ./src/nes/InfoNES_Mapper.o
                0x000000000001efa6                Map26_HSync
 .text.Map40_Write
                0x000000000001efe4       0x54 ./src/nes/InfoNES_Mapper.o
                0x000000000001efe4                Map40_Write
 .text.Map40_HSync
                0x000000000001f038       0x1e ./src/nes/InfoNES_Mapper.o
                0x000000000001f038                Map40_HSync
 .text.Map41_Write
                0x000000000001f056       0x8a ./src/nes/InfoNES_Mapper.o
                0x000000000001f056                Map41_Write
 .text.Map42_HSync
                0x000000000001f0e0       0x3e ./src/nes/InfoNES_Mapper.o
                0x000000000001f0e0                Map42_HSync
 .text.Map43_ReadApu
                0x000000000001f11e       0x24 ./src/nes/InfoNES_Mapper.o
                0x000000000001f11e                Map43_ReadApu
 .text.Map43_Apu
                0x000000000001f142       0x74 ./src/nes/InfoNES_Mapper.o
                0x000000000001f142                Map43_Apu
 .text.Map43_Write
                0x000000000001f1b6       0x28 ./src/nes/InfoNES_Mapper.o
                0x000000000001f1b6                Map43_Write
 .text.Map43_HSync
                0x000000000001f1de       0x30 ./src/nes/InfoNES_Mapper.o
                0x000000000001f1de                Map43_HSync
 .text.Map44_HSync
                0x000000000001f20e       0x46 ./src/nes/InfoNES_Mapper.o
                0x000000000001f20e                Map44_HSync
 .text.Map45_HSync
                0x000000000001f254       0x46 ./src/nes/InfoNES_Mapper.o
                0x000000000001f254                Map45_HSync
 .text.Map47_HSync
                0x000000000001f29a       0x48 ./src/nes/InfoNES_Mapper.o
                0x000000000001f29a                Map47_HSync
 .text.Map48_HSync
                0x000000000001f2e2       0x4a ./src/nes/InfoNES_Mapper.o
                0x000000000001f2e2                Map48_HSync
 .text.Map49_HSync
                0x000000000001f32c       0x46 ./src/nes/InfoNES_Mapper.o
                0x000000000001f32c                Map49_HSync
 .text.Map50_Apu
                0x000000000001f372       0x56 ./src/nes/InfoNES_Mapper.o
                0x000000000001f372                Map50_Apu
 .text.Map50_HSync
                0x000000000001f3c8       0x1e ./src/nes/InfoNES_Mapper.o
                0x000000000001f3c8                Map50_HSync
 .text.Map62_Write
                0x000000000001f3e6      0x11a ./src/nes/InfoNES_Mapper.o
                0x000000000001f3e6                Map62_Write
 .text.Map65_HSync
                0x000000000001f500       0x36 ./src/nes/InfoNES_Mapper.o
                0x000000000001f500                Map65_HSync
 .text.Map67_HSync
                0x000000000001f536       0x4e ./src/nes/InfoNES_Mapper.o
                0x000000000001f536                Map67_HSync
 .text.Map69_HSync
                0x000000000001f584       0x2c ./src/nes/InfoNES_Mapper.o
                0x000000000001f584                Map69_HSync
 .text.Map73_HSync
                0x000000000001f5b0       0x36 ./src/nes/InfoNES_Mapper.o
                0x000000000001f5b0                Map73_HSync
 .text.Map76_Write
                0x000000000001f5e6      0x12c ./src/nes/InfoNES_Mapper.o
                0x000000000001f5e6                Map76_Write
 .text.Map83_HSync
                0x000000000001f712       0x30 ./src/nes/InfoNES_Mapper.o
                0x000000000001f712                Map83_HSync
 .text.Map86_Sram
                0x000000000001f742       0xd4 ./src/nes/InfoNES_Mapper.o
                0x000000000001f742                Map86_Sram
 .text.Map87_Sram
                0x000000000001f816       0x7c ./src/nes/InfoNES_Mapper.o
                0x000000000001f816                Map87_Sram
 .text.Map90_ReadApu
                0x000000000001f892       0x20 ./src/nes/InfoNES_Mapper.o
                0x000000000001f892                Map90_ReadApu
 .text.Map90_HSync
                0x000000000001f8b2       0x4a ./src/nes/InfoNES_Mapper.o
                0x000000000001f8b2                Map90_HSync
 .text.Map93_Sram
                0x000000000001f8fc       0x38 ./src/nes/InfoNES_Mapper.o
                0x000000000001f8fc                Map93_Sram
 .text.Map94_Write
                0x000000000001f934       0x3e ./src/nes/InfoNES_Mapper.o
                0x000000000001f934                Map94_Write
 .text.Map100_HSync
                0x000000000001f972       0x46 ./src/nes/InfoNES_Mapper.o
                0x000000000001f972                Map100_HSync
 .text.Map105_HSync
                0x000000000001f9b8       0x40 ./src/nes/InfoNES_Mapper.o
                0x000000000001f9b8                Map105_HSync
 .text.Map110_Apu
                0x000000000001f9f8      0x2b6 ./src/nes/InfoNES_Mapper.o
                0x000000000001f9f8                Map110_Apu
 .text.Map112_HSync
                0x000000000001fcae       0x46 ./src/nes/InfoNES_Mapper.o
                0x000000000001fcae                Map112_HSync
 .text.Map113_Apu.part.38
                0x000000000001fcf4       0xde ./src/nes/InfoNES_Mapper.o
 .text.Map113_Apu
                0x000000000001fdd2       0x30 ./src/nes/InfoNES_Mapper.o
                0x000000000001fdd2                Map113_Apu
 .text.Map113_Write
                0x000000000001fe02       0x1a ./src/nes/InfoNES_Mapper.o
                0x000000000001fe02                Map113_Write
 .text.Map114_HSync
                0x000000000001fe1c       0x46 ./src/nes/InfoNES_Mapper.o
                0x000000000001fe1c                Map114_HSync
 .text.Map115_HSync
                0x000000000001fe62       0x46 ./src/nes/InfoNES_Mapper.o
                0x000000000001fe62                Map115_HSync
 .text.Map116_HSync
                0x000000000001fea8       0x46 ./src/nes/InfoNES_Mapper.o
                0x000000000001fea8                Map116_HSync
 .text.Map117_HSync
                0x000000000001feee       0x32 ./src/nes/InfoNES_Mapper.o
                0x000000000001feee                Map117_HSync
 .text.Map118_HSync
                0x000000000001ff20       0x46 ./src/nes/InfoNES_Mapper.o
                0x000000000001ff20                Map118_HSync
 .text.Map119_HSync
                0x000000000001ff66       0x46 ./src/nes/InfoNES_Mapper.o
                0x000000000001ff66                Map119_HSync
 .text.Map122_Sram
                0x000000000001ffac       0x7e ./src/nes/InfoNES_Mapper.o
                0x000000000001ffac                Map122_Sram
 .text.Map133_Apu
                0x000000000002002a      0x102 ./src/nes/InfoNES_Mapper.o
                0x000000000002002a                Map133_Apu
 .text.Map181_Apu
                0x000000000002012c      0x108 ./src/nes/InfoNES_Mapper.o
                0x000000000002012c                Map181_Apu
 .text.Map182_HSync
                0x0000000000020234       0x46 ./src/nes/InfoNES_Mapper.o
                0x0000000000020234                Map182_HSync
 .text.Map183_HSync
                0x000000000002027a       0x2e ./src/nes/InfoNES_Mapper.o
                0x000000000002027a                Map183_HSync
 .text.Map185_Write
                0x00000000000202a8       0x72 ./src/nes/InfoNES_Mapper.o
                0x00000000000202a8                Map185_Write
 .text.Map189_Apu
                0x000000000002031a       0x6c ./src/nes/InfoNES_Mapper.o
                0x000000000002031a                Map189_Apu
 .text.Map189_Write
                0x0000000000020386      0x18c ./src/nes/InfoNES_Mapper.o
                0x0000000000020386                Map189_Write
 .text.Map189_HSync
                0x0000000000020512       0x48 ./src/nes/InfoNES_Mapper.o
                0x0000000000020512                Map189_HSync
 .text.Map240_Apu
                0x000000000002055a      0x114 ./src/nes/InfoNES_Mapper.o
                0x000000000002055a                Map240_Apu
 .text.Map241_Write
                0x000000000002066e       0x5e ./src/nes/InfoNES_Mapper.o
                0x000000000002066e                Map241_Write
 .text.Map243_Apu
                0x00000000000206cc      0x204 ./src/nes/InfoNES_Mapper.o
                0x00000000000206cc                Map243_Apu
 .text.Map244_Write
                0x00000000000208d0       0xe8 ./src/nes/InfoNES_Mapper.o
                0x00000000000208d0                Map244_Write
 .text.Map246_Sram
                0x00000000000209b8      0x194 ./src/nes/InfoNES_Mapper.o
                0x00000000000209b8                Map246_Sram
 .text.Map248_HSync
                0x0000000000020b4c       0x46 ./src/nes/InfoNES_Mapper.o
                0x0000000000020b4c                Map248_HSync
 .text.Map249_Apu
                0x0000000000020b92       0x24 ./src/nes/InfoNES_Mapper.o
                0x0000000000020b92                Map249_Apu
 .text.Map252_Write
                0x0000000000020bb6      0x4d4 ./src/nes/InfoNES_Mapper.o
                0x0000000000020bb6                Map252_Write
 .text.Map32_Write
                0x000000000002108a       0xa6 ./src/nes/InfoNES_Mapper.o
                0x000000000002108a                Map32_Write
 .text.Map41_Sram
                0x0000000000021130       0x7e ./src/nes/InfoNES_Mapper.o
                0x0000000000021130                Map41_Sram
 .text.Map42_Write
                0x00000000000211ae       0x68 ./src/nes/InfoNES_Mapper.o
                0x00000000000211ae                Map42_Write
 .text.Map64_Write
                0x0000000000021216      0x230 ./src/nes/InfoNES_Mapper.o
                0x0000000000021216                Map64_Write
 .text.Map69_Write
                0x0000000000021446      0x10e ./src/nes/InfoNES_Mapper.o
                0x0000000000021446                Map69_Write
 .text.Map71_Write
                0x0000000000021554       0x6a ./src/nes/InfoNES_Mapper.o
                0x0000000000021554                Map71_Write
 .text.Map88_Write
                0x00000000000215be      0x17e ./src/nes/InfoNES_Mapper.o
                0x00000000000215be                Map88_Write
 .text.Map89_Write
                0x000000000002173c       0xee ./src/nes/InfoNES_Mapper.o
                0x000000000002173c                Map89_Write
 .text.Map97_Write
                0x000000000002182a       0x4a ./src/nes/InfoNES_Mapper.o
                0x000000000002182a                Map97_Write
 .text.Map182_Write
                0x0000000000021874      0x190 ./src/nes/InfoNES_Mapper.o
                0x0000000000021874                Map182_Write
 .text.Map230_Write
                0x0000000000021a04       0xe0 ./src/nes/InfoNES_Mapper.o
                0x0000000000021a04                Map230_Write
 .text.Map248_Set_PPU_Banks.part.100
                0x0000000000021ae4       0xc2 ./src/nes/InfoNES_Mapper.o
 .text.Map0_Sram
                0x0000000000021ba6        0x2 ./src/nes/InfoNES_Mapper.o
                0x0000000000021ba6                Map0_Sram
 .text.Map0_Apu
                0x0000000000021ba8        0x2 ./src/nes/InfoNES_Mapper.o
                0x0000000000021ba8                Map0_Apu
 .text.Map0_HSync
                0x0000000000021baa        0x2 ./src/nes/InfoNES_Mapper.o
                0x0000000000021baa                Map0_HSync
 .text.Map1_set_ROM_banks
                0x0000000000021bac       0x7a ./src/nes/InfoNES_Mapper.o
                0x0000000000021bac                Map1_set_ROM_banks
 .text.Map1_Init
                0x0000000000021c26      0x13c ./src/nes/InfoNES_Mapper.o
                0x0000000000021c26                Map1_Init
 .text.Map1_Write
                0x0000000000021d62      0x3b2 ./src/nes/InfoNES_Mapper.o
                0x0000000000021d62                Map1_Write
 .text.Map4_Set_CPU_Banks
                0x0000000000022114       0x78 ./src/nes/InfoNES_Mapper.o
                0x0000000000022114                Map4_Set_CPU_Banks
 .text.Map4_Set_PPU_Banks
                0x000000000002218c      0x10e ./src/nes/InfoNES_Mapper.o
                0x000000000002218c                Map4_Set_PPU_Banks
 .text.Map4_Init
                0x000000000002229a      0x13e ./src/nes/InfoNES_Mapper.o
                0x000000000002229a                Map4_Init
 .text.Map4_Write
                0x00000000000223d8      0x1b0 ./src/nes/InfoNES_Mapper.o
                0x00000000000223d8                Map4_Write
 .text.Map23_HSync
                0x0000000000022588       0x50 ./src/nes/InfoNES_Mapper.o
                0x0000000000022588                Map23_HSync
 .text.Map25_Sync_Vrom
                0x00000000000225d8       0x48 ./src/nes/InfoNES_Mapper.o
                0x00000000000225d8                Map25_Sync_Vrom
 .text.Map33_HSync
                0x0000000000022620       0x50 ./src/nes/InfoNES_Mapper.o
                0x0000000000022620                Map33_HSync
 .text.Map44_Set_CPU_Banks
                0x0000000000022670       0x8c ./src/nes/InfoNES_Mapper.o
                0x0000000000022670                Map44_Set_CPU_Banks
 .text.Map44_Set_PPU_Banks
                0x00000000000226fc       0xd6 ./src/nes/InfoNES_Mapper.o
                0x00000000000226fc                Map44_Set_PPU_Banks
 .text.Map44_Init
                0x00000000000227d2      0x132 ./src/nes/InfoNES_Mapper.o
                0x00000000000227d2                Map44_Init
 .text.Map44_Write
                0x0000000000022904      0x1c6 ./src/nes/InfoNES_Mapper.o
                0x0000000000022904                Map44_Write
 .text.Map45_Set_CPU_Bank4
                0x0000000000022aca       0x42 ./src/nes/InfoNES_Mapper.o
                0x0000000000022aca                Map45_Set_CPU_Bank4
 .text.Map45_Set_CPU_Bank5
                0x0000000000022b0c       0x42 ./src/nes/InfoNES_Mapper.o
                0x0000000000022b0c                Map45_Set_CPU_Bank5
 .text.Map45_Set_CPU_Bank6
                0x0000000000022b4e       0x42 ./src/nes/InfoNES_Mapper.o
                0x0000000000022b4e                Map45_Set_CPU_Bank6
 .text.Map45_Set_CPU_Bank7
                0x0000000000022b90       0x42 ./src/nes/InfoNES_Mapper.o
                0x0000000000022b90                Map45_Set_CPU_Bank7
 .text.Map45_Set_PPU_Banks
                0x0000000000022bd2      0x154 ./src/nes/InfoNES_Mapper.o
                0x0000000000022bd2                Map45_Set_PPU_Banks
 .text.Map45_Sram
                0x0000000000022d26       0xca ./src/nes/InfoNES_Mapper.o
                0x0000000000022d26                Map45_Sram
 .text.Map45_Write
                0x0000000000022df0      0x35c ./src/nes/InfoNES_Mapper.o
                0x0000000000022df0                Map45_Write
 .text.Map46_Set_ROM_Banks
                0x000000000002314c      0x110 ./src/nes/InfoNES_Mapper.o
                0x000000000002314c                Map46_Set_ROM_Banks
 .text.Map46_Init
                0x000000000002325c       0xaa ./src/nes/InfoNES_Mapper.o
                0x000000000002325c                Map46_Init
 .text.Map46_Sram
                0x0000000000023306       0x18 ./src/nes/InfoNES_Mapper.o
                0x0000000000023306                Map46_Sram
 .text.Map46_Write
                0x000000000002331e       0x1a ./src/nes/InfoNES_Mapper.o
                0x000000000002331e                Map46_Write
 .text.Map47_Set_CPU_Banks
                0x0000000000023338       0x8c ./src/nes/InfoNES_Mapper.o
                0x0000000000023338                Map47_Set_CPU_Banks
 .text.Map47_Set_PPU_Banks
                0x00000000000233c4       0xd6 ./src/nes/InfoNES_Mapper.o
                0x00000000000233c4                Map47_Set_PPU_Banks
 .text.Map47_Init
                0x000000000002349a      0x132 ./src/nes/InfoNES_Mapper.o
                0x000000000002349a                Map47_Init
 .text.Map47_Sram
                0x00000000000235cc       0x20 ./src/nes/InfoNES_Mapper.o
                0x00000000000235cc                Map47_Sram
 .text.Map47_Write
                0x00000000000235ec      0x13e ./src/nes/InfoNES_Mapper.o
                0x00000000000235ec                Map47_Write
 .text.Map49_Set_CPU_Banks
                0x000000000002372a       0xac ./src/nes/InfoNES_Mapper.o
                0x000000000002372a                Map49_Set_CPU_Banks
 .text.Map49_Set_PPU_Banks
                0x00000000000237d6      0x142 ./src/nes/InfoNES_Mapper.o
                0x00000000000237d6                Map49_Set_PPU_Banks
 .text.Map49_Sram
                0x0000000000023918       0x24 ./src/nes/InfoNES_Mapper.o
                0x0000000000023918                Map49_Sram
 .text.Map49_Write
                0x000000000002393c      0x144 ./src/nes/InfoNES_Mapper.o
                0x000000000002393c                Map49_Write
 .text.Map51_Set_CPU_Banks
                0x0000000000023a80      0x13e ./src/nes/InfoNES_Mapper.o
                0x0000000000023a80                Map51_Set_CPU_Banks
 .text.Map51_Init
                0x0000000000023bbe       0xf4 ./src/nes/InfoNES_Mapper.o
                0x0000000000023bbe                Map51_Init
 .text.Map51_Write
                0x0000000000023cb2       0x32 ./src/nes/InfoNES_Mapper.o
                0x0000000000023cb2                Map51_Write
 .text.Map51_Sram
                0x0000000000023ce4       0x1e ./src/nes/InfoNES_Mapper.o
                0x0000000000023ce4                Map51_Sram
 .text.Map68_SyncMirror
                0x0000000000023d02       0xae ./src/nes/InfoNES_Mapper.o
                0x0000000000023d02                Map68_SyncMirror
 .text.Map68_Write
                0x0000000000023db0      0x152 ./src/nes/InfoNES_Mapper.o
                0x0000000000023db0                Map68_Write
 .text.Map74_Set_CPU_Banks
                0x0000000000023f02       0x78 ./src/nes/InfoNES_Mapper.o
                0x0000000000023f02                Map74_Set_CPU_Banks
 .text.Map74_Set_PPU_Banks
                0x0000000000023f7a      0x10e ./src/nes/InfoNES_Mapper.o
                0x0000000000023f7a                Map74_Set_PPU_Banks
 .text.Map74_Init
                0x0000000000024088      0x146 ./src/nes/InfoNES_Mapper.o
                0x0000000000024088                Map74_Init
 .text.Map74_Write
                0x00000000000241ce      0x1b0 ./src/nes/InfoNES_Mapper.o
                0x00000000000241ce                Map74_Write
 .text.Map90_Sync_Mirror
                0x000000000002437e       0xe6 ./src/nes/InfoNES_Mapper.o
                0x000000000002437e                Map90_Sync_Mirror
 .text.Map90_Sync_Chr_Banks
                0x0000000000024464      0x23c ./src/nes/InfoNES_Mapper.o
                0x0000000000024464                Map90_Sync_Chr_Banks
 .text.Map90_Sync_Prg_Banks
                0x00000000000246a0      0x174 ./src/nes/InfoNES_Mapper.o
                0x00000000000246a0                Map90_Sync_Prg_Banks
 .text.Map90_Write
                0x0000000000024814      0x14c ./src/nes/InfoNES_Mapper.o
                0x0000000000024814                Map90_Write
 .text.Map95_Set_CPU_Banks
                0x0000000000024960       0x78 ./src/nes/InfoNES_Mapper.o
                0x0000000000024960                Map95_Set_CPU_Banks
 .text.Map95_Set_PPU_Banks
                0x00000000000249d8       0xc4 ./src/nes/InfoNES_Mapper.o
                0x00000000000249d8                Map95_Set_PPU_Banks
 .text.Map95_Init
                0x0000000000024a9c      0x11c ./src/nes/InfoNES_Mapper.o
                0x0000000000024a9c                Map95_Init
 .text.Map95_Write
                0x0000000000024bb8       0xf6 ./src/nes/InfoNES_Mapper.o
                0x0000000000024bb8                Map95_Write
 .text.Map96_Set_Banks
                0x0000000000024cae       0x70 ./src/nes/InfoNES_Mapper.o
                0x0000000000024cae                Map96_Set_Banks
 .text.Map96_Init
                0x0000000000024d1e       0xd4 ./src/nes/InfoNES_Mapper.o
                0x0000000000024d1e                Map96_Init
 .text.Map96_Write
                0x0000000000024df2       0x68 ./src/nes/InfoNES_Mapper.o
                0x0000000000024df2                Map96_Write
 .text.Map96_PPU
                0x0000000000024e5a       0x1a ./src/nes/InfoNES_Mapper.o
                0x0000000000024e5a                Map96_PPU
 .text.Map100_Set_CPU_Banks
                0x0000000000024e74       0x60 ./src/nes/InfoNES_Mapper.o
                0x0000000000024e74                Map100_Set_CPU_Banks
 .text.Map100_Set_PPU_Banks
                0x0000000000024ed4       0xa0 ./src/nes/InfoNES_Mapper.o
                0x0000000000024ed4                Map100_Set_PPU_Banks
 .text.Map100_Init
                0x0000000000024f74      0x16e ./src/nes/InfoNES_Mapper.o
                0x0000000000024f74                Map100_Init
 .text.Map100_Write
                0x00000000000250e2      0x224 ./src/nes/InfoNES_Mapper.o
                0x00000000000250e2                Map100_Write
 .text.Map109_Set_PPU_Banks
                0x0000000000025306       0xb6 ./src/nes/InfoNES_Mapper.o
                0x0000000000025306                Map109_Set_PPU_Banks
 .text.Map109_Init
                0x00000000000253bc       0xf2 ./src/nes/InfoNES_Mapper.o
                0x00000000000253bc                Map109_Init
 .text.Map109_Apu
                0x00000000000254ae       0xe4 ./src/nes/InfoNES_Mapper.o
                0x00000000000254ae                Map109_Apu
 .text.Map112_Set_CPU_Banks
                0x0000000000025592       0x78 ./src/nes/InfoNES_Mapper.o
                0x0000000000025592                Map112_Set_CPU_Banks
 .text.Map112_Set_PPU_Banks
                0x000000000002560a       0xc4 ./src/nes/InfoNES_Mapper.o
                0x000000000002560a                Map112_Set_PPU_Banks
 .text.Map112_Init
                0x00000000000256ce      0x12c ./src/nes/InfoNES_Mapper.o
                0x00000000000256ce                Map112_Init
 .text.Map112_Write
                0x00000000000257fa      0x16c ./src/nes/InfoNES_Mapper.o
                0x00000000000257fa                Map112_Write
 .text.Map114_Set_CPU_Banks
                0x0000000000025966       0x78 ./src/nes/InfoNES_Mapper.o
                0x0000000000025966                Map114_Set_CPU_Banks
 .text.Map114_Set_PPU_Banks
                0x00000000000259de       0xc4 ./src/nes/InfoNES_Mapper.o
                0x00000000000259de                Map114_Set_PPU_Banks
 .text.Map114_Init
                0x0000000000025aa2      0x12c ./src/nes/InfoNES_Mapper.o
                0x0000000000025aa2                Map114_Init
 .text.Map114_Sram
                0x0000000000025bce       0xa6 ./src/nes/InfoNES_Mapper.o
                0x0000000000025bce                Map114_Sram
 .text.Map114_Write
                0x0000000000025c74      0x16e ./src/nes/InfoNES_Mapper.o
                0x0000000000025c74                Map114_Write
 .text.Map115_Set_CPU_Banks
                0x0000000000025de2       0xee ./src/nes/InfoNES_Mapper.o
                0x0000000000025de2                Map115_Set_CPU_Banks
 .text.Map115_Set_PPU_Banks
                0x0000000000025ed0       0xde ./src/nes/InfoNES_Mapper.o
                0x0000000000025ed0                Map115_Set_PPU_Banks
 .text.Map115_Init
                0x0000000000025fae      0x186 ./src/nes/InfoNES_Mapper.o
                0x0000000000025fae                Map115_Init
 .text.Map115_Write
                0x0000000000026134      0x15e ./src/nes/InfoNES_Mapper.o
                0x0000000000026134                Map115_Write
 .text.Map115_Sram
                0x0000000000026292       0x24 ./src/nes/InfoNES_Mapper.o
                0x0000000000026292                Map115_Sram
 .text.Map116_Set_CPU_Banks
                0x00000000000262b6       0x78 ./src/nes/InfoNES_Mapper.o
                0x00000000000262b6                Map116_Set_CPU_Banks
 .text.Map116_Set_PPU_Banks
                0x000000000002632e       0xde ./src/nes/InfoNES_Mapper.o
                0x000000000002632e                Map116_Set_PPU_Banks
 .text.Map116_Init
                0x000000000002640c      0x186 ./src/nes/InfoNES_Mapper.o
                0x000000000002640c                Map116_Init
 .text.Map116_Write
                0x0000000000026592      0x152 ./src/nes/InfoNES_Mapper.o
                0x0000000000026592                Map116_Write
 .text.Map118_Set_CPU_Banks
                0x00000000000266e4       0x78 ./src/nes/InfoNES_Mapper.o
                0x00000000000266e4                Map118_Set_CPU_Banks
 .text.Map118_Set_PPU_Banks
                0x000000000002675c       0xc8 ./src/nes/InfoNES_Mapper.o
                0x000000000002675c                Map118_Set_PPU_Banks
 .text.Map118_Init
                0x0000000000026824      0x14a ./src/nes/InfoNES_Mapper.o
                0x0000000000026824                Map118_Init
 .text.Map118_Write
                0x000000000002696e      0x172 ./src/nes/InfoNES_Mapper.o
                0x000000000002696e                Map118_Write
 .text.Map119_Set_CPU_Banks
                0x0000000000026ae0       0x78 ./src/nes/InfoNES_Mapper.o
                0x0000000000026ae0                Map119_Set_CPU_Banks
 .text.Map119_Set_PPU_Banks
                0x0000000000026b58      0x3bc ./src/nes/InfoNES_Mapper.o
                0x0000000000026b58                Map119_Set_PPU_Banks
 .text.Map119_Init
                0x0000000000026f14      0x104 ./src/nes/InfoNES_Mapper.o
                0x0000000000026f14                Map119_Init
 .text.Map119_Write
                0x0000000000027018      0x178 ./src/nes/InfoNES_Mapper.o
                0x0000000000027018                Map119_Write
 .text.Map135_Set_PPU_Banks
                0x0000000000027190       0xcc ./src/nes/InfoNES_Mapper.o
                0x0000000000027190                Map135_Set_PPU_Banks
 .text.Map135_Init
                0x000000000002725c       0xec ./src/nes/InfoNES_Mapper.o
                0x000000000002725c                Map135_Init
 .text.Map135_Apu
                0x0000000000027348       0xfa ./src/nes/InfoNES_Mapper.o
                0x0000000000027348                Map135_Apu
 .text.Map187_Set_CPU_Banks
                0x0000000000027442       0x6e ./src/nes/InfoNES_Mapper.o
                0x0000000000027442                Map187_Set_CPU_Banks
 .text.Map187_Init
                0x00000000000274b0      0x118 ./src/nes/InfoNES_Mapper.o
                0x00000000000274b0                Map187_Init
 .text.Map187_Apu
                0x00000000000275c8       0xa6 ./src/nes/InfoNES_Mapper.o
                0x00000000000275c8                Map187_Apu
 .text.Map187_Set_PPU_Banks
                0x000000000002766e       0xb0 ./src/nes/InfoNES_Mapper.o
                0x000000000002766e                Map187_Set_PPU_Banks
 .text.Map187_Write
                0x000000000002771e      0x200 ./src/nes/InfoNES_Mapper.o
                0x000000000002771e                Map187_Write
 .text.Map191_Set_CPU_Banks
                0x000000000002791e       0x5e ./src/nes/InfoNES_Mapper.o
                0x000000000002791e                Map191_Set_CPU_Banks
 .text.Map191_Set_PPU_Banks
                0x000000000002797c       0xc0 ./src/nes/InfoNES_Mapper.o
                0x000000000002797c                Map191_Set_PPU_Banks
 .text.Map191_Init
                0x0000000000027a3c       0xd4 ./src/nes/InfoNES_Mapper.o
                0x0000000000027a3c                Map191_Init
 .text.Map191_Apu
                0x0000000000027b10       0x9a ./src/nes/InfoNES_Mapper.o
                0x0000000000027b10                Map191_Apu
 .text.Map202_WriteSub
                0x0000000000027baa      0x116 ./src/nes/InfoNES_Mapper.o
                0x0000000000027baa                Map202_WriteSub
 .text.Map202_Apu
                0x0000000000027cc0        0x4 ./src/nes/InfoNES_Mapper.o
                0x0000000000027cc0                Map202_Apu
 .text.Map202_Write
                0x0000000000027cc4        0x4 ./src/nes/InfoNES_Mapper.o
                0x0000000000027cc4                Map202_Write
 .text.Map234_Set_Banks
                0x0000000000027cc8      0x146 ./src/nes/InfoNES_Mapper.o
                0x0000000000027cc8                Map234_Set_Banks
 .text.Map234_Write
                0x0000000000027e0e       0x66 ./src/nes/InfoNES_Mapper.o
                0x0000000000027e0e                Map234_Write
 .text.Map248_Set_CPU_Banks
                0x0000000000027e74       0x78 ./src/nes/InfoNES_Mapper.o
                0x0000000000027e74                Map248_Set_CPU_Banks
 .text.Map248_Init
                0x0000000000027eec      0x112 ./src/nes/InfoNES_Mapper.o
                0x0000000000027eec                Map248_Init
 .text.Map248_Write
                0x0000000000027ffe      0x13a ./src/nes/InfoNES_Mapper.o
                0x0000000000027ffe                Map248_Write
 .text.Map248_Set_PPU_Banks
                0x0000000000028138        0xe ./src/nes/InfoNES_Mapper.o
                0x0000000000028138                Map248_Set_PPU_Banks
 .text.Map251_Set_Banks
                0x0000000000028146      0x188 ./src/nes/InfoNES_Mapper.o
                0x0000000000028146                Map251_Set_Banks
 .text.Map251_Write
                0x00000000000282ce       0x60 ./src/nes/InfoNES_Mapper.o
                0x00000000000282ce                Map251_Write
 .text.Map251_Sram
                0x000000000002832e       0x44 ./src/nes/InfoNES_Mapper.o
                0x000000000002832e                Map251_Sram
 .text.InfoNES_Menu
                0x0000000000028372        0x4 ./src/nes/InfoNES_system.o
                0x0000000000028372                InfoNES_Menu
 .text.InfoNES_ReadRom
                0x0000000000028376       0xa2 ./src/nes/InfoNES_system.o
                0x0000000000028376                InfoNES_ReadRom
 .text.InfoNES_ReleaseRom
                0x0000000000028418        0x2 ./src/nes/InfoNES_system.o
                0x0000000000028418                InfoNES_ReleaseRom
 .text.InfoNES_LoadFrame
                0x000000000002841a        0x2 ./src/nes/InfoNES_system.o
                0x000000000002841a                InfoNES_LoadFrame
 .text.InfoNES_LoadLine
                0x000000000002841c       0x68 ./src/nes/InfoNES_system.o
                0x000000000002841c                InfoNES_LoadLine
 .text.InfoNES_PadState
                0x0000000000028484        0x2 ./src/nes/InfoNES_system.o
                0x0000000000028484                InfoNES_PadState
 .text.InfoNES_MemoryCopy
                0x0000000000028486        0x4 ./src/nes/InfoNES_system.o
                0x0000000000028486                InfoNES_MemoryCopy
 .text.InfoNES_MemorySet
                0x000000000002848a        0x4 ./src/nes/InfoNES_system.o
                0x000000000002848a                InfoNES_MemorySet
 .text.InfoNES_DebugPrint
                0x000000000002848e        0x2 ./src/nes/InfoNES_system.o
                0x000000000002848e                InfoNES_DebugPrint
 .text.InfoNES_Wait
                0x0000000000028490        0x2 ./src/nes/InfoNES_system.o
                0x0000000000028490                InfoNES_Wait
 .text.InfoNES_SoundInit
                0x0000000000028492        0x2 ./src/nes/InfoNES_system.o
                0x0000000000028492                InfoNES_SoundInit
 .text.InfoNES_SoundOpen
                0x0000000000028494        0x4 ./src/nes/InfoNES_system.o
                0x0000000000028494                InfoNES_SoundOpen
 .text.InfoNES_SoundClose
                0x0000000000028498        0x2 ./src/nes/InfoNES_system.o
                0x0000000000028498                InfoNES_SoundClose
 .text.InfoNES_SoundOutput
                0x000000000002849a        0x2 ./src/nes/InfoNES_system.o
                0x000000000002849a                InfoNES_SoundOutput
 .text.InfoNES_MessageBox
                0x000000000002849c       0x14 ./src/nes/InfoNES_system.o
                0x000000000002849c                InfoNES_MessageBox
 .text.K6502_Write
                0x00000000000284b0      0x412 ./src/nes/K6502.o
 .text.K6502_ReadAbsX
                0x00000000000288c2      0x5fa ./src/nes/K6502.o
 .text.K6502_ReadAbsY
                0x0000000000028ebc      0x5fa ./src/nes/K6502.o
 .text.K6502_Read
                0x00000000000294b6      0x1d4 ./src/nes/K6502.o
 .text.K6502_Init
                0x000000000002968a      0x2c0 ./src/nes/K6502.o
                0x000000000002968a                K6502_Init
 .text.K6502_Reset
                0x000000000002994a       0x60 ./src/nes/K6502.o
                0x000000000002994a                K6502_Reset
 .text.K6502_Set_Int_Wiring
                0x00000000000299aa        0xe ./src/nes/K6502.o
                0x00000000000299aa                K6502_Set_Int_Wiring
 .text.K6502_Step
                0x00000000000299b8     0x5d36 ./src/nes/K6502.o
                0x00000000000299b8                K6502_Step
 .text.led_blink
                0x000000000002f6ee        0x2 ./src/main.o
                0x000000000002f6ee                led_blink
 .text.gpio_test
                0x000000000002f6f0       0x3e ./src/main.o
                0x000000000002f6f0                gpio_test
 .text.startup.main
                0x000000000002f72e       0x8e ./src/main.o
                0x000000000002f72e                main
 .text.HDMI_DrawPoint.part.0
                0x000000000002f7bc       0x2c ./src/snake.o
 .text.HDMI_DrawPoint
                0x000000000002f7e8       0x20 ./src/snake.o
                0x000000000002f7e8                HDMI_DrawPoint
 .text.draw_point
                0x000000000002f808       0x14 ./src/snake.o
                0x000000000002f808                draw_point
 .text.clear_point
                0x000000000002f81c       0x1a ./src/snake.o
                0x000000000002f81c                clear_point
 .text.delay    0x000000000002f836       0x26 ./src/snake.o
                0x000000000002f836                delay
 .text.draw_c   0x000000000002f85c       0x1c ./src/snake.o
                0x000000000002f85c                draw_c
 .text.draw_gameover
                0x000000000002f878       0x5e ./src/snake.o
                0x000000000002f878                draw_gameover
 .text.SnakeGameStart
                0x000000000002f8d6      0x32e ./src/snake.o
                0x000000000002f8d6                SnakeGameStart
 .text.print_num
                0x000000000002fc04        0x6 ./src/uart.o
                0x000000000002fc04                print_num
 .text.print_num.part.0
                0x000000000002fc0a       0x54 ./src/uart.o
 .text.put_char
                0x000000000002fc5e       0x22 ./src/uart.o
                0x000000000002fc5e                put_char
 .text.print_str
                0x000000000002fc80       0x2a ./src/uart.o
                0x000000000002fc80                print_str
 .text.print_hex
                0x000000000002fcaa       0x4e ./src/uart.o
                0x000000000002fcaa                print_hex
 .text.print_hex2
                0x000000000002fcf8       0x14 ./src/uart.o
                0x000000000002fcf8                print_hex2
 .text.print_dec
                0x000000000002fd0c       0x14 ./src/uart.o
                0x000000000002fd0c                print_dec
 .text.print_flt
                0x000000000002fd20       0x80 ./src/uart.o
                0x000000000002fd20                print_flt
 .text.printk   0x000000000002fda0      0x13e ./src/uart.o
                0x000000000002fda0                printk
 .text.getchar_prompt
                0x000000000002fede       0x88 ./src/uart.o
                0x000000000002fede                getchar_prompt
 .text.get_char
                0x000000000002ff66       0x32 ./src/uart.o
                0x000000000002ff66                get_char
 .text.__muldf3
                0x000000000002ff98      0x68c d:/hummingbird/hbird-eclipse_2018_09/gnu mcu eclipse/risc-v embedded gcc/7.2.0-4-20180606-1631/bin/../lib/gcc/riscv-none-embed/7.2.0/rv32im/ilp32\libgcc.a(muldf3.o)
                0x000000000002ff98                __muldf3
 .text.__subdf3
                0x0000000000030624      0x880 d:/hummingbird/hbird-eclipse_2018_09/gnu mcu eclipse/risc-v embedded gcc/7.2.0-4-20180606-1631/bin/../lib/gcc/riscv-none-embed/7.2.0/rv32im/ilp32\libgcc.a(subdf3.o)
                0x0000000000030624                __subdf3
 .text.__fixdfsi
                0x0000000000030ea4       0x84 d:/hummingbird/hbird-eclipse_2018_09/gnu mcu eclipse/risc-v embedded gcc/7.2.0-4-20180606-1631/bin/../lib/gcc/riscv-none-embed/7.2.0/rv32im/ilp32\libgcc.a(fixdfsi.o)
                0x0000000000030ea4                __fixdfsi
 .text.__floatunsidf
                0x0000000000030f28       0xc0 d:/hummingbird/hbird-eclipse_2018_09/gnu mcu eclipse/risc-v embedded gcc/7.2.0-4-20180606-1631/bin/../lib/gcc/riscv-none-embed/7.2.0/rv32im/ilp32\libgcc.a(floatunsidf.o)
                0x0000000000030f28                __floatunsidf
 .text.__clzsi2
                0x0000000000030fe8       0x94 d:/hummingbird/hbird-eclipse_2018_09/gnu mcu eclipse/risc-v embedded gcc/7.2.0-4-20180606-1631/bin/../lib/gcc/riscv-none-embed/7.2.0/rv32im/ilp32\libgcc.a(_clzsi2.o)
                0x0000000000030fe8                __clzsi2
 .text.memcpy   0x000000000003107c      0x11c d:/hummingbird/hbird-eclipse_2018_09/gnu mcu eclipse/risc-v embedded gcc/7.2.0-4-20180606-1631/bin/../lib/gcc/riscv-none-embed/7.2.0/../../../../riscv-none-embed/lib/rv32im/ilp32\libg.a(lib_a-memcpy.o)
                0x000000000003107c                memcpy
 .text.srand    0x0000000000031198       0x18 d:/hummingbird/hbird-eclipse_2018_09/gnu mcu eclipse/risc-v embedded gcc/7.2.0-4-20180606-1631/bin/../lib/gcc/riscv-none-embed/7.2.0/../../../../riscv-none-embed/lib/rv32im/ilp32\libg.a(lib_a-rand.o)
                0x0000000000031198                srand
 .text.rand     0x00000000000311b0       0x60 d:/hummingbird/hbird-eclipse_2018_09/gnu mcu eclipse/risc-v embedded gcc/7.2.0-4-20180606-1631/bin/../lib/gcc/riscv-none-embed/7.2.0/../../../../riscv-none-embed/lib/rv32im/ilp32\libg.a(lib_a-rand.o)
                0x00000000000311b0                rand
 *(.rodata)
 *(.rodata*)
 .rodata.InfoNES_Reset.str1.4
[...]
 .sbss.Map74_IRQ_Present
                0x0000000000007387        0x1 ./src/nes/InfoNES_Mapper.o
                0x0000000000007387                Map74_IRQ_Present
 .sbss.Map74_IRQ_Present_Vbl
                0x0000000000007388        0x1 ./src/nes/InfoNES_Mapper.o
                0x0000000000007388                Map74_IRQ_Present_Vbl
 .sbss.Map74_IRQ_Request
                0x0000000000007389        0x1 ./src/nes/InfoNES_Mapper.o
                0x0000000000007389                Map74_IRQ_Request
 *fill*         0x000000000000738a        0x2 
 .sbss.Map74_Prg0
                0x000000000000738c        0x4 ./src/nes/InfoNES_Mapper.o
                0x000000000000738c                Map74_Prg0
 .sbss.Map74_Prg1
                0x0000000000007390        0x4 ./src/nes/InfoNES_Mapper.o
                0x0000000000007390                Map74_Prg1
 .sbss.Map74_Regs
                0x0000000000007394        0x8 ./src/nes/InfoNES_Mapper.o
                0x0000000000007394                Map74_Regs
 .sbss.Map74_Rom_Bank
                0x000000000000739c        0x4 ./src/nes/InfoNES_Mapper.o
                0x000000000000739c                Map74_Rom_Bank
 .sbss.Map75_Regs
                0x00000000000073a0        0x2 ./src/nes/InfoNES_Mapper.o
                0x00000000000073a0                Map75_Regs
 .sbss.Map76_Reg
                0x00000000000073a2        0x1 ./src/nes/InfoNES_Mapper.o
                0x00000000000073a2                Map76_Reg
 *fill*         0x00000000000073a3        0x1 
 .sbss.Map82_Regs
                0x00000000000073a4        0x1 ./src/nes/InfoNES_Mapper.o
                0x00000000000073a4                Map82_Regs
 *fill*         0x00000000000073a5        0x3 
 .sbss.Map83_Chr_Bank
                0x00000000000073a8        0x4 ./src/nes/InfoNES_Mapper.o
                0x00000000000073a8                Map83_Chr_Bank
 .sbss.Map83_IRQ_Cnt
                0x00000000000073ac        0x4 ./src/nes/InfoNES_Mapper.o
                0x00000000000073ac                Map83_IRQ_Cnt
 .sbss.Map83_IRQ_Enabled
                0x00000000000073b0        0x1 ./src/nes/InfoNES_Mapper.o
                0x00000000000073b0                Map83_IRQ_Enabled
 *fill*         0x00000000000073b1        0x3 
 .sbss.Map83_Regs
                0x00000000000073b4        0x3 ./src/nes/InfoNES_Mapper.o
                0x00000000000073b4                Map83_Regs
 *fill*         0x00000000000073b7        0x1 
 .sbss.Map88_Regs
                0x00000000000073b8        0x1 ./src/nes/InfoNES_Mapper.o
                0x00000000000073b8                Map88_Regs
 .sbss.Map90_Chr_Bank_Size
                0x00000000000073b9        0x1 ./src/nes/InfoNES_Mapper.o
                0x00000000000073b9                Map90_Chr_Bank_Size
 *fill*         0x00000000000073ba        0x2 
 .sbss.Map90_Chr_High_Reg
                0x00000000000073bc        0x8 ./src/nes/InfoNES_Mapper.o
                0x00000000000073bc                Map90_Chr_High_Reg
 .sbss.Map90_Chr_Low_Reg
                0x00000000000073c4        0x8 ./src/nes/InfoNES_Mapper.o
                0x00000000000073c4                Map90_Chr_Low_Reg
 .sbss.Map90_IRQ_Cnt
                0x00000000000073cc        0x1 ./src/nes/InfoNES_Mapper.o
                0x00000000000073cc                Map90_IRQ_Cnt
 .sbss.Map90_IRQ_Enable
                0x00000000000073cd        0x1 ./src/nes/InfoNES_Mapper.o
                0x00000000000073cd                Map90_IRQ_Enable
 .sbss.Map90_IRQ_Latch
                0x00000000000073ce        0x1 ./src/nes/InfoNES_Mapper.o
                0x00000000000073ce                Map90_IRQ_Latch
 .sbss.Map90_Mirror_Mode
                0x00000000000073cf        0x1 ./src/nes/InfoNES_Mapper.o
                0x00000000000073cf                Map90_Mirror_Mode
 .sbss.Map90_Mirror_Type
                0x00000000000073d0        0x1 ./src/nes/InfoNES_Mapper.o
                0x00000000000073d0                Map90_Mirror_Type
 *fill*         0x00000000000073d1        0x3 
 .sbss.Map90_Nam_High_Reg
                0x00000000000073d4        0x4 ./src/nes/InfoNES_Mapper.o
                0x00000000000073d4                Map90_Nam_High_Reg
 .sbss.Map90_Nam_Low_Reg
                0x00000000000073d8        0x4 ./src/nes/InfoNES_Mapper.o
                0x00000000000073d8                Map90_Nam_Low_Reg
 .sbss.Map90_Prg_Bank_6000
                0x00000000000073dc        0x1 ./src/nes/InfoNES_Mapper.o
                0x00000000000073dc                Map90_Prg_Bank_6000
 .sbss.Map90_Prg_Bank_E000
                0x00000000000073dd        0x1 ./src/nes/InfoNES_Mapper.o
                0x00000000000073dd                Map90_Prg_Bank_E000
 .sbss.Map90_Prg_Bank_Size
                0x00000000000073de        0x1 ./src/nes/InfoNES_Mapper.o
                0x00000000000073de                Map90_Prg_Bank_Size
 *fill*         0x00000000000073df        0x1 
 .sbss.Map90_Prg_Reg
                0x00000000000073e0        0x4 ./src/nes/InfoNES_Mapper.o
                0x00000000000073e0                Map90_Prg_Reg
 .sbss.Map90_Value1
                0x00000000000073e4        0x4 ./src/nes/InfoNES_Mapper.o
                0x00000000000073e4                Map90_Value1
 .sbss.Map90_Value2
                0x00000000000073e8        0x4 ./src/nes/InfoNES_Mapper.o
                0x00000000000073e8                Map90_Value2
 .sbss.Map95_Chr01
                0x00000000000073ec        0x4 ./src/nes/InfoNES_Mapper.o
                0x00000000000073ec                Map95_Chr01
 .sbss.Map95_Chr23
                0x00000000000073f0        0x4 ./src/nes/InfoNES_Mapper.o
                0x00000000000073f0                Map95_Chr23
 .sbss.Map95_Chr4
                0x00000000000073f4        0x4 ./src/nes/InfoNES_Mapper.o
                0x00000000000073f4                Map95_Chr4
 .sbss.Map95_Chr5
                0x00000000000073f8        0x4 ./src/nes/InfoNES_Mapper.o
                0x00000000000073f8                Map95_Chr5
 .sbss.Map95_Chr6
                0x00000000000073fc        0x4 ./src/nes/InfoNES_Mapper.o
                0x00000000000073fc                Map95_Chr6
 .sbss.Map95_Chr7
                0x0000000000007400        0x4 ./src/nes/InfoNES_Mapper.o
                0x0000000000007400                Map95_Chr7
 .sbss.Map95_Prg0
                0x0000000000007404        0x4 ./src/nes/InfoNES_Mapper.o
                0x0000000000007404                Map95_Prg0
 .sbss.Map95_Prg1
                0x0000000000007408        0x4 ./src/nes/InfoNES_Mapper.o
                0x0000000000007408                Map95_Prg1
 .sbss.Map95_Regs
                0x000000000000740c        0x1 ./src/nes/InfoNES_Mapper.o
                0x000000000000740c                Map95_Regs
 *fill*         0x000000000000740d        0x3 
 .sbss.Map96_Reg
                0x0000000000007410        0x2 ./src/nes/InfoNES_Mapper.o
                0x0000000000007410                Map96_Reg
 .sbss.Map99_Coin
                0x0000000000007412        0x1 ./src/nes/InfoNES_Mapper.o
                0x0000000000007412                Map99_Coin
 *fill*         0x0000000000007413        0x1 
 .sbss.MapperApu
                0x0000000000007414        0x4 ./src/nes/InfoNES_Mapper.o
                0x0000000000007414                MapperApu
 .sbss.MapperHSync
                0x0000000000007418        0x4 ./src/nes/InfoNES_Mapper.o
                0x0000000000007418                MapperHSync
 .sbss.MapperInit
                0x000000000000741c        0x4 ./src/nes/InfoNES_Mapper.o
                0x000000000000741c                MapperInit
 .sbss.MapperPPU
                0x0000000000007420        0x4 ./src/nes/InfoNES_Mapper.o
                0x0000000000007420                MapperPPU
 .sbss.MapperReadApu
                0x0000000000007424        0x4 ./src/nes/InfoNES_Mapper.o
                0x0000000000007424                MapperReadApu
 .sbss.MapperRenderScreen
                0x0000000000007428        0x4 ./src/nes/InfoNES_Mapper.o
                0x0000000000007428                MapperRenderScreen
 .sbss.MapperSram
                0x000000000000742c        0x4 ./src/nes/InfoNES_Mapper.o
                0x000000000000742c                MapperSram
 .sbss.MapperVSync
                0x0000000000007430        0x4 ./src/nes/InfoNES_Mapper.o
                0x0000000000007430                MapperVSync
 .sbss.MapperWrite
                0x0000000000007434        0x4 ./src/nes/InfoNES_Mapper.o
                0x0000000000007434                MapperWrite
 .sbss.latch1   0x0000000000007438        0x3 ./src/nes/InfoNES_Mapper.o
                0x0000000000007438                latch1
 *fill*         0x000000000000743b        0x1 
 .sbss.latch2   0x000000000000743c        0x3 ./src/nes/InfoNES_Mapper.o
                0x000000000000743c                latch2
 *fill*         0x000000000000743f        0x1 
 .sbss.latch3   0x0000000000007440        0x3 ./src/nes/InfoNES_Mapper.o
                0x0000000000007440                latch3
 *fill*         0x0000000000007443        0x1 
 .sbss.latch4   0x0000000000007444        0x3 ./src/nes/InfoNES_Mapper.o
                0x0000000000007444                latch4
 *fill*         0x0000000000007447        0x1 
 .sbss.FrameCount
                0x0000000000007448        0x4 ./src/nes/InfoNES_system.o
                0x0000000000007448                FrameCount
 .sbss.A        0x000000000000744c        0x1 ./src/nes/K6502.o
                0x000000000000744c                A
 .sbss.F        0x000000000000744d        0x1 ./src/nes/K6502.o
                0x000000000000744d                F
 .sbss.IRQ_State
                0x000000000000744e        0x1 ./src/nes/K6502.o
                0x000000000000744e                IRQ_State
 .sbss.IRQ_Wiring
                0x000000000000744f        0x1 ./src/nes/K6502.o
                0x000000000000744f                IRQ_Wiring
 .sbss.NMI_State
                0x0000000000007450        0x1 ./src/nes/K6502.o
                0x0000000000007450                NMI_State
 .sbss.NMI_Wiring
                0x0000000000007451        0x1 ./src/nes/K6502.o
                0x0000000000007451                NMI_Wiring
 .sbss.PC       0x0000000000007452        0x2 ./src/nes/K6502.o
                0x0000000000007452                PC
 .sbss.SP       0x0000000000007454        0x1 ./src/nes/K6502.o
                0x0000000000007454                SP
 .sbss.X        0x0000000000007455        0x1 ./src/nes/K6502.o
                0x0000000000007455                X
 .sbss.Y        0x0000000000007456        0x1 ./src/nes/K6502.o
                0x0000000000007456                Y
 *fill*         0x0000000000007457        0x1 
 .sbss.g_wPassedClocks
                0x0000000000007458        0x2 ./src/nes/K6502.o
                0x0000000000007458                g_wPassedClocks
 *fill*         0x000000000000745a        0x2 
 .sbss.delaycnt
                0x000000000000745c        0x4 ./src/main.o
                0x000000000000745c                delaycnt
 .sbss.rgb_data_get_test
                0x0000000000007460        0x4 ./src/main.o
                0x0000000000007460                rgb_data_get_test
 .sbss.temp_data
                0x0000000000007464        0x4 ./src/main.o
                0x0000000000007464                temp_data
 .sbss.uart_data
                0x0000000000007468        0x4 ./src/main.o
                0x0000000000007468                uart_data
 .sbss.node_cnt
                0x000000000000746c        0x1 ./src/snake.o
 *(COMMON)
                0x0000000000007470                . = ALIGN (0x4)
 *fill*         0x000000000000746d        0x3 
                0x0000000000007470                _ebss = .

.heap           0x0000000000007470        0x0
                0x0000000000007470                . = ALIGN (0x4)
                0x0000000000007470                _heap_start = .
OUTPUT(pico_test_1.elf elf32-littleriscv)

.debug_info     0x0000000000000000    0x1322f
 .debug_info    0x0000000000000000     0x16e8 ./src/nes/InfoNES.o
 .debug_info    0x00000000000016e8     0x9d23 ./src/nes/InfoNES_Mapper.o
 .debug_info    0x000000000000b40b      0xcdd ./src/nes/InfoNES_pAPU.o
 .debug_info    0x000000000000c0e8      0xf2c ./src/nes/InfoNES_system.o
 .debug_info    0x000000000000d014     0x3067 ./src/nes/K6502.o
 .debug_info    0x000000000001007b       0x58 ./src/nes/rom.o
 .debug_info    0x00000000000100d3      0xd8a ./src/main.o
 .debug_info    0x0000000000010e5d     0x136d ./src/snake.o
 .debug_info    0x00000000000121ca       0x26 ./src/start.o
 .debug_info    0x00000000000121f0     0x103f ./src/uart.o

.debug_abbrev   0x0000000000000000     0x1bfc
 .debug_abbrev  0x0000000000000000      0x37c ./src/nes/InfoNES.o
 .debug_abbrev  0x000000000000037c      0x57b ./src/nes/InfoNES_Mapper.o
 .debug_abbrev  0x00000000000008f7      0x1ad ./src/nes/InfoNES_pAPU.o
 .debug_abbrev  0x0000000000000aa4      0x365 ./src/nes/InfoNES_system.o
 .debug_abbrev  0x0000000000000e09      0x435 ./src/nes/K6502.o
 .debug_abbrev  0x000000000000123e       0x45 ./src/nes/rom.o
 .debug_abbrev  0x0000000000001283      0x262 ./src/main.o
 .debug_abbrev  0x00000000000014e5      0x39f ./src/snake.o
 .debug_abbrev  0x0000000000001884       0x14 ./src/start.o
 .debug_abbrev  0x0000000000001898      0x364 ./src/uart.o

.debug_loc      0x0000000000000000     0xe2c7
 .debug_loc     0x0000000000000000      0x6c1 ./src/nes/InfoNES.o
 .debug_loc     0x00000000000006c1     0xa120 ./src/nes/InfoNES_Mapper.o
 .debug_loc     0x000000000000a7e1      0x13a ./src/nes/InfoNES_system.o
 .debug_loc     0x000000000000a91b     0x2843 ./src/nes/K6502.o
 .debug_loc     0x000000000000d15e      0xa72 ./src/snake.o
 .debug_loc     0x000000000000dbd0      0x6f7 ./src/uart.o

.debug_aranges  0x0000000000000000      0xef0
 .debug_aranges
                0x0000000000000000       0x70 ./src/nes/InfoNES.o
 .debug_aranges
                0x0000000000000070      0xc68 ./src/nes/InfoNES_Mapper.o
 .debug_aranges
                0x0000000000000cd8       0x18 ./src/nes/InfoNES_pAPU.o
 .debug_aranges
                0x0000000000000cf0       0x78 ./src/nes/InfoNES_system.o
 .debug_aranges
                0x0000000000000d68       0x58 ./src/nes/K6502.o
 .debug_aranges
                0x0000000000000dc0       0x18 ./src/nes/rom.o
 .debug_aranges
                0x0000000000000dd8       0x30 ./src/main.o
 .debug_aranges
                0x0000000000000e08       0x58 ./src/snake.o
 .debug_aranges
                0x0000000000000e60       0x20 ./src/start.o
 .debug_aranges
                0x0000000000000e80       0x70 ./src/uart.o

.debug_ranges   0x0000000000000000     0x30a0
 .debug_ranges  0x0000000000000000      0x150 ./src/nes/InfoNES.o
 .debug_ranges  0x0000000000000150     0x1580 ./src/nes/InfoNES_Mapper.o
 .debug_ranges  0x00000000000016d0       0x68 ./src/nes/InfoNES_system.o
 .debug_ranges  0x0000000000001738     0x1580 ./src/nes/K6502.o
 .debug_ranges  0x0000000000002cb8       0x20 ./src/main.o
 .debug_ranges  0x0000000000002cd8       0xe0 ./src/snake.o
 .debug_ranges  0x0000000000002db8      0x2e8 ./src/uart.o

.debug_line     0x0000000000000000    0x1e08c
 .debug_line    0x0000000000000000      0xeba ./src/nes/InfoNES.o
 .debug_line    0x0000000000000eba    0x180cc ./src/nes/InfoNES_Mapper.o
 .debug_line    0x0000000000018f86      0x1aa ./src/nes/InfoNES_pAPU.o
 .debug_line    0x0000000000019130      0x425 ./src/nes/InfoNES_system.o
 .debug_line    0x0000000000019555     0x385c ./src/nes/K6502.o
 .debug_line    0x000000000001cdb1       0x31 ./src/nes/rom.o
 .debug_line    0x000000000001cde2      0x2e9 ./src/main.o
 .debug_line    0x000000000001d0cb      0x77f ./src/snake.o
 .debug_line    0x000000000001d84a      0x16f ./src/start.o
 .debug_line    0x000000000001d9b9      0x6d3 ./src/uart.o

.debug_str      0x0000000000000000     0x3b66
 .debug_str     0x0000000000000000      0xa5f ./src/nes/InfoNES.o
                                        0xaf2 (size before relaxing)
 .debug_str     0x0000000000000a5f     0x2c1f ./src/nes/InfoNES_Mapper.o
                                       0x34c1 (size before relaxing)
 .debug_str     0x000000000000367e       0x1a ./src/nes/InfoNES_pAPU.o
                                        0x894 (size before relaxing)
 .debug_str     0x0000000000003698      0x131 ./src/nes/InfoNES_system.o
                                        0x993 (size before relaxing)
 .debug_str     0x00000000000037c9      0x124 ./src/nes/K6502.o
                                        0xa13 (size before relaxing)
 .debug_str     0x00000000000038ed       0x11 ./src/nes/rom.o
                                        0x107 (size before relaxing)
 .debug_str     0x00000000000038fe       0x6a ./src/main.o
                                        0x83a (size before relaxing)
 .debug_str     0x0000000000003968      0x115 ./src/snake.o
                                        0x693 (size before relaxing)
 .debug_str     0x0000000000003a7d       0x1b ./src/start.o
                                         0x4c (size before relaxing)
 .debug_str     0x0000000000003a98       0xce ./src/uart.o
                                        0x65c (size before relaxing)

.comment        0x0000000000000000       0x3a
 .comment       0x0000000000000000       0x3a ./src/nes/InfoNES.o
                                         0x3b (size before relaxing)
 .comment       0x000000000000003a       0x3b ./src/nes/InfoNES_Mapper.o
 .comment       0x000000000000003a       0x3b ./src/nes/InfoNES_pAPU.o
 .comment       0x000000000000003a       0x3b ./src/nes/InfoNES_system.o
 .comment       0x000000000000003a       0x3b ./src/nes/K6502.o
 .comment       0x000000000000003a       0x3b ./src/nes/rom.o
 .comment       0x000000000000003a       0x3b ./src/main.o
 .comment       0x000000000000003a       0x3b ./src/snake.o
 .comment       0x000000000000003a       0x3b ./src/uart.o

.debug_frame    0x0000000000000000     0x2a48
 .debug_frame   0x0000000000000000      0x1e8 ./src/nes/InfoNES.o
 .debug_frame   0x00000000000001e8     0x2160 ./src/nes/InfoNES_Mapper.o
 .debug_frame   0x0000000000002348      0x158 ./src/nes/InfoNES_system.o
 .debug_frame   0x00000000000024a0      0x19c ./src/nes/K6502.o
 .debug_frame   0x000000000000263c       0x5c ./src/main.o
 .debug_frame   0x0000000000002698       0xe0 ./src/snake.o
 .debug_frame   0x0000000000002778      0x178 ./src/uart.o
 .debug_frame   0x00000000000028f0       0x54 d:/hummingbird/hbird-eclipse_2018_09/gnu mcu eclipse/risc-v embedded gcc/7.2.0-4-20180606-1631/bin/../lib/gcc/riscv-none-embed/7.2.0/rv32im/ilp32\libgcc.a(muldf3.o)
 .debug_frame   0x0000000000002944       0x40 d:/hummingbird/hbird-eclipse_2018_09/gnu mcu eclipse/risc-v embedded gcc/7.2.0-4-20180606-1631/bin/../lib/gcc/riscv-none-embed/7.2.0/rv32im/ilp32\libgcc.a(subdf3.o)
 .debug_frame   0x0000000000002984       0x20 d:/hummingbird/hbird-eclipse_2018_09/gnu mcu eclipse/risc-v embedded gcc/7.2.0-4-20180606-1631/bin/../lib/gcc/riscv-none-embed/7.2.0/rv32im/ilp32\libgcc.a(fixdfsi.o)
 .debug_frame   0x00000000000029a4       0x34 d:/hummingbird/hbird-eclipse_2018_09/gnu mcu eclipse/risc-v embedded gcc/7.2.0-4-20180606-1631/bin/../lib/gcc/riscv-none-embed/7.2.0/rv32im/ilp32\libgcc.a(floatunsidf.o)
 .debug_frame   0x00000000000029d8       0x20 d:/hummingbird/hbird-eclipse_2018_09/gnu mcu eclipse/risc-v embedded gcc/7.2.0-4-20180606-1631/bin/../lib/gcc/riscv-none-embed/7.2.0/rv32im/ilp32\libgcc.a(_clzsi2.o)
 .debug_frame   0x00000000000029f8       0x20 d:/hummingbird/hbird-eclipse_2018_09/gnu mcu eclipse/risc-v embedded gcc/7.2.0-4-20180606-1631/bin/../lib/gcc/riscv-none-embed/7.2.0/../../../../riscv-none-embed/lib/rv32im/ilp32\libg.a(lib_a-memcpy.o)
 .debug_frame   0x0000000000002a18       0x30 d:/hummingbird/hbird-eclipse_2018_09/gnu mcu eclipse/risc-v embedded gcc/7.2.0-4-20180606-1631/bin/../lib/gcc/riscv-none-embed/7.2.0/../../../../riscv-none-embed/lib/rv32im/ilp32\libg.a(lib_a-rand.o)
