   1              		.file	"InfoNES_pAPU.c"
   2              		.option nopic
   3              		.text
   4              	.Ltext0:
   5              		.cfi_sections	.debug_frame
   6              	.Letext0:
   7              		.file 1 "../src/nes/K6502.h"
   8              		.file 2 "../src/nes/InfoNES_Types.h"
   9              		.file 3 "d:\\hummingbird\\hbird-eclipse_2018_09\\gnu mcu eclipse\\risc-v embedded gcc\\7.2.0-4-201
  10              		.file 4 "d:\\hummingbird\\hbird-eclipse_2018_09\\gnu mcu eclipse\\risc-v embedded gcc\\7.2.0-4-201
  11              		.file 5 "d:\\hummingbird\\hbird-eclipse_2018_09\\gnu mcu eclipse\\risc-v embedded gcc\\7.2.0-4-201
  12              		.file 6 "d:\\hummingbird\\hbird-eclipse_2018_09\\gnu mcu eclipse\\risc-v embedded gcc\\7.2.0-4-201
  13              		.file 7 "../src/nes/InfoNES.h"
  14              		.file 8 "../src/nes/InfoNES_System.h"
  15              		.file 9 "../src/nes/infones_mapper.h"
DEFINED SYMBOLS
                            *ABS*:0000000000000000 InfoNES_pAPU.c
C:\Users\rana\AppData\Local\Temp\ccwROhwm.s:1564   .debug_abbrev:0000000000000000 .Ldebug_abbrev0
C:\Users\rana\AppData\Local\Temp\ccwROhwm.s:2193   .debug_str:00000000000003db .LASF199
C:\Users\rana\AppData\Local\Temp\ccwROhwm.s:2093   .debug_str:00000000000001da .LASF200
C:\Users\rana\AppData\Local\Temp\ccwROhwm.s:2009   .debug_str:000000000000000c .LASF201
C:\Users\rana\AppData\Local\Temp\ccwROhwm.s:2005   .debug_line:0000000000000000 .Ldebug_line0
C:\Users\rana\AppData\Local\Temp\ccwROhwm.s:2113   .debug_str:0000000000000246 .LASF0
C:\Users\rana\AppData\Local\Temp\ccwROhwm.s:2167   .debug_str:0000000000000353 .LASF2
C:\Users\rana\AppData\Local\Temp\ccwROhwm.s:2219   .debug_str:00000000000004ed .LASF1
C:\Users\rana\AppData\Local\Temp\ccwROhwm.s:2179   .debug_str:0000000000000398 .LASF3
C:\Users\rana\AppData\Local\Temp\ccwROhwm.s:2145   .debug_str:00000000000002eb .LASF4
C:\Users\rana\AppData\Local\Temp\ccwROhwm.s:2249   .debug_str:000000000000057e .LASF5
C:\Users\rana\AppData\Local\Temp\ccwROhwm.s:2087   .debug_str:00000000000001bf .LASF6
C:\Users\rana\AppData\Local\Temp\ccwROhwm.s:2017   .debug_str:0000000000000054 .LASF7
C:\Users\rana\AppData\Local\Temp\ccwROhwm.s:2127   .debug_str:000000000000028f .LASF8
C:\Users\rana\AppData\Local\Temp\ccwROhwm.s:2011   .debug_str:000000000000003d .LASF9
C:\Users\rana\AppData\Local\Temp\ccwROhwm.s:2071   .debug_str:0000000000000174 .LASF10
C:\Users\rana\AppData\Local\Temp\ccwROhwm.s:2259   .debug_str:00000000000005b2 .LASF11
C:\Users\rana\AppData\Local\Temp\ccwROhwm.s:2091   .debug_str:00000000000001d1 .LASF12
C:\Users\rana\AppData\Local\Temp\ccwROhwm.s:2069   .debug_str:0000000000000166 .LASF13
C:\Users\rana\AppData\Local\Temp\ccwROhwm.s:2049   .debug_str:00000000000000e6 .LASF14
C:\Users\rana\AppData\Local\Temp\ccwROhwm.s:2153   .debug_str:0000000000000305 .LASF15
C:\Users\rana\AppData\Local\Temp\ccwROhwm.s:2217   .debug_str:00000000000004e1 .LASF16
C:\Users\rana\AppData\Local\Temp\ccwROhwm.s:2241   .debug_str:0000000000000549 .LASF17
C:\Users\rana\AppData\Local\Temp\ccwROhwm.s:2231   .debug_str:000000000000051c .LASF18
C:\Users\rana\AppData\Local\Temp\ccwROhwm.s:2309   .debug_str:000000000000069f .LASF19
C:\Users\rana\AppData\Local\Temp\ccwROhwm.s:2363   .debug_str:00000000000007a8 .LASF20
C:\Users\rana\AppData\Local\Temp\ccwROhwm.s:2195   .debug_str:000000000000047d .LASF21
C:\Users\rana\AppData\Local\Temp\ccwROhwm.s:2189   .debug_str:00000000000003ce .LASF22
C:\Users\rana\AppData\Local\Temp\ccwROhwm.s:2155   .debug_str:0000000000000312 .LASF23
C:\Users\rana\AppData\Local\Temp\ccwROhwm.s:2301   .debug_str:000000000000067d .LASF24
C:\Users\rana\AppData\Local\Temp\ccwROhwm.s:2303   .debug_str:0000000000000685 .LASF25
C:\Users\rana\AppData\Local\Temp\ccwROhwm.s:2271   .debug_str:00000000000005ea .LASF26
C:\Users\rana\AppData\Local\Temp\ccwROhwm.s:2137   .debug_str:00000000000002c3 .LASF27
C:\Users\rana\AppData\Local\Temp\ccwROhwm.s:2341   .debug_str:0000000000000741 .LASF28
C:\Users\rana\AppData\Local\Temp\ccwROhwm.s:2141   .debug_str:00000000000002d4 .LASF33
C:\Users\rana\AppData\Local\Temp\ccwROhwm.s:2329   .debug_str:000000000000070b .LASF29
C:\Users\rana\AppData\Local\Temp\ccwROhwm.s:2293   .debug_str:000000000000065c .LASF30
C:\Users\rana\AppData\Local\Temp\ccwROhwm.s:2135   .debug_str:00000000000002bd .LASF31
C:\Users\rana\AppData\Local\Temp\ccwROhwm.s:2357   .debug_str:0000000000000793 .LASF32
C:\Users\rana\AppData\Local\Temp\ccwROhwm.s:2151   .debug_str:0000000000000300 .LASF34
C:\Users\rana\AppData\Local\Temp\ccwROhwm.s:2065   .debug_str:0000000000000151 .LASF35
C:\Users\rana\AppData\Local\Temp\ccwROhwm.s:2319   .debug_str:00000000000006d0 .LASF36
C:\Users\rana\AppData\Local\Temp\ccwROhwm.s:2079   .debug_str:0000000000000198 .LASF37
C:\Users\rana\AppData\Local\Temp\ccwROhwm.s:2409   .debug_str:000000000000087c .LASF38
C:\Users\rana\AppData\Local\Temp\ccwROhwm.s:2225   .debug_str:0000000000000500 .LASF39
C:\Users\rana\AppData\Local\Temp\ccwROhwm.s:2213   .debug_str:00000000000004ce .LASF40
C:\Users\rana\AppData\Local\Temp\ccwROhwm.s:2359   .debug_str:0000000000000798 .LASF41
C:\Users\rana\AppData\Local\Temp\ccwROhwm.s:2261   .debug_str:00000000000005bc .LASF42
C:\Users\rana\AppData\Local\Temp\ccwROhwm.s:2383   .debug_str:0000000000000803 .LASF43
C:\Users\rana\AppData\Local\Temp\ccwROhwm.s:2085   .debug_str:00000000000001b1 .LASF44
C:\Users\rana\AppData\Local\Temp\ccwROhwm.s:2121   .debug_str:0000000000000273 .LASF45
C:\Users\rana\AppData\Local\Temp\ccwROhwm.s:2007   .debug_str:0000000000000000 .LASF46
C:\Users\rana\AppData\Local\Temp\ccwROhwm.s:2335   .debug_str:000000000000072a .LASF47
C:\Users\rana\AppData\Local\Temp\ccwROhwm.s:2099   .debug_str:0000000000000202 .LASF48
C:\Users\rana\AppData\Local\Temp\ccwROhwm.s:2227   .debug_str:0000000000000509 .LASF49
C:\Users\rana\AppData\Local\Temp\ccwROhwm.s:2285   .debug_str:000000000000062c .LASF50
C:\Users\rana\AppData\Local\Temp\ccwROhwm.s:2183   .debug_str:00000000000003b4 .LASF51
C:\Users\rana\AppData\Local\Temp\ccwROhwm.s:2263   .debug_str:00000000000005c6 .LASF52
C:\Users\rana\AppData\Local\Temp\ccwROhwm.s:2075   .debug_str:0000000000000186 .LASF53
C:\Users\rana\AppData\Local\Temp\ccwROhwm.s:2015   .debug_str:000000000000004e .LASF54
C:\Users\rana\AppData\Local\Temp\ccwROhwm.s:2273   .debug_str:00000000000005f5 .LASF55
C:\Users\rana\AppData\Local\Temp\ccwROhwm.s:2097   .debug_str:00000000000001fb .LASF56
C:\Users\rana\AppData\Local\Temp\ccwROhwm.s:2169   .debug_str:0000000000000365 .LASF57
C:\Users\rana\AppData\Local\Temp\ccwROhwm.s:2051   .debug_str:00000000000000fd .LASF58
C:\Users\rana\AppData\Local\Temp\ccwROhwm.s:2019   .debug_str:000000000000005e .LASF59
C:\Users\rana\AppData\Local\Temp\ccwROhwm.s:2147   .debug_str:00000000000002f0 .LASF60
C:\Users\rana\AppData\Local\Temp\ccwROhwm.s:2211   .debug_str:00000000000004c7 .LASF61
C:\Users\rana\AppData\Local\Temp\ccwROhwm.s:2305   .debug_str:000000000000068d .LASF62
C:\Users\rana\AppData\Local\Temp\ccwROhwm.s:2389   .debug_str:0000000000000829 .LASF63
C:\Users\rana\AppData\Local\Temp\ccwROhwm.s:2073   .debug_str:0000000000000180 .LASF64
C:\Users\rana\AppData\Local\Temp\ccwROhwm.s:2375   .debug_str:00000000000007e5 .LASF65
C:\Users\rana\AppData\Local\Temp\ccwROhwm.s:2105   .debug_str:0000000000000216 .LASF66
C:\Users\rana\AppData\Local\Temp\ccwROhwm.s:2115   .debug_str:000000000000024c .LASF67
C:\Users\rana\AppData\Local\Temp\ccwROhwm.s:2039   .debug_str:00000000000000b4 .LASF68
C:\Users\rana\AppData\Local\Temp\ccwROhwm.s:2199   .debug_str:000000000000048e .LASF69
C:\Users\rana\AppData\Local\Temp\ccwROhwm.s:2275   .debug_str:00000000000005fd .LASF70
C:\Users\rana\AppData\Local\Temp\ccwROhwm.s:2203   .debug_str:000000000000049e .LASF71
C:\Users\rana\AppData\Local\Temp\ccwROhwm.s:2295   .debug_str:0000000000000664 .LASF72
C:\Users\rana\AppData\Local\Temp\ccwROhwm.s:2313   .debug_str:00000000000006b2 .LASF73
C:\Users\rana\AppData\Local\Temp\ccwROhwm.s:2101   .debug_str:000000000000020a .LASF74
C:\Users\rana\AppData\Local\Temp\ccwROhwm.s:2159   .debug_str:000000000000032a .LASF75
C:\Users\rana\AppData\Local\Temp\ccwROhwm.s:2139   .debug_str:00000000000002cc .LASF76
C:\Users\rana\AppData\Local\Temp\ccwROhwm.s:2283   .debug_str:0000000000000627 .LASF77
C:\Users\rana\AppData\Local\Temp\ccwROhwm.s:2029   .debug_str:0000000000000088 .LASF78
C:\Users\rana\AppData\Local\Temp\ccwROhwm.s:2291   .debug_str:0000000000000643 .LASF79
C:\Users\rana\AppData\Local\Temp\ccwROhwm.s:2287   .debug_str:0000000000000631 .LASF80
C:\Users\rana\AppData\Local\Temp\ccwROhwm.s:2229   .debug_str:0000000000000511 .LASF81
C:\Users\rana\AppData\Local\Temp\ccwROhwm.s:2289   .debug_str:0000000000000639 .LASF82
C:\Users\rana\AppData\Local\Temp\ccwROhwm.s:2187   .debug_str:00000000000003c6 .LASF83
C:\Users\rana\AppData\Local\Temp\ccwROhwm.s:2149   .debug_str:00000000000002f6 .LASF84
C:\Users\rana\AppData\Local\Temp\ccwROhwm.s:2395   .debug_str:0000000000000843 .LASF85
C:\Users\rana\AppData\Local\Temp\ccwROhwm.s:2237   .debug_str:000000000000053a .LASF86
C:\Users\rana\AppData\Local\Temp\ccwROhwm.s:2163   .debug_str:000000000000033b .LASF87
C:\Users\rana\AppData\Local\Temp\ccwROhwm.s:2245   .debug_str:0000000000000564 .LASF88
C:\Users\rana\AppData\Local\Temp\ccwROhwm.s:2253   .debug_str:0000000000000599 .LASF89
C:\Users\rana\AppData\Local\Temp\ccwROhwm.s:2181   .debug_str:00000000000003ab .LASF90
C:\Users\rana\AppData\Local\Temp\ccwROhwm.s:2369   .debug_str:00000000000007c5 .LASF91
C:\Users\rana\AppData\Local\Temp\ccwROhwm.s:2089   .debug_str:00000000000001c9 .LASF92
C:\Users\rana\AppData\Local\Temp\ccwROhwm.s:2083   .debug_str:00000000000001ac .LASF93
C:\Users\rana\AppData\Local\Temp\ccwROhwm.s:2315   .debug_str:00000000000006b9 .LASF94
C:\Users\rana\AppData\Local\Temp\ccwROhwm.s:2269   .debug_str:00000000000005e3 .LASF95
C:\Users\rana\AppData\Local\Temp\ccwROhwm.s:2361   .debug_str:00000000000007a2 .LASF96
C:\Users\rana\AppData\Local\Temp\ccwROhwm.s:2177   .debug_str:0000000000000391 .LASF97
C:\Users\rana\AppData\Local\Temp\ccwROhwm.s:2265   .debug_str:00000000000005cd .LASF98
C:\Users\rana\AppData\Local\Temp\ccwROhwm.s:2021   .debug_str:0000000000000066 .LASF99
C:\Users\rana\AppData\Local\Temp\ccwROhwm.s:2297   .debug_str:000000000000066b .LASF100
C:\Users\rana\AppData\Local\Temp\ccwROhwm.s:2325   .debug_str:00000000000006f7 .LASF101
C:\Users\rana\AppData\Local\Temp\ccwROhwm.s:2339   .debug_str:000000000000073c .LASF102
C:\Users\rana\AppData\Local\Temp\ccwROhwm.s:2353   .debug_str:0000000000000781 .LASF103
C:\Users\rana\AppData\Local\Temp\ccwROhwm.s:2331   .debug_str:0000000000000711 .LASF104
C:\Users\rana\AppData\Local\Temp\ccwROhwm.s:2185   .debug_str:00000000000003b9 .LASF105
C:\Users\rana\AppData\Local\Temp\ccwROhwm.s:2385   .debug_str:000000000000080e .LASF106
C:\Users\rana\AppData\Local\Temp\ccwROhwm.s:2143   .debug_str:00000000000002dc .LASF107
C:\Users\rana\AppData\Local\Temp\ccwROhwm.s:2277   .debug_str:0000000000000606 .LASF108
C:\Users\rana\AppData\Local\Temp\ccwROhwm.s:2391   .debug_str:0000000000000830 .LASF109
C:\Users\rana\AppData\Local\Temp\ccwROhwm.s:2281   .debug_str:000000000000061a .LASF110
C:\Users\rana\AppData\Local\Temp\ccwROhwm.s:2393   .debug_str:0000000000000835 .LASF111
C:\Users\rana\AppData\Local\Temp\ccwROhwm.s:2063   .debug_str:0000000000000143 .LASF112
C:\Users\rana\AppData\Local\Temp\ccwROhwm.s:2365   .debug_str:00000000000007b1 .LASF113
C:\Users\rana\AppData\Local\Temp\ccwROhwm.s:2047   .debug_str:00000000000000da .LASF114
C:\Users\rana\AppData\Local\Temp\ccwROhwm.s:2343   .debug_str:0000000000000749 .LASF115
C:\Users\rana\AppData\Local\Temp\ccwROhwm.s:2119   .debug_str:0000000000000265 .LASF116
C:\Users\rana\AppData\Local\Temp\ccwROhwm.s:2057   .debug_str:0000000000000121 .LASF117
C:\Users\rana\AppData\Local\Temp\ccwROhwm.s:2117   .debug_str:0000000000000254 .LASF118
C:\Users\rana\AppData\Local\Temp\ccwROhwm.s:2045   .debug_str:00000000000000cb .LASF119
C:\Users\rana\AppData\Local\Temp\ccwROhwm.s:2157   .debug_str:0000000000000319 .LASF120
C:\Users\rana\AppData\Local\Temp\ccwROhwm.s:2257   .debug_str:00000000000005a9 .LASF121
C:\Users\rana\AppData\Local\Temp\ccwROhwm.s:2191   .debug_str:00000000000003d4 .LASF122
C:\Users\rana\AppData\Local\Temp\ccwROhwm.s:2215   .debug_str:00000000000004d8 .LASF123
C:\Users\rana\AppData\Local\Temp\ccwROhwm.s:2377   .debug_str:00000000000007eb .LASF124
C:\Users\rana\AppData\Local\Temp\ccwROhwm.s:2053   .debug_str:0000000000000106 .LASF202
C:\Users\rana\AppData\Local\Temp\ccwROhwm.s:2307   .debug_str:0000000000000693 .LASF125
C:\Users\rana\AppData\Local\Temp\ccwROhwm.s:2347   .debug_str:000000000000075e .LASF126
C:\Users\rana\AppData\Local\Temp\ccwROhwm.s:2103   .debug_str:0000000000000211 .LASF127
C:\Users\rana\AppData\Local\Temp\ccwROhwm.s:2207   .debug_str:00000000000004b4 .LASF128
C:\Users\rana\AppData\Local\Temp\ccwROhwm.s:2399   .debug_str:000000000000084d .LASF129
C:\Users\rana\AppData\Local\Temp\ccwROhwm.s:2401   .debug_str:0000000000000856 .LASF130
C:\Users\rana\AppData\Local\Temp\ccwROhwm.s:2403   .debug_str:000000000000085f .LASF131
C:\Users\rana\AppData\Local\Temp\ccwROhwm.s:2405   .debug_str:0000000000000868 .LASF132
C:\Users\rana\AppData\Local\Temp\ccwROhwm.s:2355   .debug_str:000000000000078e .LASF133
C:\Users\rana\AppData\Local\Temp\ccwROhwm.s:2239   .debug_str:0000000000000544 .LASF134
C:\Users\rana\AppData\Local\Temp\ccwROhwm.s:2059   .debug_str:0000000000000130 .LASF135
C:\Users\rana\AppData\Local\Temp\ccwROhwm.s:2095   .debug_str:00000000000001f4 .LASF136
C:\Users\rana\AppData\Local\Temp\ccwROhwm.s:2037   .debug_str:00000000000000ad .LASF137
C:\Users\rana\AppData\Local\Temp\ccwROhwm.s:2041   .debug_str:00000000000000ba .LASF138
C:\Users\rana\AppData\Local\Temp\ccwROhwm.s:2023   .debug_str:000000000000006e .LASF139
C:\Users\rana\AppData\Local\Temp\ccwROhwm.s:2025   .debug_str:0000000000000075 .LASF140
C:\Users\rana\AppData\Local\Temp\ccwROhwm.s:2031   .debug_str:0000000000000093 .LASF141
C:\Users\rana\AppData\Local\Temp\ccwROhwm.s:2109   .debug_str:000000000000022b .LASF142
C:\Users\rana\AppData\Local\Temp\ccwROhwm.s:2205   .debug_str:00000000000004a6 .LASF143
C:\Users\rana\AppData\Local\Temp\ccwROhwm.s:2345   .debug_str:0000000000000756 .LASF144
C:\Users\rana\AppData\Local\Temp\ccwROhwm.s:2373   .debug_str:00000000000007dd .LASF145
C:\Users\rana\AppData\Local\Temp\ccwROhwm.s:2379   .debug_str:00000000000007f3 .LASF146
C:\Users\rana\AppData\Local\Temp\ccwROhwm.s:2381   .debug_str:00000000000007fb .LASF147
C:\Users\rana\AppData\Local\Temp\ccwROhwm.s:2333   .debug_str:000000000000071e .LASF148
C:\Users\rana\AppData\Local\Temp\ccwROhwm.s:2055   .debug_str:0000000000000111 .LASF149
C:\Users\rana\AppData\Local\Temp\ccwROhwm.s:2251   .debug_str:000000000000058c .LASF150
C:\Users\rana\AppData\Local\Temp\ccwROhwm.s:2171   .debug_str:000000000000036b .LASF151
C:\Users\rana\AppData\Local\Temp\ccwROhwm.s:2247   .debug_str:000000000000056c .LASF152
C:\Users\rana\AppData\Local\Temp\ccwROhwm.s:2077   .debug_str:000000000000018c .LASF153
C:\Users\rana\AppData\Local\Temp\ccwROhwm.s:2107   .debug_str:000000000000021f .LASF154
C:\Users\rana\AppData\Local\Temp\ccwROhwm.s:2411   .debug_str:0000000000000886 .LASF155
C:\Users\rana\AppData\Local\Temp\ccwROhwm.s:2317   .debug_str:00000000000006be .LASF156
C:\Users\rana\AppData\Local\Temp\ccwROhwm.s:2165   .debug_str:0000000000000343 .LASF157
C:\Users\rana\AppData\Local\Temp\ccwROhwm.s:2131   .debug_str:00000000000002a7 .LASF158
C:\Users\rana\AppData\Local\Temp\ccwROhwm.s:2197   .debug_str:0000000000000484 .LASF159
C:\Users\rana\AppData\Local\Temp\ccwROhwm.s:2279   .debug_str:0000000000000611 .LASF160
C:\Users\rana\AppData\Local\Temp\ccwROhwm.s:2035   .debug_str:00000000000000a3 .LASF161
C:\Users\rana\AppData\Local\Temp\ccwROhwm.s:2327   .debug_str:00000000000006fd .LASF162
C:\Users\rana\AppData\Local\Temp\ccwROhwm.s:2161   .debug_str:0000000000000332 .LASF163
C:\Users\rana\AppData\Local\Temp\ccwROhwm.s:2233   .debug_str:0000000000000523 .LASF164
C:\Users\rana\AppData\Local\Temp\ccwROhwm.s:2255   .debug_str:000000000000059e .LASF165
C:\Users\rana\AppData\Local\Temp\ccwROhwm.s:2349   .debug_str:0000000000000771 .LASF166
C:\Users\rana\AppData\Local\Temp\ccwROhwm.s:2321   .debug_str:00000000000006d9 .LASF167
C:\Users\rana\AppData\Local\Temp\ccwROhwm.s:2221   .debug_str:00000000000004f2 .LASF168
C:\Users\rana\AppData\Local\Temp\ccwROhwm.s:2337   .debug_str:0000000000000733 .LASF169
C:\Users\rana\AppData\Local\Temp\ccwROhwm.s:2235   .debug_str:000000000000052c .LASF170
C:\Users\rana\AppData\Local\Temp\ccwROhwm.s:2223   .debug_str:00000000000004fb .LASF171
C:\Users\rana\AppData\Local\Temp\ccwROhwm.s:2367   .debug_str:00000000000007bb .LASF172
C:\Users\rana\AppData\Local\Temp\ccwROhwm.s:2407   .debug_str:0000000000000871 .LASF173
C:\Users\rana\AppData\Local\Temp\ccwROhwm.s:2125   .debug_str:0000000000000287 .LASF174
C:\Users\rana\AppData\Local\Temp\ccwROhwm.s:2129   .debug_str:000000000000029f .LASF175
C:\Users\rana\AppData\Local\Temp\ccwROhwm.s:2201   .debug_str:0000000000000494 .LASF176
C:\Users\rana\AppData\Local\Temp\ccwROhwm.s:2209   .debug_str:00000000000004bd .LASF177
C:\Users\rana\AppData\Local\Temp\ccwROhwm.s:2243   .debug_str:000000000000055b .LASF178
C:\Users\rana\AppData\Local\Temp\ccwROhwm.s:2371   .debug_str:00000000000007cf .LASF179
C:\Users\rana\AppData\Local\Temp\ccwROhwm.s:2033   .debug_str:000000000000009a .LASF180
C:\Users\rana\AppData\Local\Temp\ccwROhwm.s:2133   .debug_str:00000000000002b1 .LASF181
C:\Users\rana\AppData\Local\Temp\ccwROhwm.s:2299   .debug_str:0000000000000671 .LASF182
C:\Users\rana\AppData\Local\Temp\ccwROhwm.s:2311   .debug_str:00000000000006a7 .LASF183
C:\Users\rana\AppData\Local\Temp\ccwROhwm.s:2351   .debug_str:000000000000077c .LASF184
C:\Users\rana\AppData\Local\Temp\ccwROhwm.s:2397   .debug_str:0000000000000848 .LASF185
C:\Users\rana\AppData\Local\Temp\ccwROhwm.s:2013   .debug_str:0000000000000043 .LASF186
C:\Users\rana\AppData\Local\Temp\ccwROhwm.s:2387   .debug_str:000000000000081d .LASF187
C:\Users\rana\AppData\Local\Temp\ccwROhwm.s:2061   .debug_str:0000000000000138 .LASF188
C:\Users\rana\AppData\Local\Temp\ccwROhwm.s:2043   .debug_str:00000000000000c1 .LASF189
C:\Users\rana\AppData\Local\Temp\ccwROhwm.s:2173   .debug_str:0000000000000379 .LASF190
C:\Users\rana\AppData\Local\Temp\ccwROhwm.s:2027   .debug_str:000000000000007c .LASF191
C:\Users\rana\AppData\Local\Temp\ccwROhwm.s:2111   .debug_str:000000000000023a .LASF192
C:\Users\rana\AppData\Local\Temp\ccwROhwm.s:2175   .debug_str:0000000000000387 .LASF193
C:\Users\rana\AppData\Local\Temp\ccwROhwm.s:2323   .debug_str:00000000000006e4 .LASF194
C:\Users\rana\AppData\Local\Temp\ccwROhwm.s:2267   .debug_str:00000000000005d3 .LASF195
C:\Users\rana\AppData\Local\Temp\ccwROhwm.s:2081   .debug_str:00000000000001a2 .LASF196
C:\Users\rana\AppData\Local\Temp\ccwROhwm.s:2123   .debug_str:000000000000027b .LASF197
C:\Users\rana\AppData\Local\Temp\ccwROhwm.s:2067   .debug_str:000000000000015a .LASF198
C:\Users\rana\AppData\Local\Temp\ccwROhwm.s:17     .debug_info:0000000000000000 .Ldebug_info0

NO UNDEFINED SYMBOLS
