   1              		.file	"InfoNES_pAPU.c"
   2              		.option nopic
   3              		.text
   4              	.Ltext0:
   5              		.cfi_sections	.debug_frame
   6              	.Letext0:
   7              		.file 1 "../src/K6502.h"
   8              		.file 2 "../src/InfoNES.h"
   9              		.file 3 "../src/InfoNES_System.h"
DEFINED SYMBOLS
                            *ABS*:0000000000000000 InfoNES_pAPU.c
C:\Users\rana\AppData\Local\Temp\ccAZ0DpY.s:549    .debug_abbrev:0000000000000000 .Ldebug_abbrev0
C:\Users\rana\AppData\Local\Temp\ccAZ0DpY.s:888    .debug_str:00000000000002d2 .LASF85
C:\Users\rana\AppData\Local\Temp\ccAZ0DpY.s:798    .debug_str:00000000000000be .LASF86
C:\Users\rana\AppData\Local\Temp\ccAZ0DpY.s:864    .debug_str:0000000000000243 .LASF87
C:\Users\rana\AppData\Local\Temp\ccAZ0DpY.s:762    .debug_line:0000000000000000 .Ldebug_line0
C:\Users\rana\AppData\Local\Temp\ccAZ0DpY.s:790    .debug_str:000000000000009b .LASF0
C:\Users\rana\AppData\Local\Temp\ccAZ0DpY.s:830    .debug_str:000000000000017e .LASF2
C:\Users\rana\AppData\Local\Temp\ccAZ0DpY.s:786    .debug_str:000000000000008a .LASF1
C:\Users\rana\AppData\Local\Temp\ccAZ0DpY.s:834    .debug_str:000000000000019c .LASF3
C:\Users\rana\AppData\Local\Temp\ccAZ0DpY.s:794    .debug_str:00000000000000b0 .LASF4
C:\Users\rana\AppData\Local\Temp\ccAZ0DpY.s:818    .debug_str:0000000000000147 .LASF5
C:\Users\rana\AppData\Local\Temp\ccAZ0DpY.s:842    .debug_str:00000000000001ce .LASF6
C:\Users\rana\AppData\Local\Temp\ccAZ0DpY.s:850    .debug_str:00000000000001f7 .LASF7
C:\Users\rana\AppData\Local\Temp\ccAZ0DpY.s:806    .debug_str:00000000000000f8 .LASF8
C:\Users\rana\AppData\Local\Temp\ccAZ0DpY.s:840    .debug_str:00000000000001c9 .LASF9
C:\Users\rana\AppData\Local\Temp\ccAZ0DpY.s:906    .debug_str:00000000000003e8 .LASF10
C:\Users\rana\AppData\Local\Temp\ccAZ0DpY.s:796    .debug_str:00000000000000b5 .LASF11
C:\Users\rana\AppData\Local\Temp\ccAZ0DpY.s:820    .debug_str:0000000000000155 .LASF12
C:\Users\rana\AppData\Local\Temp\ccAZ0DpY.s:822    .debug_str:000000000000015e .LASF13
C:\Users\rana\AppData\Local\Temp\ccAZ0DpY.s:824    .debug_str:0000000000000167 .LASF14
C:\Users\rana\AppData\Local\Temp\ccAZ0DpY.s:826    .debug_str:0000000000000170 .LASF15
C:\Users\rana\AppData\Local\Temp\ccAZ0DpY.s:844    .debug_str:00000000000001d8 .LASF16
C:\Users\rana\AppData\Local\Temp\ccAZ0DpY.s:880    .debug_str:00000000000002b0 .LASF17
C:\Users\rana\AppData\Local\Temp\ccAZ0DpY.s:886    .debug_str:00000000000002cb .LASF18
C:\Users\rana\AppData\Local\Temp\ccAZ0DpY.s:874    .debug_str:000000000000029b .LASF19
C:\Users\rana\AppData\Local\Temp\ccAZ0DpY.s:876    .debug_str:00000000000002a2 .LASF20
C:\Users\rana\AppData\Local\Temp\ccAZ0DpY.s:878    .debug_str:00000000000002a9 .LASF21
C:\Users\rana\AppData\Local\Temp\ccAZ0DpY.s:768    .debug_str:0000000000000022 .LASF22
C:\Users\rana\AppData\Local\Temp\ccAZ0DpY.s:780    .debug_str:000000000000006f .LASF23
C:\Users\rana\AppData\Local\Temp\ccAZ0DpY.s:910    .debug_str:00000000000003fe .LASF24
C:\Users\rana\AppData\Local\Temp\ccAZ0DpY.s:804    .debug_str:00000000000000e9 .LASF25
C:\Users\rana\AppData\Local\Temp\ccAZ0DpY.s:792    .debug_str:00000000000000a1 .LASF26
C:\Users\rana\AppData\Local\Temp\ccAZ0DpY.s:766    .debug_str:000000000000000e .LASF27
C:\Users\rana\AppData\Local\Temp\ccAZ0DpY.s:900    .debug_str:00000000000003b4 .LASF28
C:\Users\rana\AppData\Local\Temp\ccAZ0DpY.s:902    .debug_str:00000000000003c2 .LASF29
C:\Users\rana\AppData\Local\Temp\ccAZ0DpY.s:914    .debug_str:0000000000000416 .LASF30
C:\Users\rana\AppData\Local\Temp\ccAZ0DpY.s:920    .debug_str:0000000000000439 .LASF31
C:\Users\rana\AppData\Local\Temp\ccAZ0DpY.s:772    .debug_str:0000000000000033 .LASF32
C:\Users\rana\AppData\Local\Temp\ccAZ0DpY.s:812    .debug_str:000000000000011b .LASF33
C:\Users\rana\AppData\Local\Temp\ccAZ0DpY.s:814    .debug_str:000000000000012f .LASF34
C:\Users\rana\AppData\Local\Temp\ccAZ0DpY.s:898    .debug_str:00000000000003a1 .LASF35
C:\Users\rana\AppData\Local\Temp\ccAZ0DpY.s:890    .debug_str:0000000000000374 .LASF36
C:\Users\rana\AppData\Local\Temp\ccAZ0DpY.s:882    .debug_str:00000000000002b8 .LASF37
C:\Users\rana\AppData\Local\Temp\ccAZ0DpY.s:776    .debug_str:0000000000000054 .LASF38
C:\Users\rana\AppData\Local\Temp\ccAZ0DpY.s:922    .debug_str:0000000000000448 .LASF39
C:\Users\rana\AppData\Local\Temp\ccAZ0DpY.s:838    .debug_str:00000000000001b9 .LASF40
C:\Users\rana\AppData\Local\Temp\ccAZ0DpY.s:908    .debug_str:00000000000003f1 .LASF41
C:\Users\rana\AppData\Local\Temp\ccAZ0DpY.s:848    .debug_str:00000000000001e9 .LASF42
C:\Users\rana\AppData\Local\Temp\ccAZ0DpY.s:774    .debug_str:0000000000000042 .LASF43
C:\Users\rana\AppData\Local\Temp\ccAZ0DpY.s:934    .debug_str:000000000000048c .LASF44
C:\Users\rana\AppData\Local\Temp\ccAZ0DpY.s:832    .debug_str:0000000000000190 .LASF45
C:\Users\rana\AppData\Local\Temp\ccAZ0DpY.s:856    .debug_str:0000000000000216 .LASF46
C:\Users\rana\AppData\Local\Temp\ccAZ0DpY.s:778    .debug_str:000000000000005d .LASF47
C:\Users\rana\AppData\Local\Temp\ccAZ0DpY.s:916    .debug_str:0000000000000420 .LASF48
C:\Users\rana\AppData\Local\Temp\ccAZ0DpY.s:810    .debug_str:0000000000000111 .LASF49
C:\Users\rana\AppData\Local\Temp\ccAZ0DpY.s:816    .debug_str:000000000000013d .LASF50
C:\Users\rana\AppData\Local\Temp\ccAZ0DpY.s:784    .debug_str:0000000000000081 .LASF51
C:\Users\rana\AppData\Local\Temp\ccAZ0DpY.s:852    .debug_str:0000000000000201 .LASF52
C:\Users\rana\AppData\Local\Temp\ccAZ0DpY.s:870    .debug_str:0000000000000283 .LASF53
C:\Users\rana\AppData\Local\Temp\ccAZ0DpY.s:884    .debug_str:00000000000002c1 .LASF54
C:\Users\rana\AppData\Local\Temp\ccAZ0DpY.s:828    .debug_str:0000000000000177 .LASF55
C:\Users\rana\AppData\Local\Temp\ccAZ0DpY.s:940    .debug_str:00000000000004ad .LASF56
C:\Users\rana\AppData\Local\Temp\ccAZ0DpY.s:924    .debug_str:0000000000000456 .LASF57
C:\Users\rana\AppData\Local\Temp\ccAZ0DpY.s:872    .debug_str:0000000000000290 .LASF58
C:\Users\rana\AppData\Local\Temp\ccAZ0DpY.s:894    .debug_str:000000000000038c .LASF59
C:\Users\rana\AppData\Local\Temp\ccAZ0DpY.s:932    .debug_str:0000000000000481 .LASF60
C:\Users\rana\AppData\Local\Temp\ccAZ0DpY.s:892    .debug_str:0000000000000383 .LASF61
C:\Users\rana\AppData\Local\Temp\ccAZ0DpY.s:918    .debug_str:0000000000000430 .LASF62
C:\Users\rana\AppData\Local\Temp\ccAZ0DpY.s:854    .debug_str:000000000000020b .LASF63
C:\Users\rana\AppData\Local\Temp\ccAZ0DpY.s:846    .debug_str:00000000000001dd .LASF64
C:\Users\rana\AppData\Local\Temp\ccAZ0DpY.s:782    .debug_str:0000000000000076 .LASF65
C:\Users\rana\AppData\Local\Temp\ccAZ0DpY.s:936    .debug_str:0000000000000498 .LASF66
C:\Users\rana\AppData\Local\Temp\ccAZ0DpY.s:926    .debug_str:000000000000045f .LASF67
C:\Users\rana\AppData\Local\Temp\ccAZ0DpY.s:862    .debug_str:0000000000000237 .LASF68
C:\Users\rana\AppData\Local\Temp\ccAZ0DpY.s:788    .debug_str:000000000000008f .LASF69
C:\Users\rana\AppData\Local\Temp\ccAZ0DpY.s:770    .debug_str:0000000000000029 .LASF70
C:\Users\rana\AppData\Local\Temp\ccAZ0DpY.s:904    .debug_str:00000000000003d5 .LASF71
C:\Users\rana\AppData\Local\Temp\ccAZ0DpY.s:912    .debug_str:0000000000000408 .LASF88
C:\Users\rana\AppData\Local\Temp\ccAZ0DpY.s:868    .debug_str:000000000000027e .LASF72
C:\Users\rana\AppData\Local\Temp\ccAZ0DpY.s:866    .debug_str:0000000000000274 .LASF73
C:\Users\rana\AppData\Local\Temp\ccAZ0DpY.s:860    .debug_str:000000000000022c .LASF74
C:\Users\rana\AppData\Local\Temp\ccAZ0DpY.s:858    .debug_str:0000000000000224 .LASF75
C:\Users\rana\AppData\Local\Temp\ccAZ0DpY.s:930    .debug_str:0000000000000479 .LASF76
C:\Users\rana\AppData\Local\Temp\ccAZ0DpY.s:896    .debug_str:0000000000000397 .LASF77
C:\Users\rana\AppData\Local\Temp\ccAZ0DpY.s:836    .debug_str:00000000000001af .LASF78
C:\Users\rana\AppData\Local\Temp\ccAZ0DpY.s:800    .debug_str:00000000000000d4 .LASF79
C:\Users\rana\AppData\Local\Temp\ccAZ0DpY.s:764    .debug_str:0000000000000000 .LASF80
C:\Users\rana\AppData\Local\Temp\ccAZ0DpY.s:808    .debug_str:0000000000000108 .LASF81
C:\Users\rana\AppData\Local\Temp\ccAZ0DpY.s:802    .debug_str:00000000000000dd .LASF82
C:\Users\rana\AppData\Local\Temp\ccAZ0DpY.s:928    .debug_str:000000000000046d .LASF83
C:\Users\rana\AppData\Local\Temp\ccAZ0DpY.s:938    .debug_str:00000000000004a2 .LASF84
C:\Users\rana\AppData\Local\Temp\ccAZ0DpY.s:11     .debug_info:0000000000000000 .Ldebug_info0

NO UNDEFINED SYMBOLS
