   1              		.file	"main.c"
   2              		.option nopic
   3              		.text
   4              	.Ltext0:
   5              		.cfi_sections	.debug_frame
   6              		.section	.text.led_blink,"ax",@progbits
   7              		.align	1
   8              		.globl	led_blink
  10              	led_blink:
  11              	.LFB1:
  12              		.file 1 "../src/main.c"
   1:../src/main.c **** #include "uart.h"
   2:../src/main.c **** #include "nes/infoNES.h"
   3:../src/main.c **** //#include "snake.h"
   4:../src/main.c **** 
   5:../src/main.c **** #define led_address 			(*(volatile uint32_t*)0x00040020)
   6:../src/main.c **** #define gpio_address 			(*(volatile uint32_t*)0x00040030)
   7:../src/main.c **** #define gpio_point   			(volatile uint32_t*)0x00040030
   8:../src/main.c **** 
   9:../src/main.c **** //#define rgb_out_address				(*(volatile uint32_t*)0x00008040)
  10:../src/main.c **** //#define rgb_in_address				(*(volatile uint32_t*)0x00008050)
  11:../src/main.c **** //#define rgb_point				    (volatile uint32_t*)0x00008050
  12:../src/main.c **** ////
  13:../src/main.c **** //#define user_block_u_address		(*(volatile uint32_t*)0x00008080)
  14:../src/main.c **** //#define user_block_d_address		(*(volatile uint32_t*)0x00008090)
  15:../src/main.c **** 
  16:../src/main.c **** //
  17:../src/main.c **** //#define rgb_r_out				(*(volatile uint32_t*)0x00008090)
  18:../src/main.c **** //#define rgb_g_out				(*(volatile uint32_t*)0x000080A0)
  19:../src/main.c **** //#define rgb_b_out				(*(volatile uint32_t*)0x000080B0)
  20:../src/main.c **** 
  21:../src/main.c **** //系统时钟↓
  22:../src/main.c **** #define SYSTEM_CNT_M			50			//系统时钟单位：MHz
  23:../src/main.c **** 
  24:../src/main.c **** #define SYSTEM_CLOCK			SYSTEM_CNT_M*1000000UL
  25:../src/main.c **** #define BAUND_9600				((SYSTEM_CLOCK)/9600)
  26:../src/main.c **** #define BAUND_115200			(SYSTEM_CLOCK/115200)
  27:../src/main.c **** #define GPIO_DATA				0xaa55
  28:../src/main.c **** #define LED_DELAY				500000UL
  29:../src/main.c **** 
  30:../src/main.c **** 
  31:../src/main.c **** int temp_data = 0;
  32:../src/main.c **** int uart_data = 0;
  33:../src/main.c **** int delaycnt = 0;
  34:../src/main.c **** long rgb_data = 0xffcc11;//这里更改颜色，前两位r中间g后两位b
  35:../src/main.c **** long rgb_data_get_test = 0;
  36:../src/main.c **** 
  37:../src/main.c **** void led_blink(void);
  38:../src/main.c **** /********************************************************************
  39:../src/main.c ****  ** 函数名称：led_blink
  40:../src/main.c ****  ** 函数功能：led blin测试（采用计数器的方式）
  41:../src/main.c ****  ** 输入参数：无
  42:../src/main.c ****  ** 输出参数：无
  43:../src/main.c ****  ** 返回参数：无
  44:../src/main.c ****  ********************************************************************/
  45:../src/main.c **** void led_blink(void)
  46:../src/main.c **** {
  13              		.loc 1 46 0
  14              		.cfi_startproc
  47:../src/main.c **** //	long rgb_count = 0;
  48:../src/main.c **** //	char c;
  49:../src/main.c **** //	int cnt = 0;
  50:../src/main.c **** //	int count = 0;
  51:../src/main.c **** //	temp_data = *gpio_point;
  52:../src/main.c **** //	if(GPIO_DATA == temp_data)
  53:../src/main.c **** //	{
  54:../src/main.c **** //		printk("gpio success\n");
  55:../src/main.c **** //	}
  56:../src/main.c **** //	else
  57:../src/main.c **** //	{
  58:../src/main.c **** //		printk("gpio failed\n");
  59:../src/main.c **** //	}
  60:../src/main.c **** //
  61:../src/main.c **** //	led_address = 0xff;
  62:../src/main.c **** //	while(1)
  63:../src/main.c **** //	{
  64:../src/main.c **** //		cnt++;
  65:../src/main.c **** //		if(cnt == LED_DELAY / 2)
  66:../src/main.c **** //		{
  67:../src/main.c **** //			count++;
  68:../src/main.c **** //
  69:../src/main.c **** //
  70:../src/main.c **** ////			printk("%s",get_uart_data);
  71:../src/main.c **** ////			led_address = 0x00;
  72:../src/main.c **** //			printk("half\n");
  73:../src/main.c **** //			printk("%x,%d\n",rgb_data,count);
  74:../src/main.c **** //		}
  75:../src/main.c **** //		else if(cnt == LED_DELAY)
  76:../src/main.c **** //		{
  77:../src/main.c **** //			cnt = 0;
  78:../src/main.c **** ////			rgb_data_get_test = *rgb_point;
  79:../src/main.c **** //			if (rgb_data_get_test == rgb_data)
  80:../src/main.c **** //				printk("risc-v has found rgb_adress");
  81:../src/main.c **** //			else printk("%x",rgb_data_get_test);
  82:../src/main.c **** //		}
  83:../src/main.c **** //		rgb_out_address = rgb_data;
  84:../src/main.c **** //	}
  85:../src/main.c **** }
  15              		.loc 1 85 0
  16 0000 8280     		ret
  17              		.cfi_endproc
  18              	.LFE1:
  20              		.section	.text.gpio_test,"ax",@progbits
  21              		.align	1
  22              		.globl	gpio_test
  24              	gpio_test:
  25              	.LFB2:
  86:../src/main.c **** 
  87:../src/main.c **** //void ps2_test(){
  88:../src/main.c **** //	int getps2 = *ps2ctrl_point;
  89:../src/main.c **** //	printk("getps2 = %d\n",getps2);
  90:../src/main.c **** //}
  91:../src/main.c **** 
  92:../src/main.c **** void gpio_test(){
  26              		.loc 1 92 0
  27              		.cfi_startproc
  28              	.LVL0:
  93:../src/main.c **** 	int count = 0;
  94:../src/main.c **** 	temp_data = *gpio_point;
  29              		.loc 1 94 0
  30 0000 B7070400 		li	a5,262144
  31 0004 985B     		lw	a4,48(a5)
  32 0006 B7070000 		lui	a5,%hi(.LANCHOR0)
  92:../src/main.c **** 	int count = 0;
  33              		.loc 1 92 0
  34 000a 4111     		addi	sp,sp,-16
  35              		.cfi_def_cfa_offset 16
  36              		.loc 1 94 0
  37 000c 23A0E700 		sw	a4,%lo(.LANCHOR0)(a5)
  95:../src/main.c **** 	if(GPIO_DATA == temp_data)
  38              		.loc 1 95 0
  39 0010 AD67     		li	a5,45056
  92:../src/main.c **** 	int count = 0;
  40              		.loc 1 92 0
  41 0012 06C6     		sw	ra,12(sp)
  42 0014 22C4     		sw	s0,8(sp)
  43              		.cfi_offset 1, -4
  44              		.cfi_offset 8, -8
  45              		.loc 1 95 0
  46 0016 938757A5 		addi	a5,a5,-1451
  47 001a 6303F702 		beq	a4,a5,.L8
  96:../src/main.c **** 	{
  97:../src/main.c **** 		printk("gpio success\n");
  98:../src/main.c **** 	}
  99:../src/main.c **** 	else
 100:../src/main.c **** 	{
 101:../src/main.c **** 		printk("gpio failed\n");
  48              		.loc 1 101 0
  49 001e 37050000 		lui	a0,%hi(.LC1)
  50 0022 13050500 		addi	a0,a0,%lo(.LC1)
  51 0026 97000000 		call	printk
  51      E7800000 
  52              	.LVL1:
  53              	.L6:
  54 002e 37040000 		lui	s0,%hi(.LC2)
  55              	.L5:
 102:../src/main.c **** 	}
 103:../src/main.c **** 	while(1){
 104:../src/main.c **** 		count++;
 105:../src/main.c **** 		if(count == 10000){
 106:../src/main.c **** 			count = 0;
 107:../src/main.c **** 			printk("test\n");
  56              		.loc 1 107 0
  57 0032 13050400 		addi	a0,s0,%lo(.LC2)
  58 0036 97000000 		call	printk
  58      E7800000 
  59              	.LVL2:
  60 003e D5BF     		j	.L5
  61              	.L8:
  97:../src/main.c **** 	}
  62              		.loc 1 97 0
  63 0040 37050000 		lui	a0,%hi(.LC0)
  64 0044 13050500 		addi	a0,a0,%lo(.LC0)
  65 0048 97000000 		call	printk
  65      E7800000 
  66              	.LVL3:
  67 0050 F9BF     		j	.L6
  68              		.cfi_endproc
  69              	.LFE2:
  71              		.section	.text.startup.main,"ax",@progbits
  72              		.align	1
  73              		.globl	main
  75              	main:
  76              	.LFB3:
 108:../src/main.c **** 		}
 109:../src/main.c **** 	}
 110:../src/main.c **** }
 111:../src/main.c **** 
 112:../src/main.c **** 
 113:../src/main.c **** //void rgb_test(){
 114:../src/main.c **** //	int addr = 0;
 115:../src/main.c **** //	int data = 0;
 116:../src/main.c **** //	int cut = 0;
 117:../src/main.c **** //	data= POINT;
 118:../src/main.c **** //	ram_address = addr;
 119:../src/main.c **** //	ram_data_address = data;
 120:../src/main.c **** //	delay(DELAY_CUT,1,1);
 121:../src/main.c **** //	delay(DELAY_CUT,2,1);
 122:../src/main.c **** //	clear_point(1,1);
 123:../src/main.c **** //	delay(DELAY_CUT,18,21);
 124:../src/main.c **** //	delay(DELAY_CUT,3,1);
 125:../src/main.c **** //	clear_point(2,1);
 126:../src/main.c **** //	delay(DELAY_CUT,4,1);
 127:../src/main.c **** //	clear_point(3,1);
 128:../src/main.c **** //	delay(DELAY_CUT,5,1);
 129:../src/main.c **** //	clear_point(4,1);
 130:../src/main.c **** //	delay(DELAY_CUT,6,1);
 131:../src/main.c **** //	clear_point(5,1);
 132:../src/main.c **** //	while(1){
 133:../src/main.c **** //		cut++;
 134:../src/main.c **** //		if(cut==1000000){
 135:../src/main.c **** //			cut = 0;
 136:../src/main.c **** //			addr++;
 137:../src/main.c **** //			printk("addr:%x",addr);
 138:../src/main.c **** //		}
 139:../src/main.c **** //		ram_address = addr;
 140:../src/main.c **** //		ram_data_address = 0b00100011;
 141:../src/main.c **** //	}
 142:../src/main.c **** //}
 143:../src/main.c **** 
 144:../src/main.c **** //void block_test(){
 145:../src/main.c **** //	draw_c(8,5,2);
 146:../src/main.c **** //	draw_c(10,5,3);
 147:../src/main.c **** //	draw_c(12,5,4);
 148:../src/main.c **** //	draw_c(14,5,5);
 149:../src/main.c **** //	draw_c(16,5,6);
 150:../src/main.c **** //	draw_c(18,5,7);
 151:../src/main.c **** //	draw_c(20,5,5);
 152:../src/main.c **** //	draw_c(22,5,0);
 153:../src/main.c **** //}
 154:../src/main.c **** 
 155:../src/main.c **** int main(void)
 156:../src/main.c **** {
  77              		.loc 1 156 0
  78              		.cfi_startproc
  79 0000 4111     		addi	sp,sp,-16
  80              		.cfi_def_cfa_offset 16
  81 0002 06C6     		sw	ra,12(sp)
  82              		.cfi_offset 1, -4
 157:../src/main.c **** 	reg_uart_clkdiv = BAUND_115200;
  83              		.loc 1 157 0
  84 0004 B7070400 		li	a5,262144
  85 0008 1307201B 		li	a4,434
 158:../src/main.c **** 	printk("Hello Risc-V Pango 2019\n");
  86              		.loc 1 158 0
  87 000c 37050000 		lui	a0,%hi(.LC3)
 157:../src/main.c **** 	reg_uart_clkdiv = BAUND_115200;
  88              		.loc 1 157 0
  89 0010 98C3     		sw	a4,0(a5)
  90              		.loc 1 158 0
  91 0012 13050500 		addi	a0,a0,%lo(.LC3)
  92 0016 97000000 		call	printk
  92      E7800000 
  93              	.LVL4:
 159:../src/main.c **** 	printk("test data = %d,%f,%s,0x = %x\n", 100,33.456,"2019",100);
  94              		.loc 1 159 0
  95 001e B7070000 		lui	a5,%hi(.LC5)
  96 0022 03A60700 		lw	a2,%lo(.LC5)(a5)
  97 0026 83A64700 		lw	a3,%lo(.LC5+4)(a5)
  98 002a 37070000 		lui	a4,%hi(.LC4)
  99 002e 37050000 		lui	a0,%hi(.LC6)
 100 0032 93074006 		li	a5,100
 101 0036 13070700 		addi	a4,a4,%lo(.LC4)
 102 003a 93054006 		li	a1,100
 103 003e 13050500 		addi	a0,a0,%lo(.LC6)
 104 0042 97000000 		call	printk
 104      E7800000 
 105              	.LVL5:
 160:../src/main.c **** 	printk("simple compute : 50*10 = %d,100/3 = %f,100%3 = %d\n", 50*10,(double)100/3,(int)100%3);
 106              		.loc 1 160 0
 107 004a B7070000 		lui	a5,%hi(.LC7)
 108 004e 03A60700 		lw	a2,%lo(.LC7)(a5)
 109 0052 83A64700 		lw	a3,%lo(.LC7+4)(a5)
 110 0056 37050000 		lui	a0,%hi(.LC8)
 111 005a 0547     		li	a4,1
 112 005c 9305401F 		li	a1,500
 113 0060 13050500 		addi	a0,a0,%lo(.LC8)
 114 0064 97000000 		call	printk
 114      E7800000 
 115              	.LVL6:
 161:../src/main.c **** 	printk("test/n");
 116              		.loc 1 161 0
 117 006c 37050000 		lui	a0,%hi(.LC9)
 118 0070 13050500 		addi	a0,a0,%lo(.LC9)
 119 0074 97000000 		call	printk
 119      E7800000 
 120              	.LVL7:
 162:../src/main.c **** //	gpio_test();
 163:../src/main.c **** //	rgb_test();
 164:../src/main.c **** //	delay(10000,40,15);
 165:../src/main.c **** //	clear_point(40,15);
 166:../src/main.c **** //	ps2_test();
 167:../src/main.c **** //	block_test();
 168:../src/main.c **** //loop:
 169:../src/main.c **** //	SnakeGameStart();
 170:../src/main.c **** //	goto loop;
 171:../src/main.c **** 
 172:../src/main.c **** 	if(0!=InfoNES_Load(NULL))
 121              		.loc 1 172 0
 122 007c 0145     		li	a0,0
 123 007e 97000000 		call	InfoNES_Load
 123      E7800000 
 124              	.LVL8:
 125 0086 0DE1     		bnez	a0,.L13
 173:../src/main.c **** 		{
 174:../src/main.c **** 			printk("start failed!");
 175:../src/main.c **** 		}
 176:../src/main.c **** 		else
 177:../src/main.c **** 		{
 178:../src/main.c **** 			printk("start success!");
 126              		.loc 1 178 0
 127 0088 37050000 		lui	a0,%hi(.LC11)
 128 008c 13050500 		addi	a0,a0,%lo(.LC11)
 129 0090 97000000 		call	printk
 129      E7800000 
 130              	.LVL9:
 179:../src/main.c **** 			InfoNES_Main();
 131              		.loc 1 179 0
 132 0098 97000000 		call	InfoNES_Main
 132      E7800000 
 133              	.LVL10:
 134              	.L11:
 180:../src/main.c **** 		}
 181:../src/main.c **** 	return 0;
 182:../src/main.c **** }
 135              		.loc 1 182 0
 136 00a0 B240     		lw	ra,12(sp)
 137              		.cfi_remember_state
 138              		.cfi_restore 1
 139 00a2 0145     		li	a0,0
 140 00a4 4101     		addi	sp,sp,16
 141              		.cfi_def_cfa_offset 0
 142 00a6 8280     		jr	ra
 143              	.L13:
 144              		.cfi_restore_state
 174:../src/main.c **** 		}
 145              		.loc 1 174 0
 146 00a8 37050000 		lui	a0,%hi(.LC10)
 147 00ac 13050500 		addi	a0,a0,%lo(.LC10)
 148 00b0 97000000 		call	printk
 148      E7800000 
 149              	.LVL11:
 150 00b8 E5B7     		j	.L11
 151              		.cfi_endproc
 152              	.LFE3:
 154              		.globl	rgb_data_get_test
 155              		.globl	rgb_data
 156              		.globl	delaycnt
 157              		.globl	uart_data
 158              		.globl	temp_data
 159              		.section	.rodata.gpio_test.str1.4,"aMS",@progbits,1
 160              		.align	2
 161              	.LC0:
 162 0000 6770696F 		.string	"gpio success\n"
 162      20737563 
 162      63657373 
 162      0A00
 163 000e 0000     		.zero	2
 164              	.LC1:
 165 0010 6770696F 		.string	"gpio failed\n"
 165      20666169 
 165      6C65640A 
 165      00
 166 001d 000000   		.zero	3
 167              	.LC2:
 168 0020 74657374 		.string	"test\n"
 168      0A00
 169              		.section	.rodata.main.cst8,"aM",@progbits,8
 170              		.align	3
 171              	.LC5:
 172 0000 EE7C3F35 		.word	893353198
 173 0004 5EBA4040 		.word	1077983838
 174              	.LC7:
 175 0008 ABAAAAAA 		.word	-1431655765
 176 000c AAAA4040 		.word	1077979818
 177              		.section	.rodata.main.str1.4,"aMS",@progbits,1
 178              		.align	2
 179              	.LC3:
 180 0000 48656C6C 		.string	"Hello Risc-V Pango 2019\n"
 180      6F205269 
 180      73632D56 
 180      2050616E 
 180      676F2032 
 181 0019 000000   		.zero	3
 182              	.LC4:
 183 001c 32303139 		.string	"2019"
 183      00
 184 0021 000000   		.zero	3
 185              	.LC6:
 186 0024 74657374 		.string	"test data = %d,%f,%s,0x = %x\n"
 186      20646174 
 186      61203D20 
 186      25642C25 
 186      662C2573 
 187 0042 0000     		.zero	2
 188              	.LC8:
 189 0044 73696D70 		.string	"simple compute : 50*10 = %d,100/3 = %f,100%3 = %d\n"
 189      6C652063 
 189      6F6D7075 
 189      7465203A 
 189      2035302A 
 190 0077 00       		.zero	1
 191              	.LC9:
 192 0078 74657374 		.string	"test/n"
 192      2F6E00
 193 007f 00       		.zero	1
 194              	.LC10:
 195 0080 73746172 		.string	"start failed!"
 195      74206661 
 195      696C6564 
 195      2100
 196 008e 0000     		.zero	2
 197              	.LC11:
 198 0090 73746172 		.string	"start success!"
 198      74207375 
 198      63636573 
 198      732100
 199              		.section	.sbss.delaycnt,"aw",@nobits
 200              		.align	2
 203              	delaycnt:
 204 0000 00000000 		.zero	4
 205              		.section	.sbss.rgb_data_get_test,"aw",@nobits
 206              		.align	2
 209              	rgb_data_get_test:
 210 0000 00000000 		.zero	4
 211              		.section	.sbss.temp_data,"aw",@nobits
 212              		.align	2
 213              		.set	.LANCHOR0,. + 0
 216              	temp_data:
 217 0000 00000000 		.zero	4
 218              		.section	.sbss.uart_data,"aw",@nobits
 219              		.align	2
 222              	uart_data:
 223 0000 00000000 		.zero	4
 224              		.section	.sdata.rgb_data,"aw",@progbits
 225              		.align	2
 228              	rgb_data:
 229 0000 11CCFF00 		.word	16763921
 230              		.text
 231              	.Letext0:
 232              		.file 2 "d:\\hummingbird\\hbird-eclipse_2018_09\\gnu mcu eclipse\\risc-v embedded gcc\\7.2.0-4-201
 233              		.file 3 "d:\\hummingbird\\hbird-eclipse_2018_09\\gnu mcu eclipse\\risc-v embedded gcc\\7.2.0-4-201
 234              		.file 4 "d:\\hummingbird\\hbird-eclipse_2018_09\\gnu mcu eclipse\\risc-v embedded gcc\\7.2.0-4-201
 235              		.file 5 "d:\\hummingbird\\hbird-eclipse_2018_09\\gnu mcu eclipse\\risc-v embedded gcc\\7.2.0-4-201
 236              		.file 6 "d:\\hummingbird\\hbird-eclipse_2018_09\\gnu mcu eclipse\\risc-v embedded gcc\\7.2.0-4-201
 237              		.file 7 "d:\\hummingbird\\hbird-eclipse_2018_09\\gnu mcu eclipse\\risc-v embedded gcc\\7.2.0-4-201
 238              		.file 8 "../src/nes/InfoNES_Types.h"
 239              		.file 9 "../src/nes/infoNES.h"
 240              		.file 10 "../src/uart.h"
DEFINED SYMBOLS
                            *ABS*:0000000000000000 main.c
C:\Users\rana\AppData\Local\Temp\ccbiGKuY.s:10     .text.led_blink:0000000000000000 led_blink
C:\Users\rana\AppData\Local\Temp\ccbiGKuY.s:14     .text.led_blink:0000000000000000 .L0 
C:\Users\rana\AppData\Local\Temp\ccbiGKuY.s:15     .text.led_blink:0000000000000000 .L0 
C:\Users\rana\AppData\Local\Temp\ccbiGKuY.s:16     .text.led_blink:0000000000000000 .L0 
C:\Users\rana\AppData\Local\Temp\ccbiGKuY.s:17     .text.led_blink:0000000000000002 .L0 
C:\Users\rana\AppData\Local\Temp\ccbiGKuY.s:24     .text.gpio_test:0000000000000000 gpio_test
C:\Users\rana\AppData\Local\Temp\ccbiGKuY.s:27     .text.gpio_test:0000000000000000 .L0 
C:\Users\rana\AppData\Local\Temp\ccbiGKuY.s:29     .text.gpio_test:0000000000000000 .L0 
C:\Users\rana\AppData\Local\Temp\ccbiGKuY.s:30     .text.gpio_test:0000000000000000 .L0 
C:\Users\rana\AppData\Local\Temp\ccbiGKuY.s:34     .text.gpio_test:000000000000000a .L0 
C:\Users\rana\AppData\Local\Temp\ccbiGKuY.s:35     .text.gpio_test:000000000000000c .L0 
C:\Users\rana\AppData\Local\Temp\ccbiGKuY.s:37     .text.gpio_test:000000000000000c .L0 
C:\Users\rana\AppData\Local\Temp\ccbiGKuY.s:39     .text.gpio_test:0000000000000010 .L0 
C:\Users\rana\AppData\Local\Temp\ccbiGKuY.s:41     .text.gpio_test:0000000000000012 .L0 
C:\Users\rana\AppData\Local\Temp\ccbiGKuY.s:43     .text.gpio_test:0000000000000016 .L0 
C:\Users\rana\AppData\Local\Temp\ccbiGKuY.s:44     .text.gpio_test:0000000000000016 .L0 
C:\Users\rana\AppData\Local\Temp\ccbiGKuY.s:46     .text.gpio_test:0000000000000016 .L0 
C:\Users\rana\AppData\Local\Temp\ccbiGKuY.s:49     .text.gpio_test:000000000000001e .L0 
C:\Users\rana\AppData\Local\Temp\ccbiGKuY.s:57     .text.gpio_test:0000000000000032 .L0 
C:\Users\rana\AppData\Local\Temp\ccbiGKuY.s:63     .text.gpio_test:0000000000000040 .L0 
C:\Users\rana\AppData\Local\Temp\ccbiGKuY.s:68     .text.gpio_test:0000000000000052 .L0 
C:\Users\rana\AppData\Local\Temp\ccbiGKuY.s:75     .text.startup.main:0000000000000000 main
C:\Users\rana\AppData\Local\Temp\ccbiGKuY.s:78     .text.startup.main:0000000000000000 .L0 
C:\Users\rana\AppData\Local\Temp\ccbiGKuY.s:79     .text.startup.main:0000000000000000 .L0 
C:\Users\rana\AppData\Local\Temp\ccbiGKuY.s:80     .text.startup.main:0000000000000002 .L0 
C:\Users\rana\AppData\Local\Temp\ccbiGKuY.s:82     .text.startup.main:0000000000000004 .L0 
C:\Users\rana\AppData\Local\Temp\ccbiGKuY.s:84     .text.startup.main:0000000000000004 .L0 
C:\Users\rana\AppData\Local\Temp\ccbiGKuY.s:87     .text.startup.main:000000000000000c .L0 
C:\Users\rana\AppData\Local\Temp\ccbiGKuY.s:89     .text.startup.main:0000000000000010 .L0 
C:\Users\rana\AppData\Local\Temp\ccbiGKuY.s:91     .text.startup.main:0000000000000012 .L0 
C:\Users\rana\AppData\Local\Temp\ccbiGKuY.s:95     .text.startup.main:000000000000001e .L0 
C:\Users\rana\AppData\Local\Temp\ccbiGKuY.s:107    .text.startup.main:000000000000004a .L0 
C:\Users\rana\AppData\Local\Temp\ccbiGKuY.s:117    .text.startup.main:000000000000006c .L0 
C:\Users\rana\AppData\Local\Temp\ccbiGKuY.s:122    .text.startup.main:000000000000007c .L0 
C:\Users\rana\AppData\Local\Temp\ccbiGKuY.s:127    .text.startup.main:0000000000000088 .L0 
C:\Users\rana\AppData\Local\Temp\ccbiGKuY.s:132    .text.startup.main:0000000000000098 .L0 
C:\Users\rana\AppData\Local\Temp\ccbiGKuY.s:136    .text.startup.main:00000000000000a0 .L0 
C:\Users\rana\AppData\Local\Temp\ccbiGKuY.s:137    .text.startup.main:00000000000000a2 .L0 
C:\Users\rana\AppData\Local\Temp\ccbiGKuY.s:138    .text.startup.main:00000000000000a2 .L0 
C:\Users\rana\AppData\Local\Temp\ccbiGKuY.s:141    .text.startup.main:00000000000000a6 .L0 
C:\Users\rana\AppData\Local\Temp\ccbiGKuY.s:144    .text.startup.main:00000000000000a8 .L0 
C:\Users\rana\AppData\Local\Temp\ccbiGKuY.s:146    .text.startup.main:00000000000000a8 .L0 
C:\Users\rana\AppData\Local\Temp\ccbiGKuY.s:151    .text.startup.main:00000000000000ba .L0 
C:\Users\rana\AppData\Local\Temp\ccbiGKuY.s:209    .sbss.rgb_data_get_test:0000000000000000 rgb_data_get_test
C:\Users\rana\AppData\Local\Temp\ccbiGKuY.s:228    .sdata.rgb_data:0000000000000000 rgb_data
C:\Users\rana\AppData\Local\Temp\ccbiGKuY.s:203    .sbss.delaycnt:0000000000000000 delaycnt
C:\Users\rana\AppData\Local\Temp\ccbiGKuY.s:222    .sbss.uart_data:0000000000000000 uart_data
C:\Users\rana\AppData\Local\Temp\ccbiGKuY.s:216    .sbss.temp_data:0000000000000000 temp_data
C:\Users\rana\AppData\Local\Temp\ccbiGKuY.s:213    .sbss.temp_data:0000000000000000 .LANCHOR0
C:\Users\rana\AppData\Local\Temp\ccbiGKuY.s:20     .text.led_blink:0000000000000002 .L0 
C:\Users\rana\AppData\Local\Temp\ccbiGKuY.s:71     .text.gpio_test:0000000000000052 .L0 
C:\Users\rana\AppData\Local\Temp\ccbiGKuY.s:159    .text.startup.main:00000000000000ba .L0 
                     .debug_frame:0000000000000000 .L0 
C:\Users\rana\AppData\Local\Temp\ccbiGKuY.s:164    .rodata.gpio_test.str1.4:0000000000000010 .LC1
C:\Users\rana\AppData\Local\Temp\ccbiGKuY.s:167    .rodata.gpio_test.str1.4:0000000000000020 .LC2
C:\Users\rana\AppData\Local\Temp\ccbiGKuY.s:161    .rodata.gpio_test.str1.4:0000000000000000 .LC0
C:\Users\rana\AppData\Local\Temp\ccbiGKuY.s:61     .text.gpio_test:0000000000000040 .L8
C:\Users\rana\AppData\Local\Temp\ccbiGKuY.s:55     .text.gpio_test:0000000000000032 .L5
C:\Users\rana\AppData\Local\Temp\ccbiGKuY.s:53     .text.gpio_test:000000000000002e .L6
C:\Users\rana\AppData\Local\Temp\ccbiGKuY.s:179    .rodata.main.str1.4:0000000000000000 .LC3
C:\Users\rana\AppData\Local\Temp\ccbiGKuY.s:171    .rodata.main.cst8:0000000000000000 .LC5
C:\Users\rana\AppData\Local\Temp\ccbiGKuY.s:182    .rodata.main.str1.4:000000000000001c .LC4
C:\Users\rana\AppData\Local\Temp\ccbiGKuY.s:185    .rodata.main.str1.4:0000000000000024 .LC6
C:\Users\rana\AppData\Local\Temp\ccbiGKuY.s:174    .rodata.main.cst8:0000000000000008 .LC7
C:\Users\rana\AppData\Local\Temp\ccbiGKuY.s:188    .rodata.main.str1.4:0000000000000044 .LC8
C:\Users\rana\AppData\Local\Temp\ccbiGKuY.s:191    .rodata.main.str1.4:0000000000000078 .LC9
C:\Users\rana\AppData\Local\Temp\ccbiGKuY.s:197    .rodata.main.str1.4:0000000000000090 .LC11
C:\Users\rana\AppData\Local\Temp\ccbiGKuY.s:194    .rodata.main.str1.4:0000000000000080 .LC10
C:\Users\rana\AppData\Local\Temp\ccbiGKuY.s:143    .text.startup.main:00000000000000a8 .L13
C:\Users\rana\AppData\Local\Temp\ccbiGKuY.s:134    .text.startup.main:00000000000000a0 .L11
C:\Users\rana\AppData\Local\Temp\ccbiGKuY.s:1884   .debug_abbrev:0000000000000000 .Ldebug_abbrev0
C:\Users\rana\AppData\Local\Temp\ccbiGKuY.s:2686   .debug_str:0000000000000385 .LASF190
C:\Users\rana\AppData\Local\Temp\ccbiGKuY.s:2646   .debug_str:00000000000002a4 .LASF191
C:\Users\rana\AppData\Local\Temp\ccbiGKuY.s:2514   .debug_str:000000000000000c .LASF192
C:\Users\rana\AppData\Local\Temp\ccbiGKuY.s:2500   .debug_ranges:0000000000000000 .Ldebug_ranges0
C:\Users\rana\AppData\Local\Temp\ccbiGKuY.s:2510   .debug_line:0000000000000000 .Ldebug_line0
C:\Users\rana\AppData\Local\Temp\ccbiGKuY.s:2570   .debug_str:0000000000000150 .LASF0
C:\Users\rana\AppData\Local\Temp\ccbiGKuY.s:2748   .debug_str:0000000000000543 .LASF1
C:\Users\rana\AppData\Local\Temp\ccbiGKuY.s:2760   .debug_str:0000000000000583 .LASF2
C:\Users\rana\AppData\Local\Temp\ccbiGKuY.s:2674   .debug_str:0000000000000342 .LASF3
C:\Users\rana\AppData\Local\Temp\ccbiGKuY.s:2590   .debug_str:00000000000001aa .LASF4
C:\Users\rana\AppData\Local\Temp\ccbiGKuY.s:2624   .debug_str:0000000000000245 .LASF9
C:\Users\rana\AppData\Local\Temp\ccbiGKuY.s:2662   .debug_str:0000000000000301 .LASF5
C:\Users\rana\AppData\Local\Temp\ccbiGKuY.s:2568   .debug_str:0000000000000142 .LASF6
C:\Users\rana\AppData\Local\Temp\ccbiGKuY.s:2548   .debug_str:00000000000000c5 .LASF7
C:\Users\rana\AppData\Local\Temp\ccbiGKuY.s:2648   .debug_str:00000000000002b2 .LASF8
C:\Users\rana\AppData\Local\Temp\ccbiGKuY.s:2802   .debug_str:0000000000000646 .LASF10
C:\Users\rana\AppData\Local\Temp\ccbiGKuY.s:2712   .debug_str:0000000000000490 .LASF11
C:\Users\rana\AppData\Local\Temp\ccbiGKuY.s:2738   .debug_str:0000000000000504 .LASF12
C:\Users\rana\AppData\Local\Temp\ccbiGKuY.s:2728   .debug_str:00000000000004d7 .LASF13
C:\Users\rana\AppData\Local\Temp\ccbiGKuY.s:2808   .debug_str:0000000000000661 .LASF14
C:\Users\rana\AppData\Local\Temp\ccbiGKuY.s:2856   .debug_str:0000000000000743 .LASF15
C:\Users\rana\AppData\Local\Temp\ccbiGKuY.s:2688   .debug_str:0000000000000427 .LASF16
C:\Users\rana\AppData\Local\Temp\ccbiGKuY.s:2684   .debug_str:000000000000037f .LASF17
C:\Users\rana\AppData\Local\Temp\ccbiGKuY.s:2652   .debug_str:00000000000002d1 .LASF18
C:\Users\rana\AppData\Local\Temp\ccbiGKuY.s:2800   .debug_str:000000000000063e .LASF19
C:\Users\rana\AppData\Local\Temp\ccbiGKuY.s:2828   .debug_str:00000000000006c2 .LASF20
C:\Users\rana\AppData\Local\Temp\ccbiGKuY.s:2770   .debug_str:00000000000005ab .LASF21
C:\Users\rana\AppData\Local\Temp\ccbiGKuY.s:2630   .debug_str:0000000000000262 .LASF22
C:\Users\rana\AppData\Local\Temp\ccbiGKuY.s:2836   .debug_str:00000000000006e1 .LASF23
C:\Users\rana\AppData\Local\Temp\ccbiGKuY.s:2634   .debug_str:0000000000000273 .LASF28
C:\Users\rana\AppData\Local\Temp\ccbiGKuY.s:2824   .debug_str:00000000000006af .LASF24
C:\Users\rana\AppData\Local\Temp\ccbiGKuY.s:2792   .debug_str:000000000000061d .LASF25
C:\Users\rana\AppData\Local\Temp\ccbiGKuY.s:2628   .debug_str:000000000000025c .LASF26
C:\Users\rana\AppData\Local\Temp\ccbiGKuY.s:2850   .debug_str:000000000000072e .LASF27
C:\Users\rana\AppData\Local\Temp\ccbiGKuY.s:2644   .debug_str:000000000000029f .LASF29
C:\Users\rana\AppData\Local\Temp\ccbiGKuY.s:2564   .debug_str:0000000000000130 .LASF30
C:\Users\rana\AppData\Local\Temp\ccbiGKuY.s:2816   .debug_str:0000000000000687 .LASF31
C:\Users\rana\AppData\Local\Temp\ccbiGKuY.s:2580   .debug_str:000000000000017d .LASF32
C:\Users\rana\AppData\Local\Temp\ccbiGKuY.s:2904   .debug_str:0000000000000822 .LASF33
C:\Users\rana\AppData\Local\Temp\ccbiGKuY.s:2722   .debug_str:00000000000004bb .LASF34
C:\Users\rana\AppData\Local\Temp\ccbiGKuY.s:2708   .debug_str:000000000000047d .LASF35
C:\Users\rana\AppData\Local\Temp\ccbiGKuY.s:2852   .debug_str:0000000000000733 .LASF36
C:\Users\rana\AppData\Local\Temp\ccbiGKuY.s:2762   .debug_str:000000000000058d .LASF37
C:\Users\rana\AppData\Local\Temp\ccbiGKuY.s:2878   .debug_str:00000000000007a8 .LASF38
C:\Users\rana\AppData\Local\Temp\ccbiGKuY.s:2584   .debug_str:000000000000018c .LASF39
C:\Users\rana\AppData\Local\Temp\ccbiGKuY.s:2616   .debug_str:0000000000000228 .LASF40
C:\Users\rana\AppData\Local\Temp\ccbiGKuY.s:2512   .debug_str:0000000000000000 .LASF41
C:\Users\rana\AppData\Local\Temp\ccbiGKuY.s:2830   .debug_str:00000000000006ca .LASF42
C:\Users\rana\AppData\Local\Temp\ccbiGKuY.s:2596   .debug_str:00000000000001c1 .LASF43
C:\Users\rana\AppData\Local\Temp\ccbiGKuY.s:2724   .debug_str:00000000000004c4 .LASF44
C:\Users\rana\AppData\Local\Temp\ccbiGKuY.s:2784   .debug_str:00000000000005ed .LASF45
C:\Users\rana\AppData\Local\Temp\ccbiGKuY.s:2620   .debug_str:0000000000000238 .LASF46
C:\Users\rana\AppData\Local\Temp\ccbiGKuY.s:2764   .debug_str:0000000000000597 .LASF47
C:\Users\rana\AppData\Local\Temp\ccbiGKuY.s:2576   .debug_str:000000000000016b .LASF48
C:\Users\rana\AppData\Local\Temp\ccbiGKuY.s:2522   .debug_str:0000000000000050 .LASF49
C:\Users\rana\AppData\Local\Temp\ccbiGKuY.s:2772   .debug_str:00000000000005b6 .LASF50
C:\Users\rana\AppData\Local\Temp\ccbiGKuY.s:2594   .debug_str:00000000000001ba .LASF51
C:\Users\rana\AppData\Local\Temp\ccbiGKuY.s:2664   .debug_str:0000000000000313 .LASF52
C:\Users\rana\AppData\Local\Temp\ccbiGKuY.s:2550   .debug_str:00000000000000dc .LASF53
C:\Users\rana\AppData\Local\Temp\ccbiGKuY.s:2586   .debug_str:000000000000019a .LASF54
C:\Users\rana\AppData\Local\Temp\ccbiGKuY.s:2640   .debug_str:000000000000028f .LASF55
C:\Users\rana\AppData\Local\Temp\ccbiGKuY.s:2706   .debug_str:0000000000000476 .LASF56
C:\Users\rana\AppData\Local\Temp\ccbiGKuY.s:2804   .debug_str:000000000000064f .LASF57
C:\Users\rana\AppData\Local\Temp\ccbiGKuY.s:2882   .debug_str:00000000000007c2 .LASF58
C:\Users\rana\AppData\Local\Temp\ccbiGKuY.s:2572   .debug_str:000000000000015c .LASF59
C:\Users\rana\AppData\Local\Temp\ccbiGKuY.s:2868   .debug_str:0000000000000780 .LASF60
C:\Users\rana\AppData\Local\Temp\ccbiGKuY.s:2602   .debug_str:00000000000001d5 .LASF61
C:\Users\rana\AppData\Local\Temp\ccbiGKuY.s:2610   .debug_str:0000000000000201 .LASF62
C:\Users\rana\AppData\Local\Temp\ccbiGKuY.s:2540   .debug_str:0000000000000098 .LASF63
C:\Users\rana\AppData\Local\Temp\ccbiGKuY.s:2692   .debug_str:0000000000000438 .LASF64
C:\Users\rana\AppData\Local\Temp\ccbiGKuY.s:2774   .debug_str:00000000000005be .LASF65
C:\Users\rana\AppData\Local\Temp\ccbiGKuY.s:2696   .debug_str:0000000000000448 .LASF66
C:\Users\rana\AppData\Local\Temp\ccbiGKuY.s:2794   .debug_str:0000000000000625 .LASF67
C:\Users\rana\AppData\Local\Temp\ccbiGKuY.s:2810   .debug_str:0000000000000669 .LASF68
C:\Users\rana\AppData\Local\Temp\ccbiGKuY.s:2598   .debug_str:00000000000001c9 .LASF69
C:\Users\rana\AppData\Local\Temp\ccbiGKuY.s:2654   .debug_str:00000000000002d8 .LASF70
C:\Users\rana\AppData\Local\Temp\ccbiGKuY.s:2632   .debug_str:000000000000026b .LASF71
C:\Users\rana\AppData\Local\Temp\ccbiGKuY.s:2782   .debug_str:00000000000005e8 .LASF72
C:\Users\rana\AppData\Local\Temp\ccbiGKuY.s:2532   .debug_str:0000000000000073 .LASF73
C:\Users\rana\AppData\Local\Temp\ccbiGKuY.s:2790   .debug_str:0000000000000604 .LASF74
C:\Users\rana\AppData\Local\Temp\ccbiGKuY.s:2786   .debug_str:00000000000005f2 .LASF75
C:\Users\rana\AppData\Local\Temp\ccbiGKuY.s:2726   .debug_str:00000000000004cc .LASF76
C:\Users\rana\AppData\Local\Temp\ccbiGKuY.s:2788   .debug_str:00000000000005fa .LASF77
C:\Users\rana\AppData\Local\Temp\ccbiGKuY.s:2682   .debug_str:0000000000000377 .LASF78
C:\Users\rana\AppData\Local\Temp\ccbiGKuY.s:2642   .debug_str:0000000000000295 .LASF79
C:\Users\rana\AppData\Local\Temp\ccbiGKuY.s:2890   .debug_str:00000000000007e9 .LASF80
C:\Users\rana\AppData\Local\Temp\ccbiGKuY.s:2734   .debug_str:00000000000004f5 .LASF81
C:\Users\rana\AppData\Local\Temp\ccbiGKuY.s:2658   .debug_str:00000000000002e9 .LASF82
C:\Users\rana\AppData\Local\Temp\ccbiGKuY.s:2608   .debug_str:00000000000001f9 .LASF83
C:\Users\rana\AppData\Local\Temp\ccbiGKuY.s:2752   .debug_str:000000000000055e .LASF84
C:\Users\rana\AppData\Local\Temp\ccbiGKuY.s:2676   .debug_str:0000000000000355 .LASF85
C:\Users\rana\AppData\Local\Temp\ccbiGKuY.s:2862   .debug_str:0000000000000760 .LASF86
C:\Users\rana\AppData\Local\Temp\ccbiGKuY.s:2588   .debug_str:00000000000001a2 .LASF87
C:\Users\rana\AppData\Local\Temp\ccbiGKuY.s:2582   .debug_str:0000000000000187 .LASF88
C:\Users\rana\AppData\Local\Temp\ccbiGKuY.s:2812   .debug_str:0000000000000670 .LASF89
C:\Users\rana\AppData\Local\Temp\ccbiGKuY.s:2768   .debug_str:00000000000005a4 .LASF90
C:\Users\rana\AppData\Local\Temp\ccbiGKuY.s:2854   .debug_str:000000000000073d .LASF91
C:\Users\rana\AppData\Local\Temp\ccbiGKuY.s:2670   .debug_str:0000000000000331 .LASF92
C:\Users\rana\AppData\Local\Temp\ccbiGKuY.s:2766   .debug_str:000000000000059e .LASF93
C:\Users\rana\AppData\Local\Temp\ccbiGKuY.s:2526   .debug_str:000000000000005d .LASF94
C:\Users\rana\AppData\Local\Temp\ccbiGKuY.s:2796   .debug_str:000000000000062c .LASF95
C:\Users\rana\AppData\Local\Temp\ccbiGKuY.s:2820   .debug_str:000000000000069b .LASF96
C:\Users\rana\AppData\Local\Temp\ccbiGKuY.s:2834   .debug_str:00000000000006dc .LASF97
C:\Users\rana\AppData\Local\Temp\ccbiGKuY.s:2846   .debug_str:000000000000071c .LASF98
C:\Users\rana\AppData\Local\Temp\ccbiGKuY.s:2826   .debug_str:00000000000006b5 .LASF99
C:\Users\rana\AppData\Local\Temp\ccbiGKuY.s:2680   .debug_str:000000000000036a .LASF100
C:\Users\rana\AppData\Local\Temp\ccbiGKuY.s:2880   .debug_str:00000000000007b3 .LASF101
C:\Users\rana\AppData\Local\Temp\ccbiGKuY.s:2636   .debug_str:000000000000027b .LASF102
C:\Users\rana\AppData\Local\Temp\ccbiGKuY.s:2776   .debug_str:00000000000005c7 .LASF103
C:\Users\rana\AppData\Local\Temp\ccbiGKuY.s:2884   .debug_str:00000000000007c9 .LASF104
C:\Users\rana\AppData\Local\Temp\ccbiGKuY.s:2780   .debug_str:00000000000005db .LASF105
C:\Users\rana\AppData\Local\Temp\ccbiGKuY.s:2888   .debug_str:00000000000007db .LASF106
C:\Users\rana\AppData\Local\Temp\ccbiGKuY.s:2562   .debug_str:0000000000000122 .LASF107
C:\Users\rana\AppData\Local\Temp\ccbiGKuY.s:2858   .debug_str:000000000000074c .LASF108
C:\Users\rana\AppData\Local\Temp\ccbiGKuY.s:2678   .debug_str:000000000000035e .LASF109
C:\Users\rana\AppData\Local\Temp\ccbiGKuY.s:2838   .debug_str:00000000000006e9 .LASF110
C:\Users\rana\AppData\Local\Temp\ccbiGKuY.s:2614   .debug_str:000000000000021a .LASF111
C:\Users\rana\AppData\Local\Temp\ccbiGKuY.s:2558   .debug_str:000000000000010d .LASF112
C:\Users\rana\AppData\Local\Temp\ccbiGKuY.s:2612   .debug_str:0000000000000209 .LASF113
C:\Users\rana\AppData\Local\Temp\ccbiGKuY.s:2544   .debug_str:00000000000000a5 .LASF114
C:\Users\rana\AppData\Local\Temp\ccbiGKuY.s:2546   .debug_str:00000000000000b4 .LASF115
C:\Users\rana\AppData\Local\Temp\ccbiGKuY.s:2758   .debug_str:000000000000057a .LASF116
C:\Users\rana\AppData\Local\Temp\ccbiGKuY.s:2716   .debug_str:00000000000004a6 .LASF117
C:\Users\rana\AppData\Local\Temp\ccbiGKuY.s:2710   .debug_str:0000000000000487 .LASF118
C:\Users\rana\AppData\Local\Temp\ccbiGKuY.s:2870   .debug_str:0000000000000786 .LASF119
C:\Users\rana\AppData\Local\Temp\ccbiGKuY.s:2552   .debug_str:00000000000000e5 .LASF193
C:\Users\rana\AppData\Local\Temp\ccbiGKuY.s:2806   .debug_str:0000000000000655 .LASF120
C:\Users\rana\AppData\Local\Temp\ccbiGKuY.s:2842   .debug_str:00000000000006fe .LASF121
C:\Users\rana\AppData\Local\Temp\ccbiGKuY.s:2560   .debug_str:000000000000011c .LASF122
C:\Users\rana\AppData\Local\Temp\ccbiGKuY.s:2702   .debug_str:0000000000000467 .LASF123
C:\Users\rana\AppData\Local\Temp\ccbiGKuY.s:2638   .debug_str:000000000000028a .LASF124
C:\Users\rana\AppData\Local\Temp\ccbiGKuY.s:2518   .debug_str:0000000000000043 .LASF125
C:\Users\rana\AppData\Local\Temp\ccbiGKuY.s:2600   .debug_str:00000000000001d0 .LASF126
C:\Users\rana\AppData\Local\Temp\ccbiGKuY.s:2700   .debug_str:000000000000045e .LASF127
C:\Users\rana\AppData\Local\Temp\ccbiGKuY.s:2894   .debug_str:00000000000007f3 .LASF128
C:\Users\rana\AppData\Local\Temp\ccbiGKuY.s:2896   .debug_str:00000000000007fc .LASF129
C:\Users\rana\AppData\Local\Temp\ccbiGKuY.s:2898   .debug_str:0000000000000805 .LASF130
C:\Users\rana\AppData\Local\Temp\ccbiGKuY.s:2900   .debug_str:000000000000080e .LASF131
C:\Users\rana\AppData\Local\Temp\ccbiGKuY.s:2848   .debug_str:0000000000000729 .LASF132
C:\Users\rana\AppData\Local\Temp\ccbiGKuY.s:2736   .debug_str:00000000000004ff .LASF133
C:\Users\rana\AppData\Local\Temp\ccbiGKuY.s:2742   .debug_str:000000000000051f .LASF134
C:\Users\rana\AppData\Local\Temp\ccbiGKuY.s:2592   .debug_str:00000000000001b3 .LASF135
C:\Users\rana\AppData\Local\Temp\ccbiGKuY.s:2524   .debug_str:0000000000000056 .LASF136
C:\Users\rana\AppData\Local\Temp\ccbiGKuY.s:2542   .debug_str:000000000000009e .LASF137
C:\Users\rana\AppData\Local\Temp\ccbiGKuY.s:2528   .debug_str:0000000000000065 .LASF138
C:\Users\rana\AppData\Local\Temp\ccbiGKuY.s:2530   .debug_str:000000000000006c .LASF139
C:\Users\rana\AppData\Local\Temp\ccbiGKuY.s:2534   .debug_str:000000000000007e .LASF140
C:\Users\rana\AppData\Local\Temp\ccbiGKuY.s:2606   .debug_str:00000000000001ea .LASF141
C:\Users\rana\AppData\Local\Temp\ccbiGKuY.s:2698   .debug_str:0000000000000450 .LASF142
C:\Users\rana\AppData\Local\Temp\ccbiGKuY.s:2840   .debug_str:00000000000006f6 .LASF143
C:\Users\rana\AppData\Local\Temp\ccbiGKuY.s:2866   .debug_str:0000000000000778 .LASF144
C:\Users\rana\AppData\Local\Temp\ccbiGKuY.s:2872   .debug_str:000000000000078e .LASF145
C:\Users\rana\AppData\Local\Temp\ccbiGKuY.s:2874   .debug_str:0000000000000796 .LASF146
C:\Users\rana\AppData\Local\Temp\ccbiGKuY.s:2754   .debug_str:0000000000000563 .LASF147
C:\Users\rana\AppData\Local\Temp\ccbiGKuY.s:2554   .debug_str:00000000000000f0 .LASF148
C:\Users\rana\AppData\Local\Temp\ccbiGKuY.s:2750   .debug_str:0000000000000551 .LASF149
C:\Users\rana\AppData\Local\Temp\ccbiGKuY.s:2666   .debug_str:0000000000000319 .LASF150
C:\Users\rana\AppData\Local\Temp\ccbiGKuY.s:2744   .debug_str:0000000000000527 .LASF151
C:\Users\rana\AppData\Local\Temp\ccbiGKuY.s:2578   .debug_str:0000000000000171 .LASF152
C:\Users\rana\AppData\Local\Temp\ccbiGKuY.s:2604   .debug_str:00000000000001de .LASF153
C:\Users\rana\AppData\Local\Temp\ccbiGKuY.s:2906   .debug_str:000000000000082c .LASF154
C:\Users\rana\AppData\Local\Temp\ccbiGKuY.s:2814   .debug_str:0000000000000675 .LASF155
C:\Users\rana\AppData\Local\Temp\ccbiGKuY.s:2660   .debug_str:00000000000002f1 .LASF156
C:\Users\rana\AppData\Local\Temp\ccbiGKuY.s:2672   .debug_str:0000000000000338 .LASF157
C:\Users\rana\AppData\Local\Temp\ccbiGKuY.s:2690   .debug_str:000000000000042e .LASF158
C:\Users\rana\AppData\Local\Temp\ccbiGKuY.s:2778   .debug_str:00000000000005d2 .LASF159
C:\Users\rana\AppData\Local\Temp\ccbiGKuY.s:2538   .debug_str:000000000000008e .LASF160
C:\Users\rana\AppData\Local\Temp\ccbiGKuY.s:2822   .debug_str:00000000000006a1 .LASF161
C:\Users\rana\AppData\Local\Temp\ccbiGKuY.s:2656   .debug_str:00000000000002e0 .LASF162
C:\Users\rana\AppData\Local\Temp\ccbiGKuY.s:2730   .debug_str:00000000000004de .LASF163
C:\Users\rana\AppData\Local\Temp\ccbiGKuY.s:2756   .debug_str:000000000000056f .LASF164
C:\Users\rana\AppData\Local\Temp\ccbiGKuY.s:2844   .debug_str:0000000000000711 .LASF165
C:\Users\rana\AppData\Local\Temp\ccbiGKuY.s:2818   .debug_str:0000000000000690 .LASF166
C:\Users\rana\AppData\Local\Temp\ccbiGKuY.s:2718   .debug_str:00000000000004ad .LASF167
C:\Users\rana\AppData\Local\Temp\ccbiGKuY.s:2832   .debug_str:00000000000006d3 .LASF168
C:\Users\rana\AppData\Local\Temp\ccbiGKuY.s:2732   .debug_str:00000000000004e7 .LASF169
C:\Users\rana\AppData\Local\Temp\ccbiGKuY.s:2720   .debug_str:00000000000004b6 .LASF170
C:\Users\rana\AppData\Local\Temp\ccbiGKuY.s:2860   .debug_str:0000000000000756 .LASF171
C:\Users\rana\AppData\Local\Temp\ccbiGKuY.s:2902   .debug_str:0000000000000817 .LASF172
C:\Users\rana\AppData\Local\Temp\ccbiGKuY.s:2618   .debug_str:0000000000000230 .LASF173
C:\Users\rana\AppData\Local\Temp\ccbiGKuY.s:2622   .debug_str:000000000000023d .LASF174
C:\Users\rana\AppData\Local\Temp\ccbiGKuY.s:2694   .debug_str:000000000000043e .LASF175
C:\Users\rana\AppData\Local\Temp\ccbiGKuY.s:2704   .debug_str:000000000000046c .LASF176
C:\Users\rana\AppData\Local\Temp\ccbiGKuY.s:2740   .debug_str:0000000000000516 .LASF177
C:\Users\rana\AppData\Local\Temp\ccbiGKuY.s:2864   .debug_str:000000000000076a .LASF178
C:\Users\rana\AppData\Local\Temp\ccbiGKuY.s:2536   .debug_str:0000000000000085 .LASF179
C:\Users\rana\AppData\Local\Temp\ccbiGKuY.s:2626   .debug_str:0000000000000250 .LASF180
C:\Users\rana\AppData\Local\Temp\ccbiGKuY.s:2798   .debug_str:0000000000000632 .LASF181
C:\Users\rana\AppData\Local\Temp\ccbiGKuY.s:2668   .debug_str:0000000000000327 .LASF182
C:\Users\rana\AppData\Local\Temp\ccbiGKuY.s:2876   .debug_str:000000000000079e .LASF183
C:\Users\rana\AppData\Local\Temp\ccbiGKuY.s:2566   .debug_str:0000000000000139 .LASF184
C:\Users\rana\AppData\Local\Temp\ccbiGKuY.s:2574   .debug_str:0000000000000162 .LASF185
C:\Users\rana\AppData\Local\Temp\ccbiGKuY.s:2650   .debug_str:00000000000002bf .LASF186
C:\Users\rana\AppData\Local\Temp\ccbiGKuY.s:2892   .debug_str:00000000000007ee .LASF194
C:\Users\rana\AppData\Local\Temp\ccbiGKuY.s:76     .text.startup.main:0000000000000000 .LFB3
C:\Users\rana\AppData\Local\Temp\ccbiGKuY.s:152    .text.startup.main:00000000000000ba .LFE3
C:\Users\rana\AppData\Local\Temp\ccbiGKuY.s:93     .text.startup.main:000000000000001e .LVL4
C:\Users\rana\AppData\Local\Temp\ccbiGKuY.s:105    .text.startup.main:000000000000004a .LVL5
C:\Users\rana\AppData\Local\Temp\ccbiGKuY.s:115    .text.startup.main:000000000000006c .LVL6
C:\Users\rana\AppData\Local\Temp\ccbiGKuY.s:120    .text.startup.main:000000000000007c .LVL7
C:\Users\rana\AppData\Local\Temp\ccbiGKuY.s:124    .text.startup.main:0000000000000086 .LVL8
C:\Users\rana\AppData\Local\Temp\ccbiGKuY.s:130    .text.startup.main:0000000000000098 .LVL9
C:\Users\rana\AppData\Local\Temp\ccbiGKuY.s:133    .text.startup.main:00000000000000a0 .LVL10
C:\Users\rana\AppData\Local\Temp\ccbiGKuY.s:149    .text.startup.main:00000000000000b8 .LVL11
C:\Users\rana\AppData\Local\Temp\ccbiGKuY.s:2746   .debug_str:0000000000000539 .LASF195
C:\Users\rana\AppData\Local\Temp\ccbiGKuY.s:25     .text.gpio_test:0000000000000000 .LFB2
C:\Users\rana\AppData\Local\Temp\ccbiGKuY.s:69     .text.gpio_test:0000000000000052 .LFE2
C:\Users\rana\AppData\Local\Temp\ccbiGKuY.s:2516   .debug_str:000000000000003d .LASF196
C:\Users\rana\AppData\Local\Temp\ccbiGKuY.s:52     .text.gpio_test:000000000000002e .LVL1
C:\Users\rana\AppData\Local\Temp\ccbiGKuY.s:59     .text.gpio_test:000000000000003e .LVL2
C:\Users\rana\AppData\Local\Temp\ccbiGKuY.s:66     .text.gpio_test:0000000000000050 .LVL3
C:\Users\rana\AppData\Local\Temp\ccbiGKuY.s:2714   .debug_str:000000000000049c .LASF197
C:\Users\rana\AppData\Local\Temp\ccbiGKuY.s:11     .text.led_blink:0000000000000000 .LFB1
C:\Users\rana\AppData\Local\Temp\ccbiGKuY.s:18     .text.led_blink:0000000000000002 .LFE1
C:\Users\rana\AppData\Local\Temp\ccbiGKuY.s:2520   .debug_str:0000000000000049 .LASF187
C:\Users\rana\AppData\Local\Temp\ccbiGKuY.s:2556   .debug_str:0000000000000100 .LASF188
C:\Users\rana\AppData\Local\Temp\ccbiGKuY.s:2886   .debug_str:00000000000007ce .LASF189
C:\Users\rana\AppData\Local\Temp\ccbiGKuY.s:242    .debug_info:0000000000000000 .Ldebug_info0

UNDEFINED SYMBOLS
printk
InfoNES_Load
InfoNES_Main
